 PhysXCommon_64

 Timestamp is 6830196c (Fri May 23 15:45:00 2025)

 Preferred load address is 0000000180000000

 Start         Length     Name                   Class
 0001:00000000 000029e0H .text$di                CODE
 0001:000029e0 0011bb30H .text$mn                CODE
 0001:0011e510 00000036H .text$mn$00             CODE
 0001:0011e546 00000092H .text$x                 CODE
 0002:00000000 00000188H .idata$5                DATA
 0002:00000188 00000038H .00cfg                  DATA
 0002:000001c0 00000008H .CRT$XCA                DATA
 0002:000001c8 00001428H .CRT$XCU                DATA
 0002:000015f0 00000008H .CRT$XCZ                DATA
 0002:000015f8 00000008H .CRT$XIA                DATA
 0002:00001600 00000008H .CRT$XIZ                DATA
 0002:00001608 00000008H .CRT$XPA                DATA
 0002:00001610 00000008H .CRT$XPZ                DATA
 0002:00001618 00000008H .CRT$XTA                DATA
 0002:00001620 00000010H .CRT$XTZ                DATA
 0002:00001628 00000000H .gehcont$y              DATA
 0002:00001628 00000000H .gfids$y                DATA
 0002:00001630 00004250H .rdata                  DATA
 0002:00005880 00000000H .rdata$CastGuardVftablesA DATA
 0002:00005880 00000000H .rdata$CastGuardVftablesC DATA
 0002:00005880 00000074H .rdata$r                DATA
 0002:000058f4 00000118H .rdata$voltmd           DATA
 0002:00005a0c 000003ccH .rdata$zzzdbg           DATA
 0002:00005dd8 00000008H .rtc$IAA                DATA
 0002:00005de0 00000008H .rtc$IZZ                DATA
 0002:00005de8 00000008H .rtc$TAA                DATA
 0002:00005df0 00000008H .rtc$TZZ                DATA
 0002:00005df8 0000b430H .xdata                  DATA
 0002:00011228 00000020H .didat$2                DATA
 0002:00011248 00000020H .didat$3                DATA
 0002:00011268 00000088H .didat$4                DATA
 0002:000112f0 00000318H .didat$6                DATA
 0002:00011608 00000198H .didat$7                DATA
 0002:000117a0 0000a0dcH .edata                  DATA
 0002:0001b87c 00000078H .idata$2                DATA
 0002:0001b8f4 00000014H .idata$3                DATA
 0002:0001b908 00000188H .idata$4                DATA
 0002:0001ba90 000003daH .idata$6                DATA
 0003:00000000 00000ae0H .data                   DATA
 0003:00000ae0 00000578H .data$r                 DATA
 0003:00001058 00000020H .data$rs                DATA
 0003:00001078 00000088H .didat$5                DATA
 0003:00001100 000029a8H .bss                    DATA
 0004:00000000 00005970H .pdata                  DATA
 0005:00000000 00002208H _RDATA                  DATA
 0006:00000000 000000a0H .rsrc$01                DATA
 0006:000000a0 000004b0H .rsrc$02                DATA

  Address         Publics by Value              Rva+Base               Lib:Object

 0000:00000000       __AbsoluteZero             0000000000000000     <absolute>
 0000:00000000       ___safe_se_handler_count   0000000000000000     <absolute>
 0000:00000000       ___safe_se_handler_table   0000000000000000     <absolute>
 0000:00000000       __arm64x_extra_rfe_table   0000000000000000     <absolute>
 0000:00000000       __arm64x_extra_rfe_table_size 0000000000000000     <absolute>
 0000:00000000       __arm64x_native_entrypoint 0000000000000000     <absolute>
 0000:00000000       __arm64x_redirection_metadata 0000000000000000     <absolute>
 0000:00000000       __arm64x_redirection_metadata_count 0000000000000000     <absolute>
 0000:00000000       __dynamic_value_reloc_table 0000000000000000     <absolute>
 0000:00000000       __enclave_config           0000000000000000     <absolute>
 0000:00000000       __guard_check_icall_a64n_fptr 0000000000000000     <absolute>
 0000:00000000       __guard_eh_cont_count      0000000000000000     <absolute>
 0000:00000000       __guard_eh_cont_table      0000000000000000     <absolute>
 0000:00000000       __guard_fids_count         0000000000000000     <absolute>
 0000:00000000       __guard_fids_table         0000000000000000     <absolute>
 0000:00000000       __guard_iat_count          0000000000000000     <absolute>
 0000:00000000       __guard_iat_table          0000000000000000     <absolute>
 0000:00000000       __guard_longjmp_count      0000000000000000     <absolute>
 0000:00000000       __guard_longjmp_table      0000000000000000     <absolute>
 0000:00000000       __hybrid_auxiliary_delayload_iat 0000000000000000     <absolute>
 0000:00000000       __hybrid_auxiliary_delayload_iat_copy 0000000000000000     <absolute>
 0000:00000000       __hybrid_auxiliary_iat     0000000000000000     <absolute>
 0000:00000000       __hybrid_auxiliary_iat_copy 0000000000000000     <absolute>
 0000:00000000       __hybrid_code_map          0000000000000000     <absolute>
 0000:00000000       __hybrid_code_map_count    0000000000000000     <absolute>
 0000:00000000       __hybrid_image_info_bitfield 0000000000000000     <absolute>
 0000:00000000       __x64_code_ranges_to_entry_points 0000000000000000     <absolute>
 0000:00000000       __x64_code_ranges_to_entry_points_count 0000000000000000     <absolute>
 0000:00000100       __guard_flags              0000000000000100     <absolute>
 0000:00000000       __ImageBase                0000000180000000     <linker-defined>
 0001:000029e0       ??_ECollection@Cm@physx@@UEAAPEAXI@Z 00000001800039e0 f i CmCollection.obj
 0001:000029e0       ??_GCollection@Cm@physx@@UEAAPEAXI@Z 00000001800039e0 f i CmCollection.obj
 0001:00002a90       ??_EPxCollection@physx@@MEAAPEAXI@Z 0000000180003a90 f i CmCollection.obj
 0001:00002a90       ??_GPxCollection@physx@@MEAAPEAXI@Z 0000000180003a90 f i CmCollection.obj
 0001:00002ac0       ?PxCreateCollection@@YAPEAVPxCollection@physx@@XZ 0000000180003ac0 f   CmCollection.obj
 0001:00002bc0       ?add@Collection@Cm@physx@@UEAAXAEAVPxBase@3@_K@Z 0000000180003bc0 f   CmCollection.obj
 0001:00002cb0       ?add@Collection@Cm@physx@@UEAAXAEAVPxCollection@3@@Z 0000000180003cb0 f   CmCollection.obj
 0001:00002e50       ?addId@Collection@Cm@physx@@UEAAXAEAVPxBase@3@_K@Z 0000000180003e50 f   CmCollection.obj
 0001:00002f80       ?contains@Collection@Cm@physx@@UEBA_NAEAVPxBase@3@@Z 0000000180003f80 f   CmCollection.obj
 0001:00003030       ?create@?$HashBase@V?$Pair@$$CB_KPEAVPxBase@physx@@@shdfnd@physx@@_KU?$Hash@_K@23@UGetKey@?$HashMapBase@_KPEAVPxBase@physx@@U?$Hash@_K@shdfnd@2@VNonTrackingAllocator@42@@internal@23@VNonTrackingAllocator@23@$00@internal@shdfnd@physx@@QEAAPEAV?$Pair@$$CB_KPEAVPxBase@physx@@@34@AEB_KAEA_N@Z 0000000180004030 f i CmCollection.obj
 0001:00003030       ?create@?$HashBase@V?$Pair@QEAVPxBase@physx@@_K@shdfnd@physx@@PEAVPxBase@3@U?$Hash@PEAVPxBase@physx@@@23@UGetKey@?$HashMapBase@PEAVPxBase@physx@@_KU?$Hash@PEAVPxBase@physx@@@shdfnd@2@VNonTrackingAllocator@42@@internal@23@VNonTrackingAllocator@23@$00@internal@shdfnd@physx@@QEAAPEAV?$Pair@QEAVPxBase@physx@@_K@34@AEBQEAVPxBase@4@AEA_N@Z 0000000180004030 f i CmCollection.obj
 0001:000031c0       ?erase@?$HashBase@V?$Pair@$$CB_KPEAVPxBase@physx@@@shdfnd@physx@@_KU?$Hash@_K@23@UGetKey@?$HashMapBase@_KPEAVPxBase@physx@@U?$Hash@_K@shdfnd@2@VNonTrackingAllocator@42@@internal@23@VNonTrackingAllocator@23@$00@internal@shdfnd@physx@@QEAA_NAEB_K@Z 00000001800041c0 f i CmCollection.obj
 0001:000031c0       ?erase@?$HashBase@V?$Pair@QEAVPxBase@physx@@_K@shdfnd@physx@@PEAVPxBase@3@U?$Hash@PEAVPxBase@physx@@@23@UGetKey@?$HashMapBase@PEAVPxBase@physx@@_KU?$Hash@PEAVPxBase@physx@@@shdfnd@2@VNonTrackingAllocator@42@@internal@23@VNonTrackingAllocator@23@$00@internal@shdfnd@physx@@QEAA_NAEBQEAVPxBase@4@@Z 00000001800041c0 f i CmCollection.obj
 0001:00003360       ?find@?$HashMapBase@_KPEAVPxBase@physx@@U?$Hash@_K@shdfnd@2@VNonTrackingAllocator@42@@internal@shdfnd@physx@@QEBAPEBV?$Pair@$$CB_KPEAVPxBase@physx@@@34@AEB_K@Z 0000000180004360 f i CmCollection.obj
 0001:00003400       ?find@Collection@Cm@physx@@UEBAPEAVPxBase@3@_K@Z 0000000180004400 f   CmCollection.obj
 0001:00003430       ?getId@Collection@Cm@physx@@UEBA_KAEBVPxBase@3@@Z 0000000180004430 f   CmCollection.obj
 0001:000034e0       ?getIds@Collection@Cm@physx@@UEBAIPEA_KII@Z 00000001800044e0 f   CmCollection.obj
 0001:000035b0       ?getNbColumns@HeightField@Gu@physx@@UEBAIXZ 00000001800045b0 f   GuBounds.obj
 0001:000035b0       ?getNbIds@Collection@Cm@physx@@UEBAIXZ 00000001800045b0 f   CmCollection.obj
 0001:000035c0       ?getNbObjects@Collection@Cm@physx@@UEBAIXZ 00000001800045c0 f   CmCollection.obj
 0001:000035d0       ?getObject@Collection@Cm@physx@@UEBAAEAVPxBase@3@I@Z 00000001800045d0 f   CmCollection.obj
 0001:000035e0       ?getObjects@Collection@Cm@physx@@UEBAIPEAPEAVPxBase@3@II@Z 00000001800045e0 f   CmCollection.obj
 0001:00003620       ?release@Collection@Cm@physx@@UEAAXXZ 0000000180004620 f i CmCollection.obj
 0001:00003640       ?remove@Collection@Cm@physx@@UEAAXAEAVPxBase@3@@Z 0000000180004640 f   CmCollection.obj
 0001:00003730       ?remove@Collection@Cm@physx@@UEAAXAEAVPxCollection@3@@Z 0000000180004730 f   CmCollection.obj
 0001:00003840       ?removeId@Collection@Cm@physx@@UEAAX_K@Z 0000000180004840 f   CmCollection.obj
 0001:000038c0       ?reserveInternal@?$HashBase@V?$Pair@$$CB_KPEAVPxBase@physx@@@shdfnd@physx@@_KU?$Hash@_K@23@UGetKey@?$HashMapBase@_KPEAVPxBase@physx@@U?$Hash@_K@shdfnd@2@VNonTrackingAllocator@42@@internal@23@VNonTrackingAllocator@23@$00@internal@shdfnd@physx@@AEAAXI@Z 00000001800048c0 f i CmCollection.obj
 0001:000038c0       ?reserveInternal@?$HashBase@V?$Pair@QEAVPxBase@physx@@_K@shdfnd@physx@@PEAVPxBase@3@U?$Hash@PEAVPxBase@physx@@@23@UGetKey@?$HashMapBase@PEAVPxBase@physx@@_KU?$Hash@PEAVPxBase@physx@@@shdfnd@2@VNonTrackingAllocator@42@@internal@23@VNonTrackingAllocator@23@$00@internal@shdfnd@physx@@AEAAXI@Z 00000001800048c0 f i CmCollection.obj
 0001:00003ab0       ??0PtrTable@Cm@physx@@QEAA@W4PxEMPTY@2@@Z 0000000180004ab0 f i CmPtrTable.obj
 0001:00003ad0       ??0PtrTable@Cm@physx@@QEAA@XZ 0000000180004ad0 f   CmPtrTable.obj
 0001:00003ae0       ??1AABBTreeBuildNode@Gu@physx@@QEAA@XZ 0000000180004ae0 f   GuAABBTreeBuild.obj
 0001:00003ae0       ??1Box@Gu@physx@@QEAA@XZ   0000000180004ae0 f   GuBounds.obj
 0001:00003ae0       ??1HeightFieldData@Gu@physx@@QEAA@XZ 0000000180004ae0 f   GuBounds.obj
 0001:00003ae0       ??1MaterialIndicesStruct@physx@@QEAA@XZ 0000000180004ae0 f   GuGeometryUnion.obj
 0001:00003ae0       ??1PtrTable@Cm@physx@@QEAA@XZ 0000000180004ae0 f   CmPtrTable.obj
 0001:00003ae0       ?profile@Callback@RTree@Gu@physx@@UEAAXXZ 0000000180004ae0 f   GuMidphaseRTree.obj
 0001:00003ae0       ?requiresObjects@ConvexMesh@Gu@physx@@UEAAXAEAVPxProcessPxBaseCallback@3@@Z 0000000180004ae0 f   GuConvexMesh.obj
 0001:00003ae0       ?requiresObjects@HeightField@Gu@physx@@UEAAXAEAVPxProcessPxBaseCallback@3@@Z 0000000180004ae0 f   GuHeightField.obj
 0001:00003ae0       ?requiresObjects@TriangleMesh@Gu@physx@@UEAAXAEAVPxProcessPxBaseCallback@3@@Z 0000000180004ae0 f   GuTriangleMesh.obj
 0001:00003ae0       _guard_check_icall_nop     0000000180004ae0 f   MSVCRT:guard_support.obj
 0001:00003af0       ??4CmModuleUpdateLoader@Cm@physx@@QEAAAEAV012@AEBV012@@Z 0000000180004af0 f i CmWindowsModuleUpdateLoader.obj
 0001:00003af0       ??4MaterialIndicesStruct@physx@@QEAAAEAU01@AEBU01@@Z 0000000180004af0 f i GuGeometryUnion.obj
 0001:00003af0       ??4PtrTable@Cm@physx@@QEAAAEAU012@AEBU012@@Z 0000000180004af0 f i CmPtrTable.obj
 0001:00003b00       ?add@PtrTable@Cm@physx@@QEAAXPEAXAEAVPtrTableStorageManager@23@@Z 0000000180004b00 f   CmPtrTable.obj
 0001:00003bc0       ?clear@PtrTable@Cm@physx@@QEAAXAEAVPtrTableStorageManager@23@@Z 0000000180004bc0 f   CmPtrTable.obj
 0001:00003c40       ?exportExtraData@PtrTable@Cm@physx@@QEAAXAEAVPxSerializationContext@3@@Z 0000000180004c40 f   CmPtrTable.obj
 0001:00003c90       ?find@PtrTable@Cm@physx@@QEBAIPEBX@Z 0000000180004c90 f   CmPtrTable.obj
 0001:00003cc0       ?getBinaryMetaData@PtrTable@Cm@physx@@SAXAEAVPxOutputStream@3@@Z 0000000180004cc0 f   CmPtrTable.obj
 0001:00003e80       ?getCount@PtrTable@Cm@physx@@QEBAIXZ 0000000180004e80 f i CmPtrTable.obj
 0001:00003e90       ?getPtrs@PtrTable@Cm@physx@@QEAAPEAPEAXXZ 0000000180004e90 f i CmPtrTable.obj
 0001:00003e90       ?getPtrs@PtrTable@Cm@physx@@QEBAPEBQEAXXZ 0000000180004e90 f i CmPtrTable.obj
 0001:00003ea0       ?importExtraData@PtrTable@Cm@physx@@QEAAXAEAVPxDeserializationContext@3@@Z 0000000180004ea0 f   CmPtrTable.obj
 0001:00003ed0       ?realloc@PtrTable@Cm@physx@@AEAAXIIAEAVPtrTableStorageManager@23@@Z 0000000180004ed0 f   CmPtrTable.obj
 0001:00003f70       ?replaceWithLast@PtrTable@Cm@physx@@QEAAXIAEAVPtrTableStorageManager@23@@Z 0000000180004f70 f   CmPtrTable.obj
 0001:00004070       ??0RadixSort@Cm@physx@@QEAA@XZ 0000000180005070 f   CmRadixSort.obj
 0001:000040a0       ??1RadixSort@Cm@physx@@UEAA@XZ 00000001800050a0 f   CmRadixSort.obj
 0001:000040b0       ??_ERadixSort@Cm@physx@@UEAAPEAXI@Z 00000001800050b0 f i CmRadixSort.obj
 0001:00004140       ?GetNbHits@RadixSort@Cm@physx@@QEBAIXZ 0000000180005140 f i CmRadixSort.obj
 0001:00004150       ?GetNbTotalCalls@RadixSort@Cm@physx@@QEBAIXZ 0000000180005150 f i CmRadixSort.obj
 0001:00004160       ?GetRanks@RadixSort@Cm@physx@@QEBAPEBIXZ 0000000180005160 f i CmRadixSort.obj
 0001:00004160       ?getHeightField@HeightFieldUtil@Gu@physx@@QEBAAEBVHeightField@23@XZ 0000000180005160 f i GuCCTSweepTests.obj
 0001:00004170       ?GetRecyclable@RadixSort@Cm@physx@@QEBAPEAIXZ 0000000180005170 f i CmRadixSort.obj
 0001:00004170       ?GetValencies@BigConvexData@physx@@QEBAPEBUValency@Gu@2@XZ 0000000180005170 f i GuMetaData.obj
 0001:00004170       ?getHeightFieldGeometry@HeightFieldUtil@Gu@physx@@QEBAAEBVPxHeightFieldGeometry@3@XZ 0000000180005170 f i GuCCTSweepTests.obj
 0001:00004170       ?getPos@AABBTreeBuildNode@Gu@physx@@QEBAPEBV123@XZ 0000000180005170 f i GuAABBTreeBuild.obj
 0001:00004180       ?SetBuffers@RadixSort@Cm@physx@@QEAA_NPEAI00PEAPEAI@Z 0000000180005180 f   CmRadixSort.obj
 0001:000041c0       ?Sort@RadixSort@Cm@physx@@QEAAAEAV123@PEBIIW4RadixHint@23@@Z 00000001800051c0 f   CmRadixSort.obj
 0001:00004870       ?Sort@RadixSort@Cm@physx@@QEAAAEAV123@PEBMI@Z 0000000180005870 f   CmRadixSort.obj
 0001:00005000       ?invalidateRanks@RadixSort@Cm@physx@@QEAAXXZ 0000000180006000 f i CmRadixSort.obj
 0001:00005010       ??0RadixSortBuffered@Cm@physx@@QEAA@XZ 0000000180006010 f   CmRadixSortBuffered.obj
 0001:00005040       ??1RadixSortBuffered@Cm@physx@@UEAA@XZ 0000000180006040 f   CmRadixSortBuffered.obj
 0001:00005070       ??_ERadixSortBuffered@Cm@physx@@UEAAPEAXI@Z 0000000180006070 f i CmRadixSortBuffered.obj
 0001:00005140       ?CheckResize@RadixSortBuffered@Cm@physx@@AEAAXI@Z 0000000180006140 f i CmRadixSortBuffered.obj
 0001:00005180       ?Resize@RadixSortBuffered@Cm@physx@@AEAA_NI@Z 0000000180006180 f   CmRadixSortBuffered.obj
 0001:00005270       ?Sort@RadixSortBuffered@Cm@physx@@QEAAAEAV123@PEBIIW4RadixHint@23@@Z 0000000180006270 f   CmRadixSortBuffered.obj
 0001:00005310       ?Sort@RadixSortBuffered@Cm@physx@@QEAAAEAV123@PEBMI@Z 0000000180006310 f   CmRadixSortBuffered.obj
 0001:000053a0       ?reset@RadixSortBuffered@Cm@physx@@QEAAXXZ 00000001800063a0 f   CmRadixSortBuffered.obj
 0001:00005420       ??0DebugText@Cm@physx@@QEAA@$$QEAU012@@Z 0000000180006420 f i CmRenderOutput.obj
 0001:00005420       ??0DebugText@Cm@physx@@QEAA@AEBU012@@Z 0000000180006420 f i CmRenderOutput.obj
 0001:00005500       ??0DebugText@Cm@physx@@QEAA@AEBVPxVec3@2@MPEBDZZ 0000000180006500 f   CmRenderOutput.obj
 0001:00005560       ??0RenderOutput@Cm@physx@@QEAA@AEAVRenderBuffer@12@@Z 0000000180006560 f i CmRenderOutput.obj
 0001:000055b0       ??0RenderOutput@Cm@physx@@QEAA@AEBV012@@Z 00000001800065b0 f i CmRenderOutput.obj
 0001:00005650       ??4DebugText@Cm@physx@@QEAAAEAU012@$$QEAU012@@Z 0000000180006650 f i CmRenderOutput.obj
 0001:00005650       ??4DebugText@Cm@physx@@QEAAAEAU012@AEBU012@@Z 0000000180006650 f i CmRenderOutput.obj
 0001:00005780       ??6Cm@physx@@YAAEAVRenderOutput@01@AEAV201@AEBUDebugArc@01@@Z 0000000180006780 f   CmRenderOutput.obj
 0001:00005880       ??6Cm@physx@@YAAEAVRenderOutput@01@AEAV201@AEBUDebugArrow@01@@Z 0000000180006880 f   CmRenderOutput.obj
 0001:00005c80       ??6Cm@physx@@YAAEAVRenderOutput@01@AEAV201@AEBUDebugBasis@01@@Z 0000000180006c80 f   CmRenderOutput.obj
 0001:00005d80       ??6Cm@physx@@YAAEAVRenderOutput@01@AEAV201@AEBUDebugBox@01@@Z 0000000180006d80 f   CmRenderOutput.obj
 0001:00006280       ??6Cm@physx@@YAAEAVRenderOutput@01@AEAV201@AEBUDebugCircle@01@@Z 0000000180007280 f   CmRenderOutput.obj
 0001:00006370       ??6RenderOutput@Cm@physx@@QEAAAEAV012@AEBUDebugText@12@@Z 0000000180007370 f   CmRenderOutput.obj
 0001:00006530       ??6RenderOutput@Cm@physx@@QEAAAEAV012@AEBVPxMat44@2@@Z 0000000180007530 f   CmRenderOutput.obj
 0001:000065a0       ??6RenderOutput@Cm@physx@@QEAAAEAV012@AEBVPxTransform@2@@Z 00000001800075a0 f   CmRenderOutput.obj
 0001:00006720       ??6RenderOutput@Cm@physx@@QEAAAEAV012@I@Z 0000000180007720 f   CmRenderOutput.obj
 0001:00006730       ??6RenderOutput@Cm@physx@@QEAAAEAV012@VPxVec3@2@@Z 0000000180007730 f   CmRenderOutput.obj
 0001:00006be0       ??6RenderOutput@Cm@physx@@QEAAAEAV012@W4Primitive@012@@Z 0000000180007be0 f   CmRenderOutput.obj
 0001:00006bf0       ?allocate@?$Array@DV?$ReflectionAllocator@D@shdfnd@physx@@@shdfnd@physx@@IEAAPEADI@Z 0000000180007bf0 f i CmRenderOutput.obj
 0001:00006c80       ?allocate@?$Array@UPxDebugLine@physx@@V?$ReflectionAllocator@UPxDebugLine@physx@@@shdfnd@2@@shdfnd@physx@@IEAAPEAUPxDebugLine@3@I@Z 0000000180007c80 f i CmRenderOutput.obj
 0001:00006d20       ?allocate@?$Array@UPxDebugPoint@physx@@V?$ReflectionAllocator@UPxDebugPoint@physx@@@shdfnd@2@@shdfnd@physx@@IEAAPEAUPxDebugPoint@3@I@Z 0000000180007d20 f i CmRenderOutput.obj
 0001:00006dc0       ?allocate@?$Array@UPxDebugText@physx@@V?$ReflectionAllocator@UPxDebugText@physx@@@shdfnd@2@@shdfnd@physx@@IEAAPEAUPxDebugText@3@I@Z 0000000180007dc0 f i CmRenderOutput.obj
 0001:00006e60       ?allocate@?$Array@UPxDebugTriangle@physx@@V?$ReflectionAllocator@UPxDebugTriangle@physx@@@shdfnd@2@@shdfnd@physx@@IEAAPEAUPxDebugTriangle@3@I@Z 0000000180007e60 f i CmRenderOutput.obj
 0001:00006f10       ?copy@?$Array@UPxDebugLine@physx@@V?$ReflectionAllocator@UPxDebugLine@physx@@@shdfnd@2@@shdfnd@physx@@KAXPEAUPxDebugLine@3@0PEBU43@@Z 0000000180007f10 f i CmRenderOutput.obj
 0001:000070c0       ?copy@?$Array@UPxDebugPoint@physx@@V?$ReflectionAllocator@UPxDebugPoint@physx@@@shdfnd@2@@shdfnd@physx@@KAXPEAUPxDebugPoint@3@0PEBU43@@Z 00000001800080c0 f i CmRenderOutput.obj
 0001:000071c0       ?copy@?$Array@UPxDebugText@physx@@V?$ReflectionAllocator@UPxDebugText@physx@@@shdfnd@2@@shdfnd@physx@@KAXPEAUPxDebugText@3@0PEBU43@@Z 00000001800081c0 f i CmRenderOutput.obj
 0001:00007330       ?copy@?$Array@UPxDebugTriangle@physx@@V?$ReflectionAllocator@UPxDebugTriangle@physx@@@shdfnd@2@@shdfnd@physx@@KAXPEAUPxDebugTriangle@3@0PEBU43@@Z 0000000180008330 f i CmRenderOutput.obj
 0001:00007530       ?growAndPushBack@?$Array@DV?$ReflectionAllocator@D@shdfnd@physx@@@shdfnd@physx@@IEAAAEADAEBD@Z 0000000180008530 f i CmRenderOutput.obj
 0001:00007600       ?growAndPushBack@?$Array@UPxDebugLine@physx@@V?$ReflectionAllocator@UPxDebugLine@physx@@@shdfnd@2@@shdfnd@physx@@IEAAAEAUPxDebugLine@3@AEBU43@@Z 0000000180008600 f i CmRenderOutput.obj
 0001:000076e0       ?growAndPushBack@?$Array@UPxDebugPoint@physx@@V?$ReflectionAllocator@UPxDebugPoint@physx@@@shdfnd@2@@shdfnd@physx@@IEAAAEAUPxDebugPoint@3@AEBU43@@Z 00000001800086e0 f i CmRenderOutput.obj
 0001:000077a0       ?growAndPushBack@?$Array@UPxDebugText@physx@@V?$ReflectionAllocator@UPxDebugText@physx@@@shdfnd@2@@shdfnd@physx@@IEAAAEAUPxDebugText@3@AEBU43@@Z 00000001800087a0 f i CmRenderOutput.obj
 0001:00007870       ?growAndPushBack@?$Array@UPxDebugTriangle@physx@@V?$ReflectionAllocator@UPxDebugTriangle@physx@@@shdfnd@2@@shdfnd@physx@@IEAAAEAUPxDebugTriangle@3@AEBU43@@Z 0000000180008870 f i CmRenderOutput.obj
 0001:00007970       ?outputCapsule@RenderOutput@Cm@physx@@QEAAAEAV123@MMAEBVPxMat44@3@@Z 0000000180008970 f   CmRenderOutput.obj
 0001:000083d0       ?outputSegment@RenderOutput@Cm@physx@@QEAAXAEBVPxVec3@3@0@Z 00000001800093d0 f i CmRenderOutput.obj
 0001:00008490       ?recreate@?$Array@DV?$ReflectionAllocator@D@shdfnd@physx@@@shdfnd@physx@@IEAAXI@Z 0000000180009490 f i CmRenderOutput.obj
 0001:00008530       ?recreate@?$Array@UPxDebugLine@physx@@V?$ReflectionAllocator@UPxDebugLine@physx@@@shdfnd@2@@shdfnd@physx@@IEAAXI@Z 0000000180009530 f i CmRenderOutput.obj
 0001:000085b0       ?reserveSegments@RenderOutput@Cm@physx@@QEAAPEAUPxDebugLine@3@I@Z 00000001800095b0 f i CmRenderOutput.obj
 0001:00008610       ?transform@PxMat44@physx@@QEBA?BVPxVec4@2@AEBV32@@Z 0000000180009610 f i CmRenderOutput.obj
 0001:00008700       ??DPxQuat@physx@@QEBA?AV01@AEBV01@@Z 0000000180009700 f i CmVisualization.obj
 0001:00008840       ?visualizeAngularLimit@Cm@physx@@YAXAEAVRenderOutput@12@MAEBVPxTransform@2@MM_N@Z 0000000180009840 f   CmVisualization.obj
 0001:00008a00       ?visualizeDoubleCone@Cm@physx@@YAXAEAVRenderOutput@12@MAEBVPxTransform@2@M_N@Z 0000000180009a00 f   CmVisualization.obj
 0001:00008c60       ?visualizeJointFrames@Cm@physx@@YAXAEAVRenderOutput@12@MAEBVPxTransform@2@1@Z 0000000180009c60 f   CmVisualization.obj
 0001:00008d20       ?visualizeLimitCone@Cm@physx@@YAXAEAVRenderOutput@12@MAEBVPxTransform@2@MM_N@Z 0000000180009d20 f   CmVisualization.obj
 0001:00008fb0       ?visualizeLinearLimit@Cm@physx@@YAXAEAVRenderOutput@12@MAEBVPxTransform@2@1M_N@Z 0000000180009fb0 f   CmVisualization.obj
 0001:00009200       ??0CmModuleUpdateLoader@Cm@physx@@QEAA@PEBD@Z 000000018000a200 f   CmWindowsModuleUpdateLoader.obj
 0001:00009240       ??1CmModuleUpdateLoader@Cm@physx@@QEAA@XZ 000000018000a240 f   CmWindowsModuleUpdateLoader.obj
 0001:00009270       ?LoadModule@CmModuleUpdateLoader@Cm@physx@@QEAAPEAUHINSTANCE__@@PEBD0@Z 000000018000a270 f   CmWindowsModuleUpdateLoader.obj
 0001:00009290       ?commonDelayHook@@YAP6A_JXZIPEAUDelayLoadInfo@@@Z 000000018000a290 f   CmWindowsDelayLoadHook.obj
 0001:00009370       PxSetPhysXCommonDelayLoadHook 000000018000a370 f   CmWindowsDelayLoadHook.obj
 0001:00009380       ??0Box@Gu@physx@@QEAA@AEBV012@@Z 000000018000a380 f i GuBounds.obj
 0001:00009380       ??4Box@Gu@physx@@QEAAAEBV012@AEBV012@@Z 000000018000a380 f i GuBounds.obj
 0001:000093e0       ??0Box@Gu@physx@@QEAA@AEBVPxVec3@2@0AEBVPxMat33@2@@Z 000000018000a3e0 f i GuBounds.obj
 0001:00009450       ??0AABBTreeBuildNode@Gu@physx@@QEAA@XZ 000000018000a450 f i GuAABBTreeBuild.obj
 0001:00009450       ??0BigConvexData@physx@@QEAA@W4PxEMPTY@1@@Z 000000018000a450 f i GuMetaData.obj
 0001:00009450       ??0Box@Gu@physx@@QEAA@XZ   000000018000a450 f i GuBounds.obj
 0001:00009450       ??0GeometryUnion@Gu@physx@@QEAA@W4PxEMPTY@2@@Z 000000018000a450 f i GuGeometryUnion.obj
 0001:00009450       ??0HeightFieldData@Gu@physx@@QEAA@W4PxEMPTY@2@@Z 000000018000a450 f i GuBounds.obj
 0001:00009450       ??0MaterialIndicesStruct@physx@@QEAA@W4PxEMPTY@1@@Z 000000018000a450 f i GuGeometryUnion.obj
 0001:00009450       ?getAABB@AABBTreeBuildNode@Gu@physx@@QEBAAEBVPxBounds3@3@XZ 000000018000a450 f i GuAABBTreeBuild.obj
 0001:00009450       ?getGeometry@GeometryUnion@Gu@physx@@QEBAAEBVPxGeometry@3@XZ 000000018000a450 f i GuGeometryUnion.obj
 0001:00009450       ?getPaddedBounds@HeightFieldData@Gu@physx@@QEBAAEBVCenterExtentsPadded@23@XZ 000000018000a450 f i GuBounds.obj
 0001:00009460       ??0HeightFieldData@Gu@physx@@QEAA@$$QEAU012@@Z 000000018000a460 f i GuBounds.obj
 0001:00009460       ??0HeightFieldData@Gu@physx@@QEAA@AEBU012@@Z 000000018000a460 f i GuBounds.obj
 0001:00009460       ??4HeightFieldData@Gu@physx@@QEAAAEAU012@$$QEAU012@@Z 000000018000a460 f i GuBounds.obj
 0001:00009460       ??4HeightFieldData@Gu@physx@@QEAAAEAU012@AEBU012@@Z 000000018000a460 f i GuBounds.obj
 0001:000094c0       ??0HeightFieldData@Gu@physx@@QEAA@XZ 000000018000a4c0 f i GuBounds.obj
 0001:000094d0       ??0PxQuat@physx@@QEAA@AEBVPxMat33@1@@Z 000000018000a4d0 f i GuBounds.obj
 0001:000096e0       ??0ShapeData@Gu@physx@@QEAA@AEBVPxGeometry@2@AEBVPxTransform@2@M@Z 000000018000a6e0 f   GuBounds.obj
 0001:00009c50       ??1PxConvexMesh@physx@@MEAA@XZ 000000018000ac50 f i GuBounds.obj
 0001:00009c50       ??1PxHeightField@physx@@MEAA@XZ 000000018000ac50 f i GuBounds.obj
 0001:00009c60       ??_EPxBVHStructure@physx@@MEAAPEAXI@Z 000000018000ac60 f i GuBVHStructure.obj
 0001:00009c60       ??_EPxBase@physx@@MEAAPEAXI@Z 000000018000ac60 f i GuBounds.obj
 0001:00009c60       ??_EPxTriangleMesh@physx@@MEAAPEAXI@Z 000000018000ac60 f i GuTriangleMesh.obj
 0001:00009c60       ??_GPxBVHStructure@physx@@MEAAPEAXI@Z 000000018000ac60 f i GuBVHStructure.obj
 0001:00009c60       ??_GPxBase@physx@@MEAAPEAXI@Z 000000018000ac60 f i GuBounds.obj
 0001:00009c60       ??_GPxTriangleMesh@physx@@MEAAPEAXI@Z 000000018000ac60 f i GuTriangleMesh.obj
 0001:00009c90       ??_H@YAXPEAX_K1P6APEAX0@Z@Z 000000018000ac90 f i GuBounds.obj
 0001:00009ce0       ?computeAABBExtent@Box@Gu@physx@@QEBA?AVPxVec3@3@XZ 000000018000ace0 f i GuBounds.obj
 0001:00009da0       ?computeBounds@Gu@physx@@YAXAEAVPxBounds3@2@AEBVPxGeometry@2@AEBVPxTransform@2@MPEIBVCenterExtentsPadded@12@M@Z 000000018000ada0 f   GuBounds.obj
 0001:0000a6b0       ?computeBoundsWithCCDThreshold@Gu@physx@@YAMAEAVVec3p@12@0AEBVPxGeometry@2@AEBVPxTransform@2@PEIBVCenterExtentsPadded@12@@Z 000000018000b6b0 f   GuBounds.obj
 0001:0000a880       ?computeBoxPoints@Box@Gu@physx@@QEBAXPEIAVPxVec3@3@@Z 000000018000b880 f i GuBounds.obj
 0001:0000b830       ?getConcreteTypeName@PxConvexMesh@physx@@UEBAPEBDXZ 000000018000c830 f i GuBounds.obj
 0001:0000b840       ?getConcreteTypeName@PxHeightField@physx@@UEBAPEBDXZ 000000018000c840 f i GuBounds.obj
 0001:0000b850       ?getConvexEdgeThreshold@HeightField@Gu@physx@@UEBAMXZ 000000018000c850 f i GuBounds.obj
 0001:0000b860       ?getFlags@HeightField@Gu@physx@@UEBA?AV?$PxFlags@W4Enum@PxHeightFieldFlag@physx@@G@3@XZ 000000018000c860 f i GuBounds.obj
 0001:0000b870       ?getFormat@HeightField@Gu@physx@@UEBA?AW4Enum@PxHeightFieldFormat@3@XZ 000000018000c870 f i GuBounds.obj
 0001:0000b880       ?getHeight@HeightField@Gu@physx@@UEBAMMM@Z 000000018000c880 f i GuBounds.obj
 0001:0000b8c0       ?getHeightInternal2@HeightField@Gu@physx@@QEBAMIMM@Z 000000018000c8c0 f i GuBounds.obj
 0001:0000ba30       ?getIndexBuffer@ConvexMesh@Gu@physx@@UEBAPEBEXZ 000000018000ca30 f i GuBounds.obj
 0001:0000ba70       ?getNbPolygons@ConvexMesh@Gu@physx@@UEBAIXZ 000000018000ca70 f i GuBounds.obj
 0001:0000ba80       ?getNbRows@HeightField@Gu@physx@@UEBAIXZ 000000018000ca80 f i GuBounds.obj
 0001:0000ba90       ?getNbVertices@ConvexMesh@Gu@physx@@UEBAIXZ 000000018000ca90 f i GuBounds.obj
 0001:0000baa0       ?getSample@HeightField@Gu@physx@@UEBAAEBUPxHeightFieldSample@3@II@Z 000000018000caa0 f i GuBounds.obj
 0001:0000bab0       ?getSampleStride@HeightField@Gu@physx@@UEBAIXZ 000000018000cab0 f i GuBounds.obj
 0001:0000bac0       ?getTimestamp@HeightField@Gu@physx@@UEBAIXZ 000000018000cac0 f i GuBounds.obj
 0001:0000bad0       ?getTransform@Box@Gu@physx@@QEBA?AVPxTransform@3@XZ 000000018000cad0 f i GuBounds.obj
 0001:0000bb30       ?getTriangleMaterialIndex@HeightField@Gu@physx@@UEBAGI@Z 000000018000cb30 f i GuBounds.obj
 0001:0000bb60       ?getTriangleNormal@HeightField@Gu@physx@@UEBA?AVPxVec3@3@I@Z 000000018000cb60 f i GuBounds.obj
 0001:0000bb80       ?getTriangleNormalInternal@HeightField@Gu@physx@@QEBA?AVPxVec3@3@I@Z 000000018000cb80 f i GuBounds.obj
 0001:0000bcd0       ?getVertices@ConvexMesh@Gu@physx@@UEBAPEBVPxVec3@3@XZ 000000018000ccd0 f i GuBounds.obj
 0001:0000bcf0       ?isKindOf@PxBase@physx@@MEBA_NPEBD@Z 000000018000ccf0 f i GuBounds.obj
 0001:0000bd20       ?isKindOf@PxConvexMesh@physx@@MEBA_NPEBD@Z 000000018000cd20 f i GuBounds.obj
 0001:0000bd70       ?isKindOf@PxHeightField@physx@@MEBA_NPEBD@Z 000000018000cd70 f i GuBounds.obj
 0001:0000bdc0       ?isReleasable@PxBase@physx@@UEBA_NXZ 000000018000cdc0 f i GuBounds.obj
 0001:0000bdd0       ?isValid@Box@Gu@physx@@QEBA_NXZ 000000018000cdd0 f i GuBounds.obj
 0001:0000bdf0       ?preExportDataReset@ConvexMesh@Gu@physx@@QEAAXXZ 000000018000cdf0 f i GuBounds.obj
 0001:0000bdf0       ?preExportDataReset@HeightField@Gu@physx@@QEAAXXZ 000000018000cdf0 f i GuBounds.obj
 0001:0000be00       ?rotate@Box@Gu@physx@@QEBA?AVPxVec3@3@AEBV43@@Z 000000018000ce00 f i GuBounds.obj
 0001:0000be90       ?rotateInv@Box@Gu@physx@@QEBA?AVPxVec3@3@AEBV43@@Z 000000018000ce90 f i GuBounds.obj
 0001:0000bf20       ?setAxes@Box@Gu@physx@@QEAAXAEBVPxVec3@3@00@Z 000000018000cf20 f i GuBounds.obj
 0001:0000bf60       ?setEmpty@Box@Gu@physx@@QEAAXXZ 000000018000cf60 f i GuBounds.obj
 0001:0000bfa0       ?transform@Box@Gu@physx@@QEBA?AVPxVec3@3@AEBV43@@Z 000000018000cfa0 f i GuBounds.obj
 0001:0000c040       ?computeOBBPoints@Gu@physx@@YAXPEIAVPxVec3@2@AEBV32@1111@Z 000000018000d040 f   GuBox.obj
 0001:0000c2c0       ?create@Box@Gu@physx@@QEAAXAEBVCapsule@23@@Z 000000018000d2c0 f   GuBox.obj
 0001:0000c4f0       ?getBoxEdges@Gu@physx@@YAPEBEXZ 000000018000d4f0 f   GuBox.obj
 0001:0000c500       ?computeBasis@shdfnd@physx@@YAXAEBVPxVec3@2@0AEAV32@11@Z 000000018000d500 f i GuCapsule.obj
 0001:0000c6b0       ?computeBoxAroundCapsule@Gu@physx@@YAXAEBVCapsule@12@AEAVBox@12@@Z 000000018000d6b0 f   GuCapsule.obj
 0001:0000c800       ??0HeightFieldTraceUtil@Gu@physx@@QEAA@AEBVPxHeightFieldGeometry@2@@Z 000000018000d800 f i GuCCTSweepTests.obj
 0001:0000c800       ??0HeightFieldUtil@Gu@physx@@QEAA@AEBVPxHeightFieldGeometry@2@@Z 000000018000d800 f i GuCCTSweepTests.obj
 0001:0000c840       ??4HeightFieldTraceUtil@Gu@physx@@QEAAAEAV012@$$QEAV012@@Z 000000018000d840 f i GuCCTSweepTests.obj
 0001:0000c840       ??4HeightFieldTraceUtil@Gu@physx@@QEAAAEAV012@AEBV012@@Z 000000018000d840 f i GuCCTSweepTests.obj
 0001:0000c840       ??4HeightFieldUtil@Gu@physx@@QEAAAEAV012@AEBV012@@Z 000000018000d840 f i GuCCTSweepTests.obj
 0001:0000c860       ??4HeightFieldUtil@Gu@physx@@QEAAAEAV012@$$QEAV012@@Z 000000018000d860 f i GuCCTSweepTests.obj
 0001:0000c890       ??_E?$EntityReport@I@Gu@physx@@UEAAPEAXI@Z 000000018000d890 f i GuCCTSweepTests.obj
 0001:0000c890       ??_G?$EntityReport@I@Gu@physx@@UEAAPEAXI@Z 000000018000d890 f i GuCCTSweepTests.obj
 0001:0000c8f0       ?ceilUp@HeightFieldTraceUtil@Gu@physx@@SAMM@Z 000000018000d8f0 f i GuCCTSweepTests.obj
 0001:0000c930       ?computePointNormal@HeightFieldUtil@Gu@physx@@QEBA?AVPxVec3@3@IAEBV43@AEBVPxTransform@3@MMMMAEAM@Z 000000018000d930 f i GuCCTSweepTests.obj
 0001:0000cd50       ?floorDown@HeightFieldTraceUtil@Gu@physx@@SAMM@Z 000000018000dd50 f i GuCCTSweepTests.obj
 0001:0000cd90       ?getFeatureIndex@HeightFieldUtil@Gu@physx@@SAII@Z 000000018000dd90 f i GuCCTSweepTests.obj
 0001:0000cda0       ?getFeatureType@HeightFieldUtil@Gu@physx@@SA?AW4Feature@123@I@Z 000000018000dda0 f i GuCCTSweepTests.obj
 0001:0000cdb0       ?getHeightAtShapePoint@HeightFieldUtil@Gu@physx@@QEBAMMM@Z 000000018000ddb0 f i GuCCTSweepTests.obj
 0001:0000ce10       ?getNormalAtShapePoint@HeightFieldUtil@Gu@physx@@QEBA?AVPxVec3@3@MM@Z 000000018000de10 f i GuCCTSweepTests.obj
 0001:0000ced0       ?getNormal_2@HeightField@Gu@physx@@QEBA?AVPxVec3@3@IMMMMM@Z 000000018000ded0 f i GuCCTSweepTests.obj
 0001:0000cfe0       ?getOneOverColumnScale@HeightFieldUtil@Gu@physx@@QEBAMXZ 000000018000dfe0 f i GuCCTSweepTests.obj
 0001:0000cff0       ?getOneOverHeightScale@HeightFieldUtil@Gu@physx@@QEBAMXZ 000000018000dff0 f i GuCCTSweepTests.obj
 0001:0000d000       ?getOneOverRowScale@HeightFieldUtil@Gu@physx@@QEBAMXZ 000000018000e000 f i GuCCTSweepTests.obj
 0001:0000d010       ?getVertexNormal@HeightFieldUtil@Gu@physx@@QEBA?AVPxVec3@3@I@Z 000000018000e010 f i GuCCTSweepTests.obj
 0001:0000d040       ?hf2shapen@HeightFieldUtil@Gu@physx@@QEBA?AVPxVec3@3@AEBV43@@Z 000000018000e040 f i GuCCTSweepTests.obj
 0001:0000d040       ?shape2hfp@HeightFieldUtil@Gu@physx@@QEBA?AVPxVec3@3@AEBV43@@Z 000000018000e040 f i GuCCTSweepTests.obj
 0001:0000d080       ?hf2shapep@HeightFieldUtil@Gu@physx@@QEBA?AVPxVec3@3@AEBV43@@Z 000000018000e080 f i GuCCTSweepTests.obj
 0001:0000d0c0       ?hf2worldn@HeightFieldUtil@Gu@physx@@QEBA?AVPxVec3@3@AEBVPxTransform@3@AEBV43@@Z 000000018000e0c0 f i GuCCTSweepTests.obj
 0001:0000d230       ?hf2worldp@HeightFieldUtil@Gu@physx@@QEBA?AVPxVec3@3@AEBVPxTransform@3@AEBV43@@Z 000000018000e230 f i GuCCTSweepTests.obj
 0001:0000d3b0       ?isCollisionVertex@HeightFieldUtil@Gu@physx@@QEBA_NIII@Z 000000018000e3b0 f i GuCCTSweepTests.obj
 0001:0000d3d0       ?isQueryVertex@HeightFieldUtil@Gu@physx@@QEBA_NIII@Z 000000018000e3d0 f i GuCCTSweepTests.obj
 0001:0000d490       ?isShapePointOnHeightField@HeightFieldUtil@Gu@physx@@QEBA_NMM@Z 000000018000e490 f i GuCCTSweepTests.obj
 0001:0000d4e0       ?makeFeatureCode@HeightFieldUtil@Gu@physx@@SAIIW4Feature@123@@Z 000000018000e4e0 f i GuCCTSweepTests.obj
 0001:0000d6a0       ?sweepBoxTriangles_Precise@Gu@physx@@YA_NIPEBVPxTriangle@2@_NAEBVPxBoxGeometry@2@AEBVPxTransform@2@AEBVPxVec3@2@MAEAUPxSweepHit@2@PEBIMV?$PxFlags@W4Enum@PxHitFlag@physx@@G@2@@Z 000000018000e6a0 f   GuCCTSweepTests.obj
 0001:0000e430       ?sweepBox_BoxGeom_Precise@@YA_NAEBVPxGeometry@physx@@AEBVPxTransform@2@AEBVPxBoxGeometry@2@1AEBVBox@Gu@2@AEBVPxVec3@2@MAEAUPxSweepHit@2@V?$PxFlags@W4Enum@PxHitFlag@physx@@G@2@M@Z 000000018000f430 f   GuCCTSweepTests.obj
 0001:0000e5f0       ?sweepBox_CapsuleGeom_Precise@@YA_NAEBVPxGeometry@physx@@AEBVPxTransform@2@AEBVPxBoxGeometry@2@1AEBVBox@Gu@2@AEBVPxVec3@2@MAEAUPxSweepHit@2@V?$PxFlags@W4Enum@PxHitFlag@physx@@G@2@M@Z 000000018000f5f0 f   GuCCTSweepTests.obj
 0001:0000e9c0       ?sweepBox_HeightFieldGeom_Precise@@YA_NAEBVPxGeometry@physx@@AEBVPxTransform@2@AEBVPxBoxGeometry@2@1AEBVBox@Gu@2@AEBVPxVec3@2@MAEAUPxSweepHit@2@V?$PxFlags@W4Enum@PxHitFlag@physx@@G@2@M@Z 000000018000f9c0 f   GuCCTSweepTests.obj
 0001:0000ed80       ?sweepBox_SphereGeom_Precise@@YA_NAEBVPxGeometry@physx@@AEBVPxTransform@2@AEBVPxBoxGeometry@2@1AEBVBox@Gu@2@AEBVPxVec3@2@MAEAUPxSweepHit@2@V?$PxFlags@W4Enum@PxHitFlag@physx@@G@2@M@Z 000000018000fd80 f   GuCCTSweepTests.obj
 0001:0000f050       ?sweepCapsule_BoxGeom_Precise@@YA_NAEBVPxGeometry@physx@@AEBVPxTransform@2@AEBVPxCapsuleGeometry@2@1AEBVCapsule@Gu@2@AEBVPxVec3@2@MAEAUPxSweepHit@2@V?$PxFlags@W4Enum@PxHitFlag@physx@@G@2@M@Z 0000000180010050 f   GuCCTSweepTests.obj
 0001:0000f6b0       ?computePenetration@PxGeometryQuery@physx@@SA_NAEAVPxVec3@2@AEAMAEBVPxGeometry@2@AEBVPxTransform@2@23@Z 00000001800106b0 f   GuGeometryQuery.obj
 0001:0000f790       ?getWorldBounds@PxGeometryQuery@physx@@SA?AVPxBounds3@2@AEBVPxGeometry@2@AEBVPxTransform@2@M@Z 0000000180010790 f   GuGeometryQuery.obj
 0001:0000f7f0       ?isFinite@PxQuat@physx@@QEBA_NXZ 00000001800107f0 f i GuGeometryQuery.obj
 0001:0000f860       ?isValid@PxGeometryQuery@physx@@SA_NAEBVPxGeometry@2@@Z 0000000180010860 f   GuGeometryQuery.obj
 0001:0000fa60       ?overlap@PxGeometryQuery@physx@@SA_NAEBVPxGeometry@2@AEBVPxTransform@2@01@Z 0000000180010a60 f   GuGeometryQuery.obj
 0001:0000fb00       ?pointDistance@PxGeometryQuery@physx@@SAMAEBVPxVec3@2@AEBVPxGeometry@2@AEBVPxTransform@2@PEAV32@@Z 0000000180010b00 f   GuGeometryQuery.obj
 0001:00010170       ?raycast@PxGeometryQuery@physx@@SAIAEBVPxVec3@2@0AEBVPxGeometry@2@AEBVPxTransform@2@MV?$PxFlags@W4Enum@PxHitFlag@physx@@G@2@IPEIAUPxRaycastHit@2@@Z 0000000180011170 f   GuGeometryQuery.obj
 0001:00010210       ?sweep@PxGeometryQuery@physx@@SA_NAEBVPxVec3@2@MAEBVPxGeometry@2@AEBVPxTransform@2@12AEAUPxSweepHit@2@V?$PxFlags@W4Enum@PxHitFlag@physx@@G@2@M@Z 0000000180011210 f   GuGeometryQuery.obj
 0001:000105f0       ??0GeometryUnion@Gu@physx@@QEAA@AEBVPxGeometry@2@@Z 00000001800115f0 f i GuGeometryUnion.obj
 0001:00010610       ??0GeometryUnion@Gu@physx@@QEAA@XZ 0000000180011610 f i GuGeometryUnion.obj
 0001:00010620       ??0MaterialIndicesStruct@physx@@QEAA@XZ 0000000180011620 f i GuGeometryUnion.obj
 0001:00010640       ??4GeometryUnion@Gu@physx@@QEAAAEAV012@$$QEAV012@@Z 0000000180011640 f i GuGeometryUnion.obj
 0001:00010640       ??4GeometryUnion@Gu@physx@@QEAAAEAV012@AEBV012@@Z 0000000180011640 f i GuGeometryUnion.obj
 0001:00010670       ?allocate@MaterialIndicesStruct@physx@@QEAAXG@Z 0000000180011670 f i GuGeometryUnion.obj
 0001:000106f0       ?deallocate@MaterialIndicesStruct@physx@@QEAAXXZ 00000001800116f0 f i GuGeometryUnion.obj
 0001:00010740       ?getCount@BuildStats@Gu@physx@@QEBAIXZ 0000000180011740 f i GuAABBTreeBuild.obj
 0001:00010740       ?getNumAxes@SeparatingAxes@Gu@physx@@QEBAIXZ 0000000180011740 f i GuMTD.obj
 0001:00010740       ?getType@GeometryUnion@Gu@physx@@QEBA?AW4Enum@PxGeometryType@3@XZ 0000000180011740 f i GuGeometryUnion.obj
 0001:00010750       ?set@GeometryUnion@Gu@physx@@QEAAXAEBVPxGeometry@3@@Z 0000000180011750 f   GuGeometryUnion.obj
 0001:00010910       ?computeBoundsAroundVertices@Gu@physx@@YAXAEAVPxBounds3@2@IPEIBVPxVec3@2@@Z 0000000180011910 f   GuInternal.obj
 0001:000109a0       ?computeBoxPoints@Gu@physx@@YAXAEBVPxBounds3@2@PEIAVPxVec3@2@@Z 00000001800119a0 f   GuInternal.obj
 0001:00010a40       ?computeSweptBox@Gu@physx@@YAXAEAVBox@12@AEBVPxVec3@2@1AEBVPxMat33@2@1M@Z 0000000180011a40 f   GuInternal.obj
 0001:00010f80       ?getPlane@Gu@physx@@YA?AVPxPlane@2@AEBVPxTransform@2@@Z 0000000180011f80 f   GuInternal.obj
 0001:00011030       ??$?_UI@@YAPEAX_KV?$ReflectionAllocator@I@shdfnd@physx@@PEBDH@Z 0000000180012030 f i GuMeshFactory.obj
 0001:000110d0       ??0GuMeshFactory@physx@@QEAA@XZ 00000001800120d0 f   GuMeshFactory.obj
 0001:00011270       ??1GuMeshFactory@physx@@MEAA@XZ 0000000180012270 f   GuMeshFactory.obj
 0001:00011370       ??1MeshDataBase@Gu@physx@@UEAA@XZ 0000000180012370 f i GuMeshFactory.obj
 0001:00011470       ??1TriangleMeshData@Gu@physx@@UEAA@XZ 0000000180012470 f i GuMeshFactory.obj
 0001:00011540       ??_EGuMeshFactory@physx@@MEAAPEAXI@Z 0000000180012540 f i GuMeshFactory.obj
 0001:00011660       ??_EBV4TriangleData@Gu@physx@@UEAAPEAXI@Z 0000000180012660 f i GuMeshFactory.obj
 0001:00011660       ??_GBV4TriangleData@Gu@physx@@UEAAPEAXI@Z 0000000180012660 f i GuMeshFactory.obj
 0001:000116f0       ??_EMeshDataBase@Gu@physx@@UEAAPEAXI@Z 00000001800126f0 f i GuMeshFactory.obj
 0001:000116f0       ??_GMeshDataBase@Gu@physx@@UEAAPEAXI@Z 00000001800126f0 f i GuMeshFactory.obj
 0001:00011760       ??_ERTreeTriangleData@Gu@physx@@UEAAPEAXI@Z 0000000180012760 f i GuMeshFactory.obj
 0001:00011760       ??_GRTreeTriangleData@Gu@physx@@UEAAPEAXI@Z 0000000180012760 f i GuMeshFactory.obj
 0001:00011820       ??_ETriangleMeshData@Gu@physx@@UEAAPEAXI@Z 0000000180012820 f i GuMeshFactory.obj
 0001:00011820       ??_GTriangleMeshData@Gu@physx@@UEAAPEAXI@Z 0000000180012820 f i GuMeshFactory.obj
 0001:00011890       ?__global_array_delete@@YAXPEAX_K@Z 0000000180012890 f i GuMeshFactory.obj
 0001:000118a0       ??_V@YAXPEAX_K@Z           00000001800128a0 f i MSVCRT:delete_array_size.obj
 0001:000118a0       ?__global_delete@@YAXPEAX_K@Z 00000001800128a0 f i GuMeshFactory.obj
 0001:000118b0       ?addBVHStructure@GuMeshFactory@physx@@QEAAXPEAVBVHStructure@Gu@2@_N@Z 00000001800128b0 f   GuMeshFactory.obj
 0001:00011930       ?addConvexMesh@GuMeshFactory@physx@@QEAAXPEAVConvexMesh@Gu@2@_N@Z 0000000180012930 f   GuMeshFactory.obj
 0001:000119b0       ?addFactoryListener@GuMeshFactory@physx@@QEAAXAEAVGuMeshFactoryListener@2@@Z 00000001800129b0 f   GuMeshFactory.obj
 0001:00011a20       ?addHeightField@GuMeshFactory@physx@@QEAAXPEAVHeightField@Gu@2@_N@Z 0000000180012a20 f   GuMeshFactory.obj
 0001:00011aa0       ?addTriangleMesh@GuMeshFactory@physx@@QEAAXPEAVTriangleMesh@Gu@2@_N@Z 0000000180012aa0 f   GuMeshFactory.obj
 0001:00011b20       ?create@?$HashBase@PEAVBVHStructure@Gu@physx@@PEAV123@U?$Hash@PEAVBVHStructure@Gu@physx@@@shdfnd@3@UGetKey@?$HashSetBase@PEAVBVHStructure@Gu@physx@@U?$Hash@PEAVBVHStructure@Gu@physx@@@shdfnd@3@VNonTrackingAllocator@53@$00@internal@53@VNonTrackingAllocator@53@$00@internal@shdfnd@physx@@QEAAPEAPEAVBVHStructure@Gu@4@AEBQEAV564@AEA_N@Z 0000000180012b20 f i GuMeshFactory.obj
 0001:00011b20       ?create@?$HashBase@PEAVConvexMesh@Gu@physx@@PEAV123@U?$Hash@PEAVConvexMesh@Gu@physx@@@shdfnd@3@UGetKey@?$HashSetBase@PEAVConvexMesh@Gu@physx@@U?$Hash@PEAVConvexMesh@Gu@physx@@@shdfnd@3@VNonTrackingAllocator@53@$00@internal@53@VNonTrackingAllocator@53@$00@internal@shdfnd@physx@@QEAAPEAPEAVConvexMesh@Gu@4@AEBQEAV564@AEA_N@Z 0000000180012b20 f i GuMeshFactory.obj
 0001:00011b20       ?create@?$HashBase@PEAVHeightField@Gu@physx@@PEAV123@U?$Hash@PEAVHeightField@Gu@physx@@@shdfnd@3@UGetKey@?$HashSetBase@PEAVHeightField@Gu@physx@@U?$Hash@PEAVHeightField@Gu@physx@@@shdfnd@3@VNonTrackingAllocator@53@$00@internal@53@VNonTrackingAllocator@53@$00@internal@shdfnd@physx@@QEAAPEAPEAVHeightField@Gu@4@AEBQEAV564@AEA_N@Z 0000000180012b20 f i GuMeshFactory.obj
 0001:00011b20       ?create@?$HashBase@PEAVTriangleMesh@Gu@physx@@PEAV123@U?$Hash@PEAVTriangleMesh@Gu@physx@@@shdfnd@3@UGetKey@?$HashSetBase@PEAVTriangleMesh@Gu@physx@@U?$Hash@PEAVTriangleMesh@Gu@physx@@@shdfnd@3@VNonTrackingAllocator@53@$00@internal@53@VNonTrackingAllocator@53@$00@internal@shdfnd@physx@@QEAAPEAPEAVTriangleMesh@Gu@4@AEBQEAV564@AEA_N@Z 0000000180012b20 f i GuMeshFactory.obj
 0001:00011cb0       ?createBVHStructure@GuMeshFactory@physx@@IEAAPEAVPxBVHStructure@2@AEAUBVHStructureData@Gu@2@@Z 0000000180012cb0 f   GuMeshFactory.obj
 0001:00011db0       ?createBVHStructure@GuMeshFactory@physx@@QEAAPEAVPxBVHStructure@2@AEAVPxInputStream@2@@Z 0000000180012db0 f   GuMeshFactory.obj
 0001:00011ed0       ?createBVHStructure@GuMeshFactory@physx@@QEAAPEAVPxBVHStructure@2@PEAX@Z 0000000180012ed0 f   GuMeshFactory.obj
 0001:00011ee0       ?createConvexMesh@GuMeshFactory@physx@@IEAAPEAVPxConvexMesh@2@AEAUConvexHullInitData@Gu@2@@Z 0000000180012ee0 f   GuMeshFactory.obj
 0001:00011fe0       ?createConvexMesh@GuMeshFactory@physx@@QEAAPEAVPxConvexMesh@2@AEAVPxInputStream@2@@Z 0000000180012fe0 f   GuMeshFactory.obj
 0001:00012100       ?createConvexMesh@GuMeshFactory@physx@@QEAAPEAVPxConvexMesh@2@PEAX@Z 0000000180013100 f   GuMeshFactory.obj
 0001:00012110       ?createHeightField@GuMeshFactory@physx@@QEAAPEAVPxHeightField@2@AEAVPxInputStream@2@@Z 0000000180013110 f   GuMeshFactory.obj
 0001:00012230       ?createHeightField@GuMeshFactory@physx@@QEAAPEAVPxHeightField@2@PEAX@Z 0000000180013230 f   GuMeshFactory.obj
 0001:00012330       ?createTriangleMesh@GuMeshFactory@physx@@IEAAPEAVPxTriangleMesh@2@AEAVTriangleMeshData@Gu@2@@Z 0000000180013330 f   GuMeshFactory.obj
 0001:000124c0       ?createTriangleMesh@GuMeshFactory@physx@@QEAAPEAVPxTriangleMesh@2@AEAVPxInputStream@2@@Z 00000001800134c0 f   GuMeshFactory.obj
 0001:00012520       ?createTriangleMesh@GuMeshFactory@physx@@QEAAPEAVPxTriangleMesh@2@PEAX@Z 0000000180013520 f   GuMeshFactory.obj
 0001:00012530       ?erase@?$HashBase@PEAVBVHStructure@Gu@physx@@PEAV123@U?$Hash@PEAVBVHStructure@Gu@physx@@@shdfnd@3@UGetKey@?$HashSetBase@PEAVBVHStructure@Gu@physx@@U?$Hash@PEAVBVHStructure@Gu@physx@@@shdfnd@3@VNonTrackingAllocator@53@$00@internal@53@VNonTrackingAllocator@53@$00@internal@shdfnd@physx@@QEAA_NAEBQEAVBVHStructure@Gu@4@@Z 0000000180013530 f i GuMeshFactory.obj
 0001:00012530       ?erase@?$HashBase@PEAVConvexMesh@Gu@physx@@PEAV123@U?$Hash@PEAVConvexMesh@Gu@physx@@@shdfnd@3@UGetKey@?$HashSetBase@PEAVConvexMesh@Gu@physx@@U?$Hash@PEAVConvexMesh@Gu@physx@@@shdfnd@3@VNonTrackingAllocator@53@$00@internal@53@VNonTrackingAllocator@53@$00@internal@shdfnd@physx@@QEAA_NAEBQEAVConvexMesh@Gu@4@@Z 0000000180013530 f i GuMeshFactory.obj
 0001:00012530       ?erase@?$HashBase@PEAVHeightField@Gu@physx@@PEAV123@U?$Hash@PEAVHeightField@Gu@physx@@@shdfnd@3@UGetKey@?$HashSetBase@PEAVHeightField@Gu@physx@@U?$Hash@PEAVHeightField@Gu@physx@@@shdfnd@3@VNonTrackingAllocator@53@$00@internal@53@VNonTrackingAllocator@53@$00@internal@shdfnd@physx@@QEAA_NAEBQEAVHeightField@Gu@4@@Z 0000000180013530 f i GuMeshFactory.obj
 0001:00012530       ?erase@?$HashBase@PEAVTriangleMesh@Gu@physx@@PEAV123@U?$Hash@PEAVTriangleMesh@Gu@physx@@@shdfnd@3@UGetKey@?$HashSetBase@PEAVTriangleMesh@Gu@physx@@U?$Hash@PEAVTriangleMesh@Gu@physx@@@shdfnd@3@VNonTrackingAllocator@53@$00@internal@53@VNonTrackingAllocator@53@$00@internal@shdfnd@physx@@QEAA_NAEBQEAVTriangleMesh@Gu@4@@Z 0000000180013530 f i GuMeshFactory.obj
 0001:000126b0       ?getBVHStructures@GuMeshFactory@physx@@QEBAIPEAPEAVPxBVHStructure@2@II@Z 00000001800136b0 f   GuMeshFactory.obj
 0001:00012750       ?getConvexMeshes@GuMeshFactory@physx@@QEBAIPEAPEAVPxConvexMesh@2@II@Z 0000000180013750 f   GuMeshFactory.obj
 0001:000127e0       ?getHeightFields@GuMeshFactory@physx@@QEBAIPEAPEAVPxHeightField@2@II@Z 00000001800137e0 f   GuMeshFactory.obj
 0001:00012880       ?getNbBVHStructures@GuMeshFactory@physx@@QEBAIXZ 0000000180013880 f   GuMeshFactory.obj
 0001:000128c0       ?getNbConvexMeshes@GuMeshFactory@physx@@QEBAIXZ 00000001800138c0 f   GuMeshFactory.obj
 0001:00012900       ?getNbHeightFields@GuMeshFactory@physx@@QEBAIXZ 0000000180013900 f   GuMeshFactory.obj
 0001:00012940       ?getNbTriangleMeshes@GuMeshFactory@physx@@QEBAIXZ 0000000180013940 f   GuMeshFactory.obj
 0001:00012980       ?getTriangleMeshes@GuMeshFactory@physx@@QEBAIPEAPEAVPxTriangleMesh@2@II@Z 0000000180013980 f   GuMeshFactory.obj
 0001:00012a10       ?growAndPushBack@?$Array@PEAVGuMeshFactoryListener@physx@@V?$ReflectionAllocator@PEAVGuMeshFactoryListener@physx@@@shdfnd@2@@shdfnd@physx@@IEAAAEAPEAVGuMeshFactoryListener@3@AEBQEAV43@@Z 0000000180013a10 f i GuMeshFactory.obj
 0001:00013a10       ?notifyFactoryListener@GuMeshFactory@physx@@QEAAXPEBVPxBase@2@G@Z 0000000180014a10 f   GuMeshFactory.obj
 0001:00013a80       ?release@GuMeshFactory@physx@@QEAAXXZ 0000000180014a80 f   GuMeshFactory.obj
 0001:00013b30       ?removeBVHStructure@GuMeshFactory@physx@@QEAA_NAEAVPxBVHStructure@2@@Z 0000000180014b30 f   GuMeshFactory.obj
 0001:00013b80       ?removeConvexMesh@GuMeshFactory@physx@@QEAA_NAEAVPxConvexMesh@2@@Z 0000000180014b80 f   GuMeshFactory.obj
 0001:00013bd0       ?removeFactoryListener@GuMeshFactory@physx@@QEAAXAEAVGuMeshFactoryListener@2@@Z 0000000180014bd0 f   GuMeshFactory.obj
 0001:00013c60       ?removeHeightField@GuMeshFactory@physx@@QEAA_NAEAVPxHeightField@2@@Z 0000000180014c60 f   GuMeshFactory.obj
 0001:00013cb0       ?removeTriangleMesh@GuMeshFactory@physx@@QEAA_NAEAVPxTriangleMesh@2@@Z 0000000180014cb0 f   GuMeshFactory.obj
 0001:00013d00       ?reserveInternal@?$HashBase@PEAVBVHStructure@Gu@physx@@PEAV123@U?$Hash@PEAVBVHStructure@Gu@physx@@@shdfnd@3@UGetKey@?$HashSetBase@PEAVBVHStructure@Gu@physx@@U?$Hash@PEAVBVHStructure@Gu@physx@@@shdfnd@3@VNonTrackingAllocator@53@$00@internal@53@VNonTrackingAllocator@53@$00@internal@shdfnd@physx@@AEAAXI@Z 0000000180014d00 f i GuMeshFactory.obj
 0001:00013d00       ?reserveInternal@?$HashBase@PEAVConvexMesh@Gu@physx@@PEAV123@U?$Hash@PEAVConvexMesh@Gu@physx@@@shdfnd@3@UGetKey@?$HashSetBase@PEAVConvexMesh@Gu@physx@@U?$Hash@PEAVConvexMesh@Gu@physx@@@shdfnd@3@VNonTrackingAllocator@53@$00@internal@53@VNonTrackingAllocator@53@$00@internal@shdfnd@physx@@AEAAXI@Z 0000000180014d00 f i GuMeshFactory.obj
 0001:00013d00       ?reserveInternal@?$HashBase@PEAVHeightField@Gu@physx@@PEAV123@U?$Hash@PEAVHeightField@Gu@physx@@@shdfnd@3@UGetKey@?$HashSetBase@PEAVHeightField@Gu@physx@@U?$Hash@PEAVHeightField@Gu@physx@@@shdfnd@3@VNonTrackingAllocator@53@$00@internal@53@VNonTrackingAllocator@53@$00@internal@shdfnd@physx@@AEAAXI@Z 0000000180014d00 f i GuMeshFactory.obj
 0001:00013d00       ?reserveInternal@?$HashBase@PEAVTriangleMesh@Gu@physx@@PEAV123@U?$Hash@PEAVTriangleMesh@Gu@physx@@@shdfnd@3@UGetKey@?$HashSetBase@PEAVTriangleMesh@Gu@physx@@U?$Hash@PEAVTriangleMesh@Gu@physx@@@shdfnd@3@VNonTrackingAllocator@53@$00@internal@53@VNonTrackingAllocator@53@$00@internal@shdfnd@physx@@AEAAXI@Z 0000000180014d00 f i GuMeshFactory.obj
 0001:00013ed0       ??4BigConvexData@physx@@QEAAAEAV01@AEBV01@@Z 0000000180014ed0 f i GuMetaData.obj
 0001:00013ef0       ?GetAdjacentVerts@BigConvexData@physx@@QEBAPEBEXZ 0000000180014ef0 f i GuMetaData.obj
 0001:00013f00       ?GetNbNeighbors@BigConvexData@physx@@QEBAGI@Z 0000000180014f00 f i GuMetaData.obj
 0001:00013f00       ?GetValency@BigConvexData@physx@@QEBAGI@Z 0000000180014f00 f i GuMetaData.obj
 0001:00013f10       ?GetNbSamples@BigConvexData@physx@@QEBAIXZ 0000000180014f10 f i GuMetaData.obj
 0001:00013f20       ?GetNbVerts@BigConvexData@physx@@QEBAIXZ 0000000180014f20 f i GuMetaData.obj
 0001:00013f30       ?GetNeighbors@BigConvexData@physx@@QEBAPEBEI@Z 0000000180014f30 f i GuMetaData.obj
 0001:00013f40       ?GetOffset@BigConvexData@physx@@QEBAGI@Z 0000000180014f40 f i GuMetaData.obj
 0001:00013f50       ?GetSubdiv@BigConvexData@physx@@QEBAIXZ 0000000180014f50 f i GuMetaData.obj
 0001:00013f60       ?getBinaryMetaData@BV4Tree@Gu@physx@@SAXAEAVPxOutputStream@3@@Z 0000000180014f60 f   GuMetaData.obj
 0001:00014310       ?getBinaryMetaData@BV4TriangleMesh@Gu@physx@@SAXAEAVPxOutputStream@3@@Z 0000000180015310 f   GuMetaData.obj
 0001:00014600       ?getBinaryMetaData@BigConvexData@physx@@SAXAEAVPxOutputStream@2@@Z 0000000180015600 f   GuMetaData.obj
 0001:000148e0       ?getBinaryMetaData@ConvexMesh@Gu@physx@@SAXAEAVPxOutputStream@3@@Z 00000001800158e0 f   GuMetaData.obj
 0001:00014f80       ?getBinaryMetaData@GeometryUnion@Gu@physx@@SAXAEAVPxOutputStream@3@@Z 0000000180015f80 f   GuMetaData.obj
 0001:00015600       ?getBinaryMetaData@HeightField@Gu@physx@@SAXAEAVPxOutputStream@3@@Z 0000000180016600 f   GuMetaData.obj
 0001:00015a50       ?getBinaryMetaData@MaterialIndicesStruct@physx@@SAXAEAVPxOutputStream@2@@Z 0000000180016a50 f   GuMetaData.obj
 0001:00015c00       ?getBinaryMetaData@RTree@Gu@physx@@SAXAEAVPxOutputStream@3@@Z 0000000180016c00 f   GuMetaData.obj
 0001:00015f50       ?getBinaryMetaData@RTreeTriangleMesh@Gu@physx@@SAXAEAVPxOutputStream@3@@Z 0000000180016f50 f   GuMetaData.obj
 0001:00016840       ?getBinaryMetaData@TriangleMesh@Gu@physx@@SAXAEAVPxOutputStream@3@@Z 0000000180017840 f   GuMetaData.obj
 0001:00017d60       ?doSupport@?$SupportLocalImpl@VConvexHullV@Gu@physx@@@Gu@physx@@UEBA?AT__m128@@AEBT4@@Z 0000000180018d60 f i GuMTD.obj
 0001:00017e40       ?doSupport@?$SupportLocalImpl@VConvexHullV@Gu@physx@@@Gu@physx@@UEBAXAEBT__m128@@AEAT4@1@Z 0000000180018e40 f i GuMTD.obj
 0001:000181a0       ?populateVerts@?$SupportLocalImpl@VConvexHullV@Gu@physx@@@Gu@physx@@UEBAXPEBEIPEBVPxVec3@3@PEAT__m128@@@Z 00000001800191a0 f i GuMTD.obj
 0001:00018200       ??_E?$SupportLocalImpl@VBoxV@Gu@physx@@@Gu@physx@@UEAAPEAXI@Z 0000000180019200 f i GuMTD.obj
 0001:00018200       ??_E?$SupportLocalImpl@VConvexHullNoScaleV@Gu@physx@@@Gu@physx@@UEAAPEAXI@Z 0000000180019200 f i GuMTD.obj
 0001:00018200       ??_E?$SupportLocalImpl@VConvexHullV@Gu@physx@@@Gu@physx@@UEAAPEAXI@Z 0000000180019200 f i GuMTD.obj
 0001:00018200       ??_E?$SupportLocalImpl@VTriangleV@Gu@physx@@@Gu@physx@@UEAAPEAXI@Z 0000000180019200 f i GuPCMContactConvexCommon.obj
 0001:00018200       ??_G?$SupportLocalImpl@VBoxV@Gu@physx@@@Gu@physx@@UEAAPEAXI@Z 0000000180019200 f i GuMTD.obj
 0001:00018200       ??_G?$SupportLocalImpl@VConvexHullNoScaleV@Gu@physx@@@Gu@physx@@UEAAPEAXI@Z 0000000180019200 f i GuMTD.obj
 0001:00018200       ??_G?$SupportLocalImpl@VConvexHullV@Gu@physx@@@Gu@physx@@UEAAPEAXI@Z 0000000180019200 f i GuMTD.obj
 0001:00018200       ??_G?$SupportLocalImpl@VTriangleV@Gu@physx@@@Gu@physx@@UEAAPEAXI@Z 0000000180019200 f i GuPCMContactConvexCommon.obj
 0001:00018230       ?doSupport@?$SupportLocalImpl@VConvexHullNoScaleV@Gu@physx@@@Gu@physx@@UEBA?AT__m128@@AEBT4@@Z 0000000180019230 f i GuMTD.obj
 0001:00018280       ?doSupport@?$SupportLocalImpl@VConvexHullNoScaleV@Gu@physx@@@Gu@physx@@UEBAXAEBT__m128@@AEAT4@1@Z 0000000180019280 f i GuMTD.obj
 0001:00018400       ?populateVerts@?$SupportLocalImpl@VBoxV@Gu@physx@@@Gu@physx@@UEBAXPEBEIPEBVPxVec3@3@PEAT__m128@@@Z 0000000180019400 f i GuMTD.obj
 0001:00018400       ?populateVerts@?$SupportLocalImpl@VConvexHullNoScaleV@Gu@physx@@@Gu@physx@@UEBAXPEBEIPEBVPxVec3@3@PEAT__m128@@@Z 0000000180019400 f i GuMTD.obj
 0001:00018440       ?doSupport@?$SupportLocalImpl@VBoxV@Gu@physx@@@Gu@physx@@UEBA?AT__m128@@AEBT4@@Z 0000000180019440 f i GuMTD.obj
 0001:00018470       ?doSupport@?$SupportLocalImpl@VBoxV@Gu@physx@@@Gu@physx@@UEBAXAEBT__m128@@AEAT4@1@Z 0000000180019470 f i GuMTD.obj
 0001:000184c0       ??_ESupportLocal@Gu@physx@@UEAAPEAXI@Z 00000001800194c0 f i GuMTD.obj
 0001:000184c0       ??_GSupportLocal@Gu@physx@@UEAAPEAXI@Z 00000001800194c0 f i GuMTD.obj
 0001:0001a2f0       ??$gjk@U?$LocalConvex@VCapsuleV@Gu@physx@@@Gu@physx@@U?$LocalConvex@VConvexHullV@Gu@physx@@@23@@Gu@physx@@YA?AW4GjkStatus@01@AEBU?$LocalConvex@VCapsuleV@Gu@physx@@@01@AEBU?$LocalConvex@VConvexHullV@Gu@physx@@@01@AEBT__m128@@2AEAT5@333@Z 000000018001b2f0 f i GuMTD.obj
 0001:0001af90       ??0MultiplePersistentContactManifold@Gu@physx@@QEAA@XZ 000000018001bf90 f i GuMTD.obj
 0001:0001aff0       ??0PolygonalBox@Gu@physx@@QEAA@AEBV012@@Z 000000018001bff0 f i GuMTD.obj
 0001:0001b270       ??0SeparatingAxes@Gu@physx@@QEAA@$$QEAV012@@Z 000000018001c270 f i GuMTD.obj
 0001:0001b270       ??0SeparatingAxes@Gu@physx@@QEAA@AEBV012@@Z 000000018001c270 f i GuMTD.obj
 0001:0001b380       ??0SeparatingAxes@Gu@physx@@QEAA@XZ 000000018001c380 f i GuMTD.obj
 0001:0001b390       ??4MultiplePersistentContactManifold@Gu@physx@@QEAAAEAV012@$$QEAV012@@Z 000000018001c390 f i GuMTD.obj
 0001:0001b6a0       ??4MultiplePersistentContactManifold@Gu@physx@@QEAAAEAV012@AEBV012@@Z 000000018001c6a0 f i GuMTD.obj
 0001:0001b6c0       ??4SeparatingAxes@Gu@physx@@QEAAAEAV012@$$QEAV012@@Z 000000018001c6c0 f i GuMTD.obj
 0001:0001b6c0       ??4SeparatingAxes@Gu@physx@@QEAAAEAV012@AEBV012@@Z 000000018001c6c0 f i GuMTD.obj
 0001:0001b7d0       ??_E?$LocalConvex@VBoxV@Gu@physx@@@Gu@physx@@UEAAPEAXI@Z 000000018001c7d0 f i GuSweepTests.obj
 0001:0001b7d0       ??_E?$LocalConvex@VCapsuleV@Gu@physx@@@Gu@physx@@UEAAPEAXI@Z 000000018001c7d0 f i GuMTD.obj
 0001:0001b7d0       ??_E?$LocalConvex@VConvexHullNoScaleV@Gu@physx@@@Gu@physx@@UEAAPEAXI@Z 000000018001c7d0 f i GuPCMContactBoxConvex.obj
 0001:0001b7d0       ??_E?$LocalConvex@VConvexHullV@Gu@physx@@@Gu@physx@@UEAAPEAXI@Z 000000018001c7d0 f i GuMTD.obj
 0001:0001b7d0       ??_E?$LocalConvex@VTriangleV@Gu@physx@@@Gu@physx@@UEAAPEAXI@Z 000000018001c7d0 f i GuSweepTests.obj
 0001:0001b7d0       ??_EGjkConvexBase@Gu@physx@@UEAAPEAXI@Z 000000018001c7d0 f i GuMTD.obj
 0001:0001b7d0       ??_G?$LocalConvex@VBoxV@Gu@physx@@@Gu@physx@@UEAAPEAXI@Z 000000018001c7d0 f i GuSweepTests.obj
 0001:0001b7d0       ??_G?$LocalConvex@VCapsuleV@Gu@physx@@@Gu@physx@@UEAAPEAXI@Z 000000018001c7d0 f i GuMTD.obj
 0001:0001b7d0       ??_G?$LocalConvex@VConvexHullNoScaleV@Gu@physx@@@Gu@physx@@UEAAPEAXI@Z 000000018001c7d0 f i GuPCMContactBoxConvex.obj
 0001:0001b7d0       ??_G?$LocalConvex@VConvexHullV@Gu@physx@@@Gu@physx@@UEAAPEAXI@Z 000000018001c7d0 f i GuMTD.obj
 0001:0001b7d0       ??_G?$LocalConvex@VTriangleV@Gu@physx@@@Gu@physx@@UEAAPEAXI@Z 000000018001c7d0 f i GuSweepTests.obj
 0001:0001b7d0       ??_GGjkConvexBase@Gu@physx@@UEAAPEAXI@Z 000000018001c7d0 f i GuMTD.obj
 0001:0001bf40       ?clearManifold@MultiplePersistentContactManifold@Gu@physx@@QEAAXXZ 000000018001cf40 f i GuMTD.obj
 0001:0001f840       ?getAxes@SeparatingAxes@Gu@physx@@QEBAPEBVPxVec3@3@XZ 0000000180020840 f i GuMTD.obj
 0001:0001f850       ?getCenter@?$LocalConvex@VBoxV@Gu@physx@@@Gu@physx@@UEBA?AT__m128@@XZ 0000000180020850 f i GuSweepTests.obj
 0001:0001f850       ?getCenter@?$LocalConvex@VCapsuleV@Gu@physx@@@Gu@physx@@UEBA?AT__m128@@XZ 0000000180020850 f i GuMTD.obj
 0001:0001f850       ?getCenter@?$LocalConvex@VConvexHullNoScaleV@Gu@physx@@@Gu@physx@@UEBA?AT__m128@@XZ 0000000180020850 f i GuPCMContactBoxConvex.obj
 0001:0001f850       ?getCenter@?$LocalConvex@VConvexHullV@Gu@physx@@@Gu@physx@@UEBA?AT__m128@@XZ 0000000180020850 f i GuMTD.obj
 0001:0001f850       ?getCenter@?$LocalConvex@VTriangleV@Gu@physx@@@Gu@physx@@UEBA?AT__m128@@XZ 0000000180020850 f i GuSweepTests.obj
 0001:0001f860       ?getEmptyManifold@MultiplePersistentContactManifold@Gu@physx@@QEAAPEAVSinglePersistentContactManifold@23@XZ 0000000180020860 f i GuMTD.obj
 0001:0001f880       ?getManifold@MultiplePersistentContactManifold@Gu@physx@@QEAAPEAVSinglePersistentContactManifold@23@I@Z 0000000180020880 f i GuMTD.obj
 0001:0001f8a0       ?getSweepMargin@?$LocalConvex@VCapsuleV@Gu@physx@@@Gu@physx@@UEBA?AT__m128@@XZ 00000001800208a0 f i GuMTD.obj
 0001:0001f8a0       ?getSweepMargin@?$RelativeConvex@VCapsuleV@Gu@physx@@@Gu@physx@@UEBA?AT__m128@@XZ 00000001800208a0 f i GuCCDSweepPrimitives.obj
 0001:0001f8b0       ?getSweepMargin@?$LocalConvex@VBoxV@Gu@physx@@@Gu@physx@@UEBA?AT__m128@@XZ 00000001800208b0 f i GuSweepTests.obj
 0001:0001f8b0       ?getSweepMargin@?$LocalConvex@VConvexHullNoScaleV@Gu@physx@@@Gu@physx@@UEBA?AT__m128@@XZ 00000001800208b0 f i GuPCMContactBoxConvex.obj
 0001:0001f8b0       ?getSweepMargin@?$LocalConvex@VConvexHullV@Gu@physx@@@Gu@physx@@UEBA?AT__m128@@XZ 00000001800208b0 f i GuMTD.obj
 0001:0001f8b0       ?getSweepMargin@?$RelativeConvex@VBoxV@Gu@physx@@@Gu@physx@@UEBA?AT__m128@@XZ 00000001800208b0 f i GuOverlapTests.obj
 0001:0001f8b0       ?getSweepMargin@?$RelativeConvex@VConvexHullNoScaleV@Gu@physx@@@Gu@physx@@UEBA?AT__m128@@XZ 00000001800208b0 f i GuPCMContactConvexConvex.obj
 0001:0001f8b0       ?getSweepMargin@?$RelativeConvex@VConvexHullV@Gu@physx@@@Gu@physx@@UEBA?AT__m128@@XZ 00000001800208b0 f i GuOverlapTests.obj
 0001:0001f8d0       ?hillClimbing@ConvexHullV@Gu@physx@@QEBAIAEBT__m128@@@Z 00000001800208d0 f i GuMTD.obj
 0001:0001fb00       ?initialize@MultiplePersistentContactManifold@Gu@physx@@QEAAXXZ 0000000180020b00 f i GuMTD.obj
 0001:0001fb60       ?invalidate@MultiplePersistentContactManifold@Gu@physx@@QEAAIAEBVPsTransformV@aos@shdfnd@3@AEBT__m128@@1@Z 0000000180020b60 f i GuMTD.obj
 0001:0001fbe0       ?invalidate@MultiplePersistentContactManifold@Gu@physx@@QEAAIAEBVPsTransformV@aos@shdfnd@3@AEBT__m128@@@Z 0000000180020be0 f i GuMTD.obj
 0001:0001fc60       ?maxTransformPositionDelta@MultiplePersistentContactManifold@Gu@physx@@QEAA?AT__m128@@AEBT4@@Z 0000000180020c60 f i GuMTD.obj
 0001:0001fca0       ?maxTransformQuatDelta@MultiplePersistentContactManifold@Gu@physx@@QEAA?AT__m128@@AEBT4@@Z 0000000180020ca0 f i GuMTD.obj
 0001:0001fce0       ?pointConvexDistance@@YA_NAEAVPxVec3@physx@@0AEAMAEBV12@PEBVConvexMesh@Gu@2@AEBVPxMeshScale@2@AEBVPxTransform@2@@Z 0000000180020ce0 f   GuMTD.obj
 0001:00020a60       ?reduceManifoldContactsInDifferentPatches@MultiplePersistentContactManifold@Gu@physx@@QEAAIPEAPEAUPCMContactPatch@23@IPEAVMeshPersistentContact@23@IAEBT__m128@@@Z 0000000180021a60 f i GuMTD.obj
 0001:00020bd0       ?refineContactPatchConnective@MultiplePersistentContactManifold@Gu@physx@@QEAAXPEAPEAUPCMContactPatch@23@IPEAVMeshPersistentContact@23@AEBT__m128@@@Z 0000000180021bd0 f i GuMTD.obj
 0001:00020cc0       ?refreshManifold@MultiplePersistentContactManifold@Gu@physx@@QEAAXAEBVPsMatTransformV@aos@shdfnd@3@AEBT__m128@@1@Z 0000000180021cc0 f i GuMTD.obj
 0001:00020dc0       ?reset@SeparatingAxes@Gu@physx@@QEAAXXZ 0000000180021dc0 f i GuMTD.obj
 0001:00020dd0       ?setRelativeTransform@MultiplePersistentContactManifold@Gu@physx@@QEAAXAEBVPsTransformV@aos@shdfnd@3@@Z 0000000180021dd0 f i GuMTD.obj
 0001:00020de0       ?support@?$LocalConvex@VCapsuleV@Gu@physx@@@Gu@physx@@UEBA?AT__m128@@AEBT4@@Z 0000000180021de0 f i GuMTD.obj
 0001:00020e40       ?support@?$LocalConvex@VCapsuleV@Gu@physx@@@Gu@physx@@UEBA?AT__m128@@AEBT4@AEAH@Z 0000000180021e40 f i GuMTD.obj
 0001:00020eb0       ?support@?$LocalConvex@VConvexHullV@Gu@physx@@@Gu@physx@@UEBA?AT__m128@@AEBT4@@Z 0000000180021eb0 f i GuMTD.obj
 0001:00020f90       ?support@?$LocalConvex@VConvexHullV@Gu@physx@@@Gu@physx@@UEBA?AT__m128@@AEBT4@AEAH@Z 0000000180021f90 f i GuMTD.obj
 0001:00021060       ?supportPoint@?$LocalConvex@VCapsuleV@Gu@physx@@@Gu@physx@@UEBA?AT__m128@@H@Z 0000000180022060 f i GuMTD.obj
 0001:00021090       ?supportPoint@?$LocalConvex@VConvexHullV@Gu@physx@@@Gu@physx@@UEBA?AT__m128@@H@Z 0000000180022090 f i GuMTD.obj
 0001:000210e0       ?supportVertexIndex@ConvexHullV@Gu@physx@@QEBAIAEBT__m128@@@Z 00000001800220e0 f i GuMTD.obj
 0001:00021340       ?toBuffer@MultiplePersistentContactManifold@Gu@physx@@QEAAXPEIAE@Z 0000000180022340 f i GuMTD.obj
 0001:00021420       ?supportPoint@?$RelativeConvex@VBoxV@Gu@physx@@@Gu@physx@@UEBA?AT__m128@@H@Z 0000000180022420 f i GuOverlapTests.obj
 0001:00021490       ?support@?$RelativeConvex@VBoxV@Gu@physx@@@Gu@physx@@UEBA?AT__m128@@AEBT4@@Z 0000000180022490 f i GuOverlapTests.obj
 0001:00021510       ?support@?$RelativeConvex@VBoxV@Gu@physx@@@Gu@physx@@UEBA?AT__m128@@AEBT4@AEAH@Z 0000000180022510 f i GuOverlapTests.obj
 0001:000215a0       ?getCenter@?$RelativeConvex@VBoxV@Gu@physx@@@Gu@physx@@UEBA?AT__m128@@XZ 00000001800225a0 f i GuOverlapTests.obj
 0001:000215a0       ?getCenter@?$RelativeConvex@VCapsuleV@Gu@physx@@@Gu@physx@@UEBA?AT__m128@@XZ 00000001800225a0 f i GuCCDSweepPrimitives.obj
 0001:000215a0       ?getCenter@?$RelativeConvex@VConvexHullNoScaleV@Gu@physx@@@Gu@physx@@UEBA?AT__m128@@XZ 00000001800225a0 f i GuPCMContactConvexConvex.obj
 0001:000215a0       ?getCenter@?$RelativeConvex@VConvexHullV@Gu@physx@@@Gu@physx@@UEBA?AT__m128@@XZ 00000001800225a0 f i GuOverlapTests.obj
 0001:000215a0       ?getCenter@?$RelativeConvex@VTriangleV@Gu@physx@@@Gu@physx@@UEBA?AT__m128@@XZ 00000001800225a0 f i GuCCDSweepPrimitives.obj
 0001:000215e0       ??_E?$RelativeConvex@VBoxV@Gu@physx@@@Gu@physx@@UEAAPEAXI@Z 00000001800225e0 f i GuOverlapTests.obj
 0001:000215e0       ??_E?$RelativeConvex@VCapsuleV@Gu@physx@@@Gu@physx@@UEAAPEAXI@Z 00000001800225e0 f i GuCCDSweepPrimitives.obj
 0001:000215e0       ??_E?$RelativeConvex@VConvexHullNoScaleV@Gu@physx@@@Gu@physx@@UEAAPEAXI@Z 00000001800225e0 f i GuPCMContactConvexConvex.obj
 0001:000215e0       ??_E?$RelativeConvex@VConvexHullV@Gu@physx@@@Gu@physx@@UEAAPEAXI@Z 00000001800225e0 f i GuOverlapTests.obj
 0001:000215e0       ??_E?$RelativeConvex@VTriangleV@Gu@physx@@@Gu@physx@@UEAAPEAXI@Z 00000001800225e0 f i GuCCDSweepPrimitives.obj
 0001:000215e0       ??_G?$RelativeConvex@VBoxV@Gu@physx@@@Gu@physx@@UEAAPEAXI@Z 00000001800225e0 f i GuOverlapTests.obj
 0001:000215e0       ??_G?$RelativeConvex@VCapsuleV@Gu@physx@@@Gu@physx@@UEAAPEAXI@Z 00000001800225e0 f i GuCCDSweepPrimitives.obj
 0001:000215e0       ??_G?$RelativeConvex@VConvexHullNoScaleV@Gu@physx@@@Gu@physx@@UEAAPEAXI@Z 00000001800225e0 f i GuPCMContactConvexConvex.obj
 0001:000215e0       ??_G?$RelativeConvex@VConvexHullV@Gu@physx@@@Gu@physx@@UEAAPEAXI@Z 00000001800225e0 f i GuOverlapTests.obj
 0001:000215e0       ??_G?$RelativeConvex@VTriangleV@Gu@physx@@@Gu@physx@@UEAAPEAXI@Z 00000001800225e0 f i GuCCDSweepPrimitives.obj
 0001:00023830       ?supportPoint@?$RelativeConvex@VConvexHullV@Gu@physx@@@Gu@physx@@UEBA?AT__m128@@H@Z 0000000180024830 f i GuOverlapTests.obj
 0001:000238b0       ?support@?$RelativeConvex@VConvexHullV@Gu@physx@@@Gu@physx@@UEBA?AT__m128@@AEBT4@@Z 00000001800248b0 f i GuOverlapTests.obj
 0001:000239e0       ?support@?$RelativeConvex@VConvexHullV@Gu@physx@@@Gu@physx@@UEBA?AT__m128@@AEBT4@AEAH@Z 00000001800249e0 f i GuOverlapTests.obj
 0001:00023b40       ??$gjk@U?$RelativeConvex@VBoxV@Gu@physx@@@Gu@physx@@U?$LocalConvex@VConvexHullV@Gu@physx@@@23@@Gu@physx@@YA?AW4GjkStatus@01@AEBU?$RelativeConvex@VBoxV@Gu@physx@@@01@AEBU?$LocalConvex@VConvexHullV@Gu@physx@@@01@AEBT__m128@@2AEAT5@333@Z 0000000180024b40 f i GuOverlapTests.obj
 0001:00024810       ??$gjk@U?$RelativeConvex@VConvexHullV@Gu@physx@@@Gu@physx@@U?$LocalConvex@VConvexHullV@Gu@physx@@@23@@Gu@physx@@YA?AW4GjkStatus@01@AEBU?$RelativeConvex@VConvexHullV@Gu@physx@@@01@AEBU?$LocalConvex@VConvexHullV@Gu@physx@@@01@AEBT__m128@@2AEAT5@333@Z 0000000180025810 f i GuOverlapTests.obj
 0001:00025550       ?ComputeCubemapNearestOffset@physx@@YAIAEBVPxVec3@1@I@Z 0000000180026550 f i GuOverlapTests.obj
 0001:00025660       ?getOverlapFuncTable@Gu@physx@@YAPEAY06Q6A_NAEBVPxGeometry@2@AEBVPxTransform@2@01PEAUTriggerCache@12@@ZXZ 0000000180026660 f   GuOverlapTests.obj
 0001:00027060       ?registerHeightFields@Gu@physx@@YAXXZ 0000000180028060 f   GuOverlapTests.obj
 0001:000270b0       ?raycast_box@@YAIAEBVPxGeometry@physx@@AEBVPxTransform@2@AEBVPxVec3@2@2MV?$PxFlags@W4Enum@PxHitFlag@physx@@G@2@IPEIAUPxRaycastHit@2@@Z 00000001800280b0 f   GuRaycastTests.obj
 0001:00027700       ?raycast_sphere@@YAIAEBVPxGeometry@physx@@AEBVPxTransform@2@AEBVPxVec3@2@2MV?$PxFlags@W4Enum@PxHitFlag@physx@@G@2@IPEIAUPxRaycastHit@2@@Z 0000000180028700 f   GuRaycastTests.obj
 0001:00027880       ?raycast_capsule@@YAIAEBVPxGeometry@physx@@AEBVPxTransform@2@AEBVPxVec3@2@2MV?$PxFlags@W4Enum@PxHitFlag@physx@@G@2@IPEIAUPxRaycastHit@2@@Z 0000000180028880 f   GuRaycastTests.obj
 0001:00027df0       ?raycast_plane@@YAIAEBVPxGeometry@physx@@AEBVPxTransform@2@AEBVPxVec3@2@2MV?$PxFlags@W4Enum@PxHitFlag@physx@@G@2@IPEIAUPxRaycastHit@2@@Z 0000000180028df0 f   GuRaycastTests.obj
 0001:00027f60       ?raycast_convexMesh@@YAIAEBVPxGeometry@physx@@AEBVPxTransform@2@AEBVPxVec3@2@2MV?$PxFlags@W4Enum@PxHitFlag@physx@@G@2@IPEIAUPxRaycastHit@2@@Z 0000000180028f60 f   GuRaycastTests.obj
 0001:00028aa0       ?raycast_triangleMesh@@YAIAEBVPxGeometry@physx@@AEBVPxTransform@2@AEBVPxVec3@2@2MV?$PxFlags@W4Enum@PxHitFlag@physx@@G@2@IPEIAUPxRaycastHit@2@@Z 0000000180029aa0 f   GuRaycastTests.obj
 0001:00029e00       ??Dphysx@@YA?AVMatrix34@Cm@0@AEBVPxMeshScale@0@AEBVPxTransform@0@@Z 000000018002ae00 f i GuRaycastTests.obj
 0001:0002a940       ?getRaycastFuncTable@Gu@physx@@YAAEAY06Q6AIAEBVPxGeometry@2@AEBVPxTransform@2@AEBVPxVec3@2@2MV?$PxFlags@W4Enum@PxHitFlag@physx@@G@2@IPEIAUPxRaycastHit@2@@ZXZ 000000018002b940 f   GuRaycastTests.obj
 0001:0002a950       ?raycast_heightField@@YAIAEBVPxGeometry@physx@@AEBVPxTransform@2@AEBVPxVec3@2@2MV?$PxFlags@W4Enum@PxHitFlag@physx@@G@2@IPEIAUPxRaycastHit@2@@Z 000000018002b950 f   GuRaycastTests.obj
 0001:0002b090       ?registerHeightFields_Raycasts@@YAXXZ 000000018002c090 f   GuRaycastTests.obj
 0001:0002b0a0       ?ReadHeader@Gu@physx@@YA_NEEEEAEAIAEA_NAEAVPxInputStream@2@@Z 000000018002c0a0 f   GuSerialize.obj
 0001:0002b200       ?ReadIndices@Gu@physx@@YAXGIPEAGAEAVPxInputStream@2@_N@Z 000000018002c200 f   GuSerialize.obj
 0001:0002b3b0       ?StoreIndices@Gu@physx@@YAXGIPEBGAEAVPxOutputStream@2@_N@Z 000000018002c3b0 f   GuSerialize.obj
 0001:0002b4a0       ?StoreIndices@Gu@physx@@YAXIIPEBIAEAVPxOutputStream@2@_N@Z 000000018002c4a0 f   GuSerialize.obj
 0001:0002b630       ?WriteHeader@Gu@physx@@YA_NEEEEI_NAEAVPxOutputStream@2@@Z 000000018002c630 f   GuSerialize.obj
 0001:0002b760       ?computeMaxIndex@physx@@YAGPEBGI@Z 000000018002c760 f   GuSerialize.obj
 0001:0002b790       ?computeMaxIndex@physx@@YAIPEBII@Z 000000018002c790 f   GuSerialize.obj
 0001:0002b7c0       ?readChunk@physx@@YAXAEAC000AEAVPxInputStream@1@@Z 000000018002c7c0 f   GuSerialize.obj
 0001:0002b840       ?readDword@physx@@YAI_NAEAVPxInputStream@1@@Z 000000018002c840 f   GuSerialize.obj
 0001:0002b8a0       ?readFloat@physx@@YAM_NAEAVPxInputStream@1@@Z 000000018002c8a0 f   GuSerialize.obj
 0001:0002b900       ?readFloatBuffer@physx@@YA_NPEAMI_NAEAVPxInputStream@1@@Z 000000018002c900 f   GuSerialize.obj
 0001:0002b980       ?readHeader@physx@@YA_NCCCCAEAIAEA_NAEAVPxInputStream@1@@Z 000000018002c980 f   GuSerialize.obj
 0001:0002bad0       ?readIndices@physx@@YAXIIPEAIAEAVPxInputStream@1@_N@Z 000000018002cad0 f   GuSerialize.obj
 0001:0002bc00       ?readWord@physx@@YAG_NAEAVPxInputStream@1@@Z 000000018002cc00 f   GuSerialize.obj
 0001:0002bc40       ?readWordBuffer@physx@@YAXPEAGI_NAEAVPxInputStream@1@@Z 000000018002cc40 f   GuSerialize.obj
 0001:0002bcb0       ?storeIndices@physx@@YAXIIPEBIAEAVPxOutputStream@1@_N@Z 000000018002ccb0 f   GuSerialize.obj
 0001:0002bdd0       ?writeDword@physx@@YAXI_NAEAVPxOutputStream@1@@Z 000000018002cdd0 f   GuSerialize.obj
 0001:0002be20       ?writeFloat@physx@@YAXM_NAEAVPxOutputStream@1@@Z 000000018002ce20 f   GuSerialize.obj
 0001:0002be70       ?writeFloatBuffer@physx@@YAXPEBMI_NAEAVPxOutputStream@1@@Z 000000018002ce70 f   GuSerialize.obj
 0001:0002bf10       ?writeHeader@physx@@YA_NCCCCI_NAEAVPxOutputStream@1@@Z 000000018002cf10 f   GuSerialize.obj
 0001:0002c040       ?writeWord@physx@@YAXG_NAEAVPxOutputStream@1@@Z 000000018002d040 f   GuSerialize.obj
 0001:0002c080       ?writeWordBuffer@physx@@YAXPEBGI_NAEAVPxOutputStream@1@@Z 000000018002d080 f   GuSerialize.obj
 0001:0002c100       ??Dphysx@@YA?AVMatrix34@Cm@0@AEBVPxTransform@0@AEBVPxMeshScale@0@@Z 000000018002d100 f i GuSweepMTD.obj
 0001:0002c740       ??_E?$MeshHitCallback@UPxRaycastHit@physx@@@Gu@physx@@UEAAPEAXI@Z 000000018002d740 f i GuSweepMTD.obj
 0001:0002c740       ??_G?$MeshHitCallback@UPxRaycastHit@physx@@@Gu@physx@@UEAAPEAXI@Z 000000018002d740 f i GuSweepMTD.obj
 0001:0002c770       ??_EMeshMTDGenerationCallback@@UEAAPEAXI@Z 000000018002d770 f i GuSweepMTD.obj
 0001:0002c770       ??_GMeshMTDGenerationCallback@@UEAAPEAXI@Z 000000018002d770 f i GuSweepMTD.obj
 0001:0002c7a0       ??_EMidPhaseQueryLocalReport@@UEAAPEAXI@Z 000000018002d7a0 f i GuSweepMTD.obj
 0001:0002c7a0       ??_GMidPhaseQueryLocalReport@@UEAAPEAXI@Z 000000018002d7a0 f i GuSweepMTD.obj
 0001:0002c7d0       ?allocate@?$ReflectionAllocator@I@shdfnd@physx@@QEAAPEAX_KPEBDH@Z 000000018002d7d0 f i GuSweepMTD.obj
 0001:0002c870       ?computeBox_HeightFieldMTD@Gu@physx@@YA_NAEBVPxHeightFieldGeometry@2@AEBVPxTransform@2@AEBVBox@12@1M_NIAEAUPxSweepHit@2@@Z 000000018002d870 f   GuSweepMTD.obj
 0001:0002d730       ?computeBox_TriangleMeshMTD@Gu@physx@@YA_NAEBVPxTriangleMeshGeometry@2@AEBVPxTransform@2@AEBVBox@12@1M_NAEAUPxSweepHit@2@@Z 000000018002e730 f   GuSweepMTD.obj
 0001:0002e380       ?computeCapsule_CapsuleMTD@Gu@physx@@YA_NAEBVCapsule@12@0AEAUPxSweepHit@2@@Z 000000018002f380 f   GuSweepMTD.obj
 0001:0002e5c0       ?computeCapsule_HeightFieldMTD@Gu@physx@@YA_NAEBVPxHeightFieldGeometry@2@AEBVPxTransform@2@AEAVCapsuleV@12@M_NIAEAUPxSweepHit@2@@Z 000000018002f5c0 f   GuSweepMTD.obj
 0001:0002ede0       ?computeCapsule_TriangleMeshMTD@Gu@physx@@YA_NAEBVPxTriangleMeshGeometry@2@AEBVPxTransform@2@AEAVCapsuleV@12@M_NAEAUPxSweepHit@2@@Z 000000018002fde0 f   GuSweepMTD.obj
 0001:0002f690       ?computeConvex_HeightFieldMTD@Gu@physx@@YA_NAEBVPxHeightFieldGeometry@2@AEBVPxTransform@2@AEBVPxConvexMeshGeometry@2@1M_NIAEAUPxSweepHit@2@@Z 0000000180030690 f   GuSweepMTD.obj
 0001:000309f0       ?computeConvex_TriangleMeshMTD@Gu@physx@@YA_NAEBVPxTriangleMeshGeometry@2@AEBVPxTransform@2@AEBVPxConvexMeshGeometry@2@1M_NAEAUPxSweepHit@2@@Z 00000001800319f0 f   GuSweepMTD.obj
 0001:00031c20       ?computePlane_BoxMTD@Gu@physx@@YA_NAEBVPxPlane@2@AEBVBox@12@AEAUPxSweepHit@2@@Z 0000000180032c20 f   GuSweepMTD.obj
 0001:00031eb0       ?computePlane_CapsuleMTD@Gu@physx@@YA_NAEBVPxPlane@2@AEBVCapsule@12@AEAUPxSweepHit@2@@Z 0000000180032eb0 f   GuSweepMTD.obj
 0001:00031fd0       ?computePlane_ConvexMTD@Gu@physx@@YA_NAEBVPxPlane@2@AEBVPxConvexMeshGeometry@2@AEBVPxTransform@2@AEAUPxSweepHit@2@@Z 0000000180032fd0 f   GuSweepMTD.obj
 0001:00032b60       ?computeSphere_CapsuleMTD@Gu@physx@@YA_NAEBVSphere@12@AEBVCapsule@12@AEAUPxSweepHit@2@@Z 0000000180033b60 f   GuSweepMTD.obj
 0001:00032d10       ?computeSphere_SphereMTD@Gu@physx@@YA_NAEBVSphere@12@0AEAUPxSweepHit@2@@Z 0000000180033d10 f   GuSweepMTD.obj
 0001:00032e00       ?getInverse@PxMat33@physx@@QEBA?BV12@XZ 0000000180033e00 f i GuSweepMTD.obj
 0001:00033050       ?growAndPushBack@?$Array@IV?$ReflectionAllocator@I@shdfnd@physx@@@shdfnd@physx@@IEAAAEAIAEBI@Z 0000000180034050 f i GuSweepMTD.obj
 0001:00033130       ?init@FastVertex2ShapeScaling@Cm@physx@@QEAAXAEBVPxVec3@3@AEBVPxQuat@3@@Z 0000000180034130 f i GuSweepMTD.obj
 0001:00033500       ?onEvent@MidPhaseQueryLocalReport@@UEAA_NIPEAI@Z 0000000180034500 f i GuSweepMTD.obj
 0001:00033570       ?processHit@MeshMTDGenerationCallback@@UEAA_NAEBUPxRaycastHit@physx@@AEBVPxVec3@3@11AEAMPEBI@Z 0000000180034570 f i GuSweepMTD.obj
 0001:000335c0       ?recreate@?$Array@IV?$ReflectionAllocator@I@shdfnd@physx@@@shdfnd@physx@@IEAAXI@Z 00000001800345c0 f i GuSweepMTD.obj
 0001:00033680       ??$gjkPenetration@U?$LocalConvex@VCapsuleV@Gu@physx@@@Gu@physx@@U?$LocalConvex@VConvexHullV@Gu@physx@@@23@@Gu@physx@@YA?AW4GjkStatus@01@AEBU?$LocalConvex@VCapsuleV@Gu@physx@@@01@AEBU?$LocalConvex@VConvexHullV@Gu@physx@@@01@AEBT__m128@@2_NPEIAE4AEAEAEAUGjkOutput@01@@Z 0000000180034680 f i GuSweepSharedTests.obj
 0001:00035220       ??$gjkPenetration@U?$RelativeConvex@VBoxV@Gu@physx@@@Gu@physx@@U?$LocalConvex@VConvexHullV@Gu@physx@@@23@@Gu@physx@@YA?AW4GjkStatus@01@AEBU?$RelativeConvex@VBoxV@Gu@physx@@@01@AEBU?$LocalConvex@VConvexHullV@Gu@physx@@@01@AEBT__m128@@2_NPEIAE4AEAEAEAUGjkOutput@01@@Z 0000000180036220 f i GuSweepSharedTests.obj
 0001:00036e10       ??$gjkPenetration@U?$RelativeConvex@VConvexHullV@Gu@physx@@@Gu@physx@@U?$LocalConvex@VConvexHullV@Gu@physx@@@23@@Gu@physx@@YA?AW4GjkStatus@01@AEBU?$RelativeConvex@VConvexHullV@Gu@physx@@@01@AEBU?$LocalConvex@VConvexHullV@Gu@physx@@@01@AEBT__m128@@2_NPEIAE4AEAEAEAUGjkOutput@01@@Z 0000000180037e10 f i GuSweepSharedTests.obj
 0001:00038a60       ??$gjkRaycast@U?$LocalConvex@VCapsuleV@Gu@physx@@@Gu@physx@@U?$LocalConvex@VConvexHullV@Gu@physx@@@23@@Gu@physx@@YA_NAEBU?$LocalConvex@VCapsuleV@Gu@physx@@@01@AEBU?$LocalConvex@VConvexHullV@Gu@physx@@@01@AEBT__m128@@222AEAT4@33M@Z 0000000180039a60 f i GuSweepSharedTests.obj
 0001:000397e0       ??$gjkRaycast@U?$RelativeConvex@VBoxV@Gu@physx@@@Gu@physx@@U?$LocalConvex@VConvexHullV@Gu@physx@@@23@@Gu@physx@@YA_NAEBU?$RelativeConvex@VBoxV@Gu@physx@@@01@AEBU?$LocalConvex@VConvexHullV@Gu@physx@@@01@AEBT__m128@@222AEAT4@33M@Z 000000018003a7e0 f i GuSweepSharedTests.obj
 0001:0003a5c0       ??$gjkRaycast@U?$RelativeConvex@VConvexHullV@Gu@physx@@@Gu@physx@@U?$LocalConvex@VConvexHullV@Gu@physx@@@23@@Gu@physx@@YA_NAEBU?$RelativeConvex@VConvexHullV@Gu@physx@@@01@AEBU?$LocalConvex@VConvexHullV@Gu@physx@@@01@AEBT__m128@@222AEAT4@33M@Z 000000018003b5c0 f i GuSweepSharedTests.obj
 0001:0003b3e0       ??$gjkRaycastPenetration@U?$LocalConvex@VCapsuleV@Gu@physx@@@Gu@physx@@U?$LocalConvex@VConvexHullV@Gu@physx@@@23@@Gu@physx@@YA_NAEBU?$LocalConvex@VCapsuleV@Gu@physx@@@01@AEBU?$LocalConvex@VConvexHullV@Gu@physx@@@01@AEBT__m128@@222AEAT4@33M_N@Z 000000018003c3e0 f i GuSweepSharedTests.obj
 0001:0003b610       ??$gjkRaycastPenetration@U?$RelativeConvex@VBoxV@Gu@physx@@@Gu@physx@@U?$LocalConvex@VConvexHullV@Gu@physx@@@23@@Gu@physx@@YA_NAEBU?$RelativeConvex@VBoxV@Gu@physx@@@01@AEBU?$LocalConvex@VConvexHullV@Gu@physx@@@01@AEBT__m128@@222AEAT4@33M_N@Z 000000018003c610 f i GuSweepSharedTests.obj
 0001:0003b8a0       ??$gjkRaycastPenetration@U?$RelativeConvex@VConvexHullV@Gu@physx@@@Gu@physx@@U?$LocalConvex@VConvexHullV@Gu@physx@@@23@@Gu@physx@@YA_NAEBU?$RelativeConvex@VConvexHullV@Gu@physx@@@01@AEBU?$LocalConvex@VConvexHullV@Gu@physx@@@01@AEBT__m128@@222AEAT4@33M_N@Z 000000018003c8a0 f i GuSweepSharedTests.obj
 0001:0003c4a0       ?sweepBox_ConvexGeom@@YA_NAEBVPxGeometry@physx@@AEBVPxTransform@2@AEBVPxBoxGeometry@2@1AEBVBox@Gu@2@AEBVPxVec3@2@MAEAUPxSweepHit@2@V?$PxFlags@W4Enum@PxHitFlag@physx@@G@2@M@Z 000000018003d4a0 f   GuSweepSharedTests.obj
 0001:0003d0a0       ?sweepBox_PlaneGeom@@YA_NAEBVPxGeometry@physx@@AEBVPxTransform@2@AEBVPxBoxGeometry@2@1AEBVBox@Gu@2@AEBVPxVec3@2@MAEAUPxSweepHit@2@V?$PxFlags@W4Enum@PxHitFlag@physx@@G@2@M@Z 000000018003e0a0 f   GuSweepSharedTests.obj
 0001:0003d460       ?sweepCapsuleTriangles@Gu@physx@@YA_NIPEBVPxTriangle@2@_NAEBVPxCapsuleGeometry@2@AEBVPxTransform@2@AEBVPxVec3@2@MAEAUPxSweepHit@2@PEBIMV?$PxFlags@W4Enum@PxHitFlag@physx@@G@2@@Z 000000018003e460 f   GuSweepSharedTests.obj
 0001:0003d660       ?sweepCapsule_CapsuleGeom@@YA_NAEBVPxGeometry@physx@@AEBVPxTransform@2@AEBVPxCapsuleGeometry@2@1AEBVCapsule@Gu@2@AEBVPxVec3@2@MAEAUPxSweepHit@2@V?$PxFlags@W4Enum@PxHitFlag@physx@@G@2@M@Z 000000018003e660 f   GuSweepSharedTests.obj
 0001:0003d850       ?sweepCapsule_ConvexGeom@@YA_NAEBVPxGeometry@physx@@AEBVPxTransform@2@AEBVPxCapsuleGeometry@2@1AEBVCapsule@Gu@2@AEBVPxVec3@2@MAEAUPxSweepHit@2@V?$PxFlags@W4Enum@PxHitFlag@physx@@G@2@M@Z 000000018003e850 f   GuSweepSharedTests.obj
 0001:0003e3e0       ?sweepCapsule_PlaneGeom@@YA_NAEBVPxGeometry@physx@@AEBVPxTransform@2@AEBVPxCapsuleGeometry@2@1AEBVCapsule@Gu@2@AEBVPxVec3@2@MAEAUPxSweepHit@2@V?$PxFlags@W4Enum@PxHitFlag@physx@@G@2@M@Z 000000018003f3e0 f   GuSweepSharedTests.obj
 0001:0003e6c0       ?sweepCapsule_SphereGeom@@YA_NAEBVPxGeometry@physx@@AEBVPxTransform@2@AEBVPxCapsuleGeometry@2@1AEBVCapsule@Gu@2@AEBVPxVec3@2@MAEAUPxSweepHit@2@V?$PxFlags@W4Enum@PxHitFlag@physx@@G@2@M@Z 000000018003f6c0 f   GuSweepSharedTests.obj
 0001:0003e850       ?sweepConvex_BoxGeom@@YA_NAEBVPxGeometry@physx@@AEBVPxTransform@2@AEBVPxConvexMeshGeometry@2@1AEBVPxVec3@2@MAEAUPxSweepHit@2@V?$PxFlags@W4Enum@PxHitFlag@physx@@G@2@M@Z 000000018003f850 f   GuSweepSharedTests.obj
 0001:0003ea60       ?sweepConvex_CapsuleGeom@@YA_NAEBVPxGeometry@physx@@AEBVPxTransform@2@AEBVPxConvexMeshGeometry@2@1AEBVPxVec3@2@MAEAUPxSweepHit@2@V?$PxFlags@W4Enum@PxHitFlag@physx@@G@2@M@Z 000000018003fa60 f   GuSweepSharedTests.obj
 0001:0003ec90       ?sweepConvex_ConvexGeom@@YA_NAEBVPxGeometry@physx@@AEBVPxTransform@2@AEBVPxConvexMeshGeometry@2@1AEBVPxVec3@2@MAEAUPxSweepHit@2@V?$PxFlags@W4Enum@PxHitFlag@physx@@G@2@M@Z 000000018003fc90 f   GuSweepSharedTests.obj
 0001:0003fc90       ?sweepConvex_PlaneGeom@@YA_NAEBVPxGeometry@physx@@AEBVPxTransform@2@AEBVPxConvexMeshGeometry@2@1AEBVPxVec3@2@MAEAUPxSweepHit@2@V?$PxFlags@W4Enum@PxHitFlag@physx@@G@2@M@Z 0000000180040c90 f   GuSweepSharedTests.obj
 0001:000400d0       ?sweepConvex_SphereGeom@@YA_NAEBVPxGeometry@physx@@AEBVPxTransform@2@AEBVPxConvexMeshGeometry@2@1AEBVPxVec3@2@MAEAUPxSweepHit@2@V?$PxFlags@W4Enum@PxHitFlag@physx@@G@2@M@Z 00000001800410d0 f   GuSweepSharedTests.obj
 0001:00040b00       ?sweepCapsule_BoxGeom@@YA_NAEBVPxGeometry@physx@@AEBVPxTransform@2@AEBVPxCapsuleGeometry@2@1AEBVCapsule@Gu@2@AEBVPxVec3@2@MAEAUPxSweepHit@2@V?$PxFlags@W4Enum@PxHitFlag@physx@@G@2@M@Z 0000000180041b00 f   GuSweepTests.obj
 0001:000413e0       ?sweepBox_SphereGeom@@YA_NAEBVPxGeometry@physx@@AEBVPxTransform@2@AEBVPxBoxGeometry@2@1AEBVBox@Gu@2@AEBVPxVec3@2@MAEAUPxSweepHit@2@V?$PxFlags@W4Enum@PxHitFlag@physx@@G@2@M@Z 00000001800423e0 f   GuSweepTests.obj
 0001:00041a60       ?sweepBox_CapsuleGeom@@YA_NAEBVPxGeometry@physx@@AEBVPxTransform@2@AEBVPxBoxGeometry@2@1AEBVBox@Gu@2@AEBVPxVec3@2@MAEAUPxSweepHit@2@V?$PxFlags@W4Enum@PxHitFlag@physx@@G@2@M@Z 0000000180042a60 f   GuSweepTests.obj
 0001:00042320       ?sweepBox_BoxGeom@@YA_NAEBVPxGeometry@physx@@AEBVPxTransform@2@AEBVPxBoxGeometry@2@1AEBVBox@Gu@2@AEBVPxVec3@2@MAEAUPxSweepHit@2@V?$PxFlags@W4Enum@PxHitFlag@physx@@G@2@M@Z 0000000180043320 f   GuSweepTests.obj
 0001:00042c80       ??$gjkPenetration@U?$LocalConvex@VCapsuleV@Gu@physx@@@Gu@physx@@U?$LocalConvex@VBoxV@Gu@physx@@@23@@Gu@physx@@YA?AW4GjkStatus@01@AEBU?$LocalConvex@VCapsuleV@Gu@physx@@@01@AEBU?$LocalConvex@VBoxV@Gu@physx@@@01@AEBT__m128@@2_NPEIAE4AEAEAEAUGjkOutput@01@@Z 0000000180043c80 f i GuSweepTests.obj
 0001:00044760       ??$gjkPenetration@U?$RelativeConvex@VBoxV@Gu@physx@@@Gu@physx@@U?$LocalConvex@VBoxV@Gu@physx@@@23@@Gu@physx@@YA?AW4GjkStatus@01@AEBU?$RelativeConvex@VBoxV@Gu@physx@@@01@AEBU?$LocalConvex@VBoxV@Gu@physx@@@01@AEBT__m128@@2_NPEIAE4AEAEAEAUGjkOutput@01@@Z 0000000180045760 f i GuSweepTests.obj
 0001:000462d0       ??$gjkRaycast@U?$LocalConvex@VCapsuleV@Gu@physx@@@Gu@physx@@U?$LocalConvex@VBoxV@Gu@physx@@@23@@Gu@physx@@YA_NAEBU?$LocalConvex@VCapsuleV@Gu@physx@@@01@AEBU?$LocalConvex@VBoxV@Gu@physx@@@01@AEBT__m128@@222AEAT4@33M@Z 00000001800472d0 f i GuSweepTests.obj
[...]
 0003:00003060       ?minV3Error@_VecMathTests@aos@shdfnd@physx@@3T__m128@@B 000000018013f060     GuPCMContactConvexConvex.obj
 0003:00003070       ?maxFError@_VecMathTests@aos@shdfnd@physx@@3T__m128@@B 000000018013f070     GuPCMContactConvexConvex.obj
 0003:00003080       ?maxV3Error@_VecMathTests@aos@shdfnd@physx@@3T__m128@@B 000000018013f080     GuPCMContactConvexHeightField.obj
 0003:00003090       ?minFError@_VecMathTests@aos@shdfnd@physx@@3T__m128@@B 000000018013f090     GuPCMContactConvexHeightField.obj
 0003:000030a0       ?maxV4Error@_VecMathTests@aos@shdfnd@physx@@3T__m128@@B 000000018013f0a0     GuPCMContactConvexHeightField.obj
 0003:000030b0       ?minV4Error@_VecMathTests@aos@shdfnd@physx@@3T__m128@@B 000000018013f0b0     GuPCMContactConvexHeightField.obj
 0003:000030c0       ?minV3Error@_VecMathTests@aos@shdfnd@physx@@3T__m128@@B 000000018013f0c0     GuPCMContactConvexHeightField.obj
 0003:000030d0       ?maxFError@_VecMathTests@aos@shdfnd@physx@@3T__m128@@B 000000018013f0d0     GuPCMContactConvexHeightField.obj
 0003:000030e0       ?maxV3Error@_VecMathTests@aos@shdfnd@physx@@3T__m128@@B 000000018013f0e0     GuPCMContactConvexMesh.obj
 0003:000030f0       ?minFError@_VecMathTests@aos@shdfnd@physx@@3T__m128@@B 000000018013f0f0     GuPCMContactConvexMesh.obj
 0003:00003100       ?maxV4Error@_VecMathTests@aos@shdfnd@physx@@3T__m128@@B 000000018013f100     GuPCMContactConvexMesh.obj
 0003:00003110       ?minV4Error@_VecMathTests@aos@shdfnd@physx@@3T__m128@@B 000000018013f110     GuPCMContactConvexMesh.obj
 0003:00003120       ?minV3Error@_VecMathTests@aos@shdfnd@physx@@3T__m128@@B 000000018013f120     GuPCMContactConvexMesh.obj
 0003:00003130       ?maxFError@_VecMathTests@aos@shdfnd@physx@@3T__m128@@B 000000018013f130     GuPCMContactConvexMesh.obj
 0003:00003140       ?maxV3Error@_VecMathTests@aos@shdfnd@physx@@3T__m128@@B 000000018013f140     GuPCMContactGenBoxConvex.obj
 0003:00003150       ?minFError@_VecMathTests@aos@shdfnd@physx@@3T__m128@@B 000000018013f150     GuPCMContactGenBoxConvex.obj
 0003:00003160       ?maxV4Error@_VecMathTests@aos@shdfnd@physx@@3T__m128@@B 000000018013f160     GuPCMContactGenBoxConvex.obj
 0003:00003170       ?minV4Error@_VecMathTests@aos@shdfnd@physx@@3T__m128@@B 000000018013f170     GuPCMContactGenBoxConvex.obj
 0003:00003180       ?minV3Error@_VecMathTests@aos@shdfnd@physx@@3T__m128@@B 000000018013f180     GuPCMContactGenBoxConvex.obj
 0003:00003190       ?maxFError@_VecMathTests@aos@shdfnd@physx@@3T__m128@@B 000000018013f190     GuPCMContactGenBoxConvex.obj
 0003:000031a0       ?maxV3Error@_VecMathTests@aos@shdfnd@physx@@3T__m128@@B 000000018013f1a0     GuPCMContactGenSphereCapsule.obj
 0003:000031b0       ?minFError@_VecMathTests@aos@shdfnd@physx@@3T__m128@@B 000000018013f1b0     GuPCMContactGenSphereCapsule.obj
 0003:000031c0       ?maxV4Error@_VecMathTests@aos@shdfnd@physx@@3T__m128@@B 000000018013f1c0     GuPCMContactGenSphereCapsule.obj
 0003:000031d0       ?minV4Error@_VecMathTests@aos@shdfnd@physx@@3T__m128@@B 000000018013f1d0     GuPCMContactGenSphereCapsule.obj
 0003:000031e0       ?minV3Error@_VecMathTests@aos@shdfnd@physx@@3T__m128@@B 000000018013f1e0     GuPCMContactGenSphereCapsule.obj
 0003:000031f0       ?maxFError@_VecMathTests@aos@shdfnd@physx@@3T__m128@@B 000000018013f1f0     GuPCMContactGenSphereCapsule.obj
 0003:00003200       ?maxV3Error@_VecMathTests@aos@shdfnd@physx@@3T__m128@@B 000000018013f200     GuPCMContactPlaneBox.obj
 0003:00003210       ?minFError@_VecMathTests@aos@shdfnd@physx@@3T__m128@@B 000000018013f210     GuPCMContactPlaneBox.obj
 0003:00003220       ?maxV4Error@_VecMathTests@aos@shdfnd@physx@@3T__m128@@B 000000018013f220     GuPCMContactPlaneBox.obj
 0003:00003230       ?minV4Error@_VecMathTests@aos@shdfnd@physx@@3T__m128@@B 000000018013f230     GuPCMContactPlaneBox.obj
 0003:00003240       ?minV3Error@_VecMathTests@aos@shdfnd@physx@@3T__m128@@B 000000018013f240     GuPCMContactPlaneBox.obj
 0003:00003250       ?maxFError@_VecMathTests@aos@shdfnd@physx@@3T__m128@@B 000000018013f250     GuPCMContactPlaneBox.obj
 0003:00003260       ?maxV3Error@_VecMathTests@aos@shdfnd@physx@@3T__m128@@B 000000018013f260     GuPCMContactPlaneCapsule.obj
 0003:00003270       ?minFError@_VecMathTests@aos@shdfnd@physx@@3T__m128@@B 000000018013f270     GuPCMContactPlaneCapsule.obj
 0003:00003280       ?maxV4Error@_VecMathTests@aos@shdfnd@physx@@3T__m128@@B 000000018013f280     GuPCMContactPlaneCapsule.obj
 0003:00003290       ?minV4Error@_VecMathTests@aos@shdfnd@physx@@3T__m128@@B 000000018013f290     GuPCMContactPlaneCapsule.obj
 0003:000032a0       ?minV3Error@_VecMathTests@aos@shdfnd@physx@@3T__m128@@B 000000018013f2a0     GuPCMContactPlaneCapsule.obj
 0003:000032b0       ?maxFError@_VecMathTests@aos@shdfnd@physx@@3T__m128@@B 000000018013f2b0     GuPCMContactPlaneCapsule.obj
 0003:000032c0       ?maxV3Error@_VecMathTests@aos@shdfnd@physx@@3T__m128@@B 000000018013f2c0     GuPCMContactPlaneConvex.obj
 0003:000032d0       ?minFError@_VecMathTests@aos@shdfnd@physx@@3T__m128@@B 000000018013f2d0     GuPCMContactPlaneConvex.obj
 0003:000032e0       ?maxV4Error@_VecMathTests@aos@shdfnd@physx@@3T__m128@@B 000000018013f2e0     GuPCMContactPlaneConvex.obj
 0003:000032f0       ?minV4Error@_VecMathTests@aos@shdfnd@physx@@3T__m128@@B 000000018013f2f0     GuPCMContactPlaneConvex.obj
 0003:00003300       ?minV3Error@_VecMathTests@aos@shdfnd@physx@@3T__m128@@B 000000018013f300     GuPCMContactPlaneConvex.obj
 0003:00003310       ?maxFError@_VecMathTests@aos@shdfnd@physx@@3T__m128@@B 000000018013f310     GuPCMContactPlaneConvex.obj
 0003:00003320       ?maxV3Error@_VecMathTests@aos@shdfnd@physx@@3T__m128@@B 000000018013f320     GuPCMContactSphereBox.obj
 0003:00003330       ?minFError@_VecMathTests@aos@shdfnd@physx@@3T__m128@@B 000000018013f330     GuPCMContactSphereBox.obj
 0003:00003340       ?maxV4Error@_VecMathTests@aos@shdfnd@physx@@3T__m128@@B 000000018013f340     GuPCMContactSphereBox.obj
 0003:00003350       ?minV4Error@_VecMathTests@aos@shdfnd@physx@@3T__m128@@B 000000018013f350     GuPCMContactSphereBox.obj
 0003:00003360       ?minV3Error@_VecMathTests@aos@shdfnd@physx@@3T__m128@@B 000000018013f360     GuPCMContactSphereBox.obj
 0003:00003370       ?maxFError@_VecMathTests@aos@shdfnd@physx@@3T__m128@@B 000000018013f370     GuPCMContactSphereBox.obj
 0003:00003380       ?maxV3Error@_VecMathTests@aos@shdfnd@physx@@3T__m128@@B 000000018013f380     GuPCMContactSphereCapsule.obj
 0003:00003390       ?minFError@_VecMathTests@aos@shdfnd@physx@@3T__m128@@B 000000018013f390     GuPCMContactSphereCapsule.obj
 0003:000033a0       ?maxV4Error@_VecMathTests@aos@shdfnd@physx@@3T__m128@@B 000000018013f3a0     GuPCMContactSphereCapsule.obj
 0003:000033b0       ?minV4Error@_VecMathTests@aos@shdfnd@physx@@3T__m128@@B 000000018013f3b0     GuPCMContactSphereCapsule.obj
 0003:000033c0       ?minV3Error@_VecMathTests@aos@shdfnd@physx@@3T__m128@@B 000000018013f3c0     GuPCMContactSphereCapsule.obj
 0003:000033d0       ?maxFError@_VecMathTests@aos@shdfnd@physx@@3T__m128@@B 000000018013f3d0     GuPCMContactSphereCapsule.obj
 0003:000033e0       ?maxV3Error@_VecMathTests@aos@shdfnd@physx@@3T__m128@@B 000000018013f3e0     GuPCMContactSphereConvex.obj
 0003:000033f0       ?minFError@_VecMathTests@aos@shdfnd@physx@@3T__m128@@B 000000018013f3f0     GuPCMContactSphereConvex.obj
 0003:00003400       ?maxV4Error@_VecMathTests@aos@shdfnd@physx@@3T__m128@@B 000000018013f400     GuPCMContactSphereConvex.obj
 0003:00003410       ?minV4Error@_VecMathTests@aos@shdfnd@physx@@3T__m128@@B 000000018013f410     GuPCMContactSphereConvex.obj
 0003:00003420       ?minV3Error@_VecMathTests@aos@shdfnd@physx@@3T__m128@@B 000000018013f420     GuPCMContactSphereConvex.obj
 0003:00003430       ?maxFError@_VecMathTests@aos@shdfnd@physx@@3T__m128@@B 000000018013f430     GuPCMContactSphereConvex.obj
 0003:00003440       ?maxV3Error@_VecMathTests@aos@shdfnd@physx@@3T__m128@@B 000000018013f440     GuPCMContactSphereHeightField.obj
 0003:00003450       ?minFError@_VecMathTests@aos@shdfnd@physx@@3T__m128@@B 000000018013f450     GuPCMContactSphereHeightField.obj
 0003:00003460       ?maxV4Error@_VecMathTests@aos@shdfnd@physx@@3T__m128@@B 000000018013f460     GuPCMContactSphereHeightField.obj
 0003:00003470       ?minV4Error@_VecMathTests@aos@shdfnd@physx@@3T__m128@@B 000000018013f470     GuPCMContactSphereHeightField.obj
 0003:00003480       ?minV3Error@_VecMathTests@aos@shdfnd@physx@@3T__m128@@B 000000018013f480     GuPCMContactSphereHeightField.obj
 0003:00003490       ?maxFError@_VecMathTests@aos@shdfnd@physx@@3T__m128@@B 000000018013f490     GuPCMContactSphereHeightField.obj
 0003:000034a0       ?maxV3Error@_VecMathTests@aos@shdfnd@physx@@3T__m128@@B 000000018013f4a0     GuPCMContactSphereMesh.obj
 0003:000034b0       ?minFError@_VecMathTests@aos@shdfnd@physx@@3T__m128@@B 000000018013f4b0     GuPCMContactSphereMesh.obj
 0003:000034c0       ?maxV4Error@_VecMathTests@aos@shdfnd@physx@@3T__m128@@B 000000018013f4c0     GuPCMContactSphereMesh.obj
 0003:000034d0       ?minV4Error@_VecMathTests@aos@shdfnd@physx@@3T__m128@@B 000000018013f4d0     GuPCMContactSphereMesh.obj
 0003:000034e0       ?minV3Error@_VecMathTests@aos@shdfnd@physx@@3T__m128@@B 000000018013f4e0     GuPCMContactSphereMesh.obj
 0003:000034f0       ?maxFError@_VecMathTests@aos@shdfnd@physx@@3T__m128@@B 000000018013f4f0     GuPCMContactSphereMesh.obj
 0003:00003500       ?maxV3Error@_VecMathTests@aos@shdfnd@physx@@3T__m128@@B 000000018013f500     GuPCMContactSpherePlane.obj
 0003:00003510       ?minFError@_VecMathTests@aos@shdfnd@physx@@3T__m128@@B 000000018013f510     GuPCMContactSpherePlane.obj
 0003:00003520       ?maxV4Error@_VecMathTests@aos@shdfnd@physx@@3T__m128@@B 000000018013f520     GuPCMContactSpherePlane.obj
 0003:00003530       ?minV4Error@_VecMathTests@aos@shdfnd@physx@@3T__m128@@B 000000018013f530     GuPCMContactSpherePlane.obj
 0003:00003540       ?minV3Error@_VecMathTests@aos@shdfnd@physx@@3T__m128@@B 000000018013f540     GuPCMContactSpherePlane.obj
 0003:00003550       ?maxFError@_VecMathTests@aos@shdfnd@physx@@3T__m128@@B 000000018013f550     GuPCMContactSpherePlane.obj
 0003:00003560       ?maxV3Error@_VecMathTests@aos@shdfnd@physx@@3T__m128@@B 000000018013f560     GuPCMContactSphereSphere.obj
 0003:00003570       ?minFError@_VecMathTests@aos@shdfnd@physx@@3T__m128@@B 000000018013f570     GuPCMContactSphereSphere.obj
 0003:00003580       ?maxV4Error@_VecMathTests@aos@shdfnd@physx@@3T__m128@@B 000000018013f580     GuPCMContactSphereSphere.obj
 0003:00003590       ?minV4Error@_VecMathTests@aos@shdfnd@physx@@3T__m128@@B 000000018013f590     GuPCMContactSphereSphere.obj
 0003:000035a0       ?minV3Error@_VecMathTests@aos@shdfnd@physx@@3T__m128@@B 000000018013f5a0     GuPCMContactSphereSphere.obj
 0003:000035b0       ?maxFError@_VecMathTests@aos@shdfnd@physx@@3T__m128@@B 000000018013f5b0     GuPCMContactSphereSphere.obj
 0003:000035c0       ?maxV3Error@_VecMathTests@aos@shdfnd@physx@@3T__m128@@B 000000018013f5c0     GuPCMShapeConvex.obj
 0003:000035d0       ?minFError@_VecMathTests@aos@shdfnd@physx@@3T__m128@@B 000000018013f5d0     GuPCMShapeConvex.obj
 0003:000035e0       ?maxV4Error@_VecMathTests@aos@shdfnd@physx@@3T__m128@@B 000000018013f5e0     GuPCMShapeConvex.obj
 0003:000035f0       ?minV4Error@_VecMathTests@aos@shdfnd@physx@@3T__m128@@B 000000018013f5f0     GuPCMShapeConvex.obj
 0003:00003600       ?minV3Error@_VecMathTests@aos@shdfnd@physx@@3T__m128@@B 000000018013f600     GuPCMShapeConvex.obj
 0003:00003610       ?maxFError@_VecMathTests@aos@shdfnd@physx@@3T__m128@@B 000000018013f610     GuPCMShapeConvex.obj
 0003:00003620       ?maxV3Error@_VecMathTests@aos@shdfnd@physx@@3T__m128@@B 000000018013f620     GuPCMTriangleContactGen.obj
 0003:00003630       ?minFError@_VecMathTests@aos@shdfnd@physx@@3T__m128@@B 000000018013f630     GuPCMTriangleContactGen.obj
 0003:00003640       ?maxV4Error@_VecMathTests@aos@shdfnd@physx@@3T__m128@@B 000000018013f640     GuPCMTriangleContactGen.obj
 0003:00003650       ?minV4Error@_VecMathTests@aos@shdfnd@physx@@3T__m128@@B 000000018013f650     GuPCMTriangleContactGen.obj
 0003:00003660       ?minV3Error@_VecMathTests@aos@shdfnd@physx@@3T__m128@@B 000000018013f660     GuPCMTriangleContactGen.obj
 0003:00003670       ?maxFError@_VecMathTests@aos@shdfnd@physx@@3T__m128@@B 000000018013f670     GuPCMTriangleContactGen.obj
 0003:00003680       ?maxV3Error@_VecMathTests@aos@shdfnd@physx@@3T__m128@@B 000000018013f680     GuPersistentContactManifold.obj
 0003:00003690       ?minFError@_VecMathTests@aos@shdfnd@physx@@3T__m128@@B 000000018013f690     GuPersistentContactManifold.obj
 0003:000036a0       ?maxV4Error@_VecMathTests@aos@shdfnd@physx@@3T__m128@@B 000000018013f6a0     GuPersistentContactManifold.obj
 0003:000036b0       ?minV4Error@_VecMathTests@aos@shdfnd@physx@@3T__m128@@B 000000018013f6b0     GuPersistentContactManifold.obj
 0003:000036c0       ?minV3Error@_VecMathTests@aos@shdfnd@physx@@3T__m128@@B 000000018013f6c0     GuPersistentContactManifold.obj
 0003:000036d0       ?maxFError@_VecMathTests@aos@shdfnd@physx@@3T__m128@@B 000000018013f6d0     GuPersistentContactManifold.obj
 0003:000036e0       ?maxV3Error@_VecMathTests@aos@shdfnd@physx@@3T__m128@@B 000000018013f6e0     GuSweepBoxBox.obj
 0003:000036f0       ?minFError@_VecMathTests@aos@shdfnd@physx@@3T__m128@@B 000000018013f6f0     GuSweepBoxBox.obj
 0003:00003700       ?maxV4Error@_VecMathTests@aos@shdfnd@physx@@3T__m128@@B 000000018013f700     GuSweepBoxBox.obj
 0003:00003710       ?minV4Error@_VecMathTests@aos@shdfnd@physx@@3T__m128@@B 000000018013f710     GuSweepBoxBox.obj
 0003:00003720       ?minV3Error@_VecMathTests@aos@shdfnd@physx@@3T__m128@@B 000000018013f720     GuSweepBoxBox.obj
 0003:00003730       ?maxFError@_VecMathTests@aos@shdfnd@physx@@3T__m128@@B 000000018013f730     GuSweepBoxBox.obj
 0003:00003740       ?maxV3Error@_VecMathTests@aos@shdfnd@physx@@3T__m128@@B 000000018013f740     GuSweepBoxSphere.obj
 0003:00003750       ?minFError@_VecMathTests@aos@shdfnd@physx@@3T__m128@@B 000000018013f750     GuSweepBoxSphere.obj
 0003:00003760       ?maxV4Error@_VecMathTests@aos@shdfnd@physx@@3T__m128@@B 000000018013f760     GuSweepBoxSphere.obj
 0003:00003770       ?minV4Error@_VecMathTests@aos@shdfnd@physx@@3T__m128@@B 000000018013f770     GuSweepBoxSphere.obj
 0003:00003780       ?minV3Error@_VecMathTests@aos@shdfnd@physx@@3T__m128@@B 000000018013f780     GuSweepBoxSphere.obj
 0003:00003790       ?maxFError@_VecMathTests@aos@shdfnd@physx@@3T__m128@@B 000000018013f790     GuSweepBoxSphere.obj
 0003:000037a0       ?maxV3Error@_VecMathTests@aos@shdfnd@physx@@3T__m128@@B 000000018013f7a0     GuSweepBoxTriangle_FeatureBased.obj
 0003:000037b0       ?minFError@_VecMathTests@aos@shdfnd@physx@@3T__m128@@B 000000018013f7b0     GuSweepBoxTriangle_FeatureBased.obj
 0003:000037c0       ?maxV4Error@_VecMathTests@aos@shdfnd@physx@@3T__m128@@B 000000018013f7c0     GuSweepBoxTriangle_FeatureBased.obj
 0003:000037d0       ?minV4Error@_VecMathTests@aos@shdfnd@physx@@3T__m128@@B 000000018013f7d0     GuSweepBoxTriangle_FeatureBased.obj
 0003:000037e0       ?minV3Error@_VecMathTests@aos@shdfnd@physx@@3T__m128@@B 000000018013f7e0     GuSweepBoxTriangle_FeatureBased.obj
 0003:000037f0       ?maxFError@_VecMathTests@aos@shdfnd@physx@@3T__m128@@B 000000018013f7f0     GuSweepBoxTriangle_FeatureBased.obj
 0003:00003800       ?maxV3Error@_VecMathTests@aos@shdfnd@physx@@3T__m128@@B 000000018013f800     GuSweepBoxTriangle_SAT.obj
 0003:00003810       ?minFError@_VecMathTests@aos@shdfnd@physx@@3T__m128@@B 000000018013f810     GuSweepBoxTriangle_SAT.obj
 0003:00003820       ?maxV4Error@_VecMathTests@aos@shdfnd@physx@@3T__m128@@B 000000018013f820     GuSweepBoxTriangle_SAT.obj
 0003:00003830       ?minV4Error@_VecMathTests@aos@shdfnd@physx@@3T__m128@@B 000000018013f830     GuSweepBoxTriangle_SAT.obj
 0003:00003840       ?minV3Error@_VecMathTests@aos@shdfnd@physx@@3T__m128@@B 000000018013f840     GuSweepBoxTriangle_SAT.obj
 0003:00003850       ?maxFError@_VecMathTests@aos@shdfnd@physx@@3T__m128@@B 000000018013f850     GuSweepBoxTriangle_SAT.obj
 0003:00003860       ?maxV3Error@_VecMathTests@aos@shdfnd@physx@@3T__m128@@B 000000018013f860     GuSweepCapsuleBox.obj
 0003:00003870       ?minFError@_VecMathTests@aos@shdfnd@physx@@3T__m128@@B 000000018013f870     GuSweepCapsuleBox.obj
 0003:00003880       ?maxV4Error@_VecMathTests@aos@shdfnd@physx@@3T__m128@@B 000000018013f880     GuSweepCapsuleBox.obj
 0003:00003890       ?minV4Error@_VecMathTests@aos@shdfnd@physx@@3T__m128@@B 000000018013f890     GuSweepCapsuleBox.obj
 0003:000038a0       ?minV3Error@_VecMathTests@aos@shdfnd@physx@@3T__m128@@B 000000018013f8a0     GuSweepCapsuleBox.obj
 0003:000038b0       ?maxFError@_VecMathTests@aos@shdfnd@physx@@3T__m128@@B 000000018013f8b0     GuSweepCapsuleBox.obj
 0003:000038c0       ?maxV3Error@_VecMathTests@aos@shdfnd@physx@@3T__m128@@B 000000018013f8c0     GuSweepCapsuleTriangle.obj
 0003:000038d0       ?minFError@_VecMathTests@aos@shdfnd@physx@@3T__m128@@B 000000018013f8d0     GuSweepCapsuleTriangle.obj
 0003:000038e0       ?maxV4Error@_VecMathTests@aos@shdfnd@physx@@3T__m128@@B 000000018013f8e0     GuSweepCapsuleTriangle.obj
 0003:000038f0       ?minV4Error@_VecMathTests@aos@shdfnd@physx@@3T__m128@@B 000000018013f8f0     GuSweepCapsuleTriangle.obj
 0003:00003900       ?minV3Error@_VecMathTests@aos@shdfnd@physx@@3T__m128@@B 000000018013f900     GuSweepCapsuleTriangle.obj
 0003:00003910       ?maxFError@_VecMathTests@aos@shdfnd@physx@@3T__m128@@B 000000018013f910     GuSweepCapsuleTriangle.obj
 0003:00003920       ?maxV3Error@_VecMathTests@aos@shdfnd@physx@@3T__m128@@B 000000018013f920     GuSweepSphereTriangle.obj
 0003:00003930       ?minFError@_VecMathTests@aos@shdfnd@physx@@3T__m128@@B 000000018013f930     GuSweepSphereTriangle.obj
 0003:00003940       ?maxV4Error@_VecMathTests@aos@shdfnd@physx@@3T__m128@@B 000000018013f940     GuSweepSphereTriangle.obj
 0003:00003950       ?minV4Error@_VecMathTests@aos@shdfnd@physx@@3T__m128@@B 000000018013f950     GuSweepSphereTriangle.obj
 0003:00003960       ?minV3Error@_VecMathTests@aos@shdfnd@physx@@3T__m128@@B 000000018013f960     GuSweepSphereTriangle.obj
 0003:00003970       ?maxFError@_VecMathTests@aos@shdfnd@physx@@3T__m128@@B 000000018013f970     GuSweepSphereTriangle.obj
 0003:00003980       ?maxV3Error@_VecMathTests@aos@shdfnd@physx@@3T__m128@@B 000000018013f980     GuSweepTriangleUtils.obj
 0003:00003990       ?minFError@_VecMathTests@aos@shdfnd@physx@@3T__m128@@B 000000018013f990     GuSweepTriangleUtils.obj
 0003:000039a0       ?maxV4Error@_VecMathTests@aos@shdfnd@physx@@3T__m128@@B 000000018013f9a0     GuSweepTriangleUtils.obj
 0003:000039b0       ?minV4Error@_VecMathTests@aos@shdfnd@physx@@3T__m128@@B 000000018013f9b0     GuSweepTriangleUtils.obj
 0003:000039c0       ?minV3Error@_VecMathTests@aos@shdfnd@physx@@3T__m128@@B 000000018013f9c0     GuSweepTriangleUtils.obj
 0003:000039d0       ?maxFError@_VecMathTests@aos@shdfnd@physx@@3T__m128@@B 000000018013f9d0     GuSweepTriangleUtils.obj
 0003:00003a30       ?__proc_attached@@3HA      000000018013fa30     MSVCRT:dll_dllmain.obj
 0003:00003a60       ?is_initialized_as_dll@@3_NA 000000018013fa60     MSVCRT:utility.obj
 0003:00003a61       ?module_local_atexit_table_initialized@@3_NA 000000018013fa61     MSVCRT:utility.obj
 0003:00003a68       ?module_local_atexit_table@@3U_onexit_table_t@@A 000000018013fa68     MSVCRT:utility.obj
 0003:00003a80       ?module_local_at_quick_exit_table@@3U_onexit_table_t@@A 000000018013fa80     MSVCRT:utility.obj
 0005:00000000       _2il0floatpacket$19        0000000180146000     MSVCRT:svml_ssinf4_sse2.obj
 0005:00002200       _vmlsSinHATab              0000000180148200     MSVCRT:svml_s_sin_cout.obj
 0006:000000a0       $R000000                   00000001801490a0     PhysXCommon.res
 0006:000003d0       $R000330                   00000001801493d0     PhysXCommon.res
