 PhysXCooking_64

 Timestamp is 68301971 (Fri May 23 15:45:05 2025)

 Preferred load address is 0000000180000000

 Start         Length     Name                   Class
 0001:00000000 000003c0H .text$di                CODE
 0001:000003c0 000295e0H .text$mn                CODE
 0001:000299a0 00000036H .text$mn$00             CODE
 0001:000299d6 00000092H .text$x                 CODE
 0002:00000000 00000180H .idata$5                DATA
 0002:00000180 00000038H .00cfg                  DATA
 0002:000001b8 00000008H .CRT$XCA                DATA
 0002:000001c0 000001e0H .CRT$XCU                DATA
 0002:000003a0 00000008H .CRT$XCZ                DATA
 0002:000003a8 00000008H .CRT$XIA                DATA
 0002:000003b0 00000008H .CRT$XIZ                DATA
 0002:000003b8 00000008H .CRT$XPA                DATA
 0002:000003c0 00000008H .CRT$XPZ                DATA
 0002:000003c8 00000008H .CRT$XTA                DATA
 0002:000003d0 00000010H .CRT$XTZ                DATA
 0002:000003d8 00000000H .gehcont$y              DATA
 0002:000003d8 00000000H .gfids$y                DATA
 0002:000003e0 00001fa0H .rdata                  DATA
 0002:00002380 00000000H .rdata$CastGuardVftablesA DATA
 0002:00002380 00000000H .rdata$CastGuardVftablesC DATA
 0002:00002380 00000074H .rdata$r                DATA
 0002:000023f4 000000b8H .rdata$voltmd           DATA
 0002:000024ac 000003d4H .rdata$zzzdbg           DATA
 0002:00002880 00000008H .rtc$IAA                DATA
 0002:00002888 00000008H .rtc$IZZ                DATA
 0002:00002890 00000008H .rtc$TAA                DATA
 0002:00002898 00000008H .rtc$TZZ                DATA
 0002:000028a0 00002e68H .xdata                  DATA
 0002:00005708 00000040H .didat$2                DATA
 0002:00005748 00000020H .didat$3                DATA
 0002:00005768 00000188H .didat$4                DATA
 0002:000058f0 00000950H .didat$6                DATA
 0002:00006240 000002b0H .didat$7                DATA
 0002:000064f0 00001d00H .edata                  DATA
 0002:000081f0 00000078H .idata$2                DATA
 0002:00008268 00000018H .idata$3                DATA
 0002:00008280 00000180H .idata$4                DATA
 0002:00008400 000003d4H .idata$6                DATA
 0003:00000000 000000e0H .data                   DATA
 0003:000000e0 00000598H .data$r                 DATA
 0003:00000678 00000020H .data$rs                DATA
 0003:00000698 00000188H .didat$5                DATA
 0003:00000820 00000498H .bss                    DATA
 0004:00000000 00001f20H .pdata                  DATA
 0005:00000000 00002208H _RDATA                  DATA
 0006:00000000 000000a0H .rsrc$01                DATA
 0006:000000a0 000004b0H .rsrc$02                DATA

  Address         Publics by Value              Rva+Base               Lib:Object

 0000:00000000       __AbsoluteZero             0000000000000000     <absolute>
 0000:00000000       ___safe_se_handler_count   0000000000000000     <absolute>
 0000:00000000       ___safe_se_handler_table   0000000000000000     <absolute>
 0000:00000000       __arm64x_extra_rfe_table   0000000000000000     <absolute>
 0000:00000000       __arm64x_extra_rfe_table_size 0000000000000000     <absolute>
 0000:00000000       __arm64x_native_entrypoint 0000000000000000     <absolute>
 0000:00000000       __arm64x_redirection_metadata 0000000000000000     <absolute>
 0000:00000000       __arm64x_redirection_metadata_count 0000000000000000     <absolute>
 0000:00000000       __dynamic_value_reloc_table 0000000000000000     <absolute>
 0000:00000000       __enclave_config           0000000000000000     <absolute>
 0000:00000000       __guard_check_icall_a64n_fptr 0000000000000000     <absolute>
 0000:00000000       __guard_eh_cont_count      0000000000000000     <absolute>
 0000:00000000       __guard_eh_cont_table      0000000000000000     <absolute>
 0000:00000000       __guard_fids_count         0000000000000000     <absolute>
 0000:00000000       __guard_fids_table         0000000000000000     <absolute>
 0000:00000000       __guard_iat_count          0000000000000000     <absolute>
 0000:00000000       __guard_iat_table          0000000000000000     <absolute>
 0000:00000000       __guard_longjmp_count      0000000000000000     <absolute>
 0000:00000000       __guard_longjmp_table      0000000000000000     <absolute>
 0000:00000000       __hybrid_auxiliary_delayload_iat 0000000000000000     <absolute>
 0000:00000000       __hybrid_auxiliary_delayload_iat_copy 0000000000000000     <absolute>
 0000:00000000       __hybrid_auxiliary_iat     0000000000000000     <absolute>
 0000:00000000       __hybrid_auxiliary_iat_copy 0000000000000000     <absolute>
 0000:00000000       __hybrid_code_map          0000000000000000     <absolute>
 0000:00000000       __hybrid_code_map_count    0000000000000000     <absolute>
 0000:00000000       __hybrid_image_info_bitfield 0000000000000000     <absolute>
 0000:00000000       __x64_code_ranges_to_entry_points 0000000000000000     <absolute>
 0000:00000000       __x64_code_ranges_to_entry_points_count 0000000000000000     <absolute>
 0000:00000100       __guard_flags              0000000000000100     <absolute>
 0000:00000000       __ImageBase                0000000180000000     <linker-defined>
 0001:000003c0       ??$?_UV?$ReflectionAllocator@VAdjTriangle@physx@@@shdfnd@physx@@@UserAllocated@shdfnd@physx@@SAPEAX_KV?$ReflectionAllocator@VAdjTriangle@physx@@@12@PEBDH@Z 00000001800013c0 f i Adjacencies.obj
 0001:00000460       ??0AdjacenciesBuilder@physx@@QEAA@XZ 0000000180001460 f   Adjacencies.obj
 0001:00000470       ??0AABBTreeBuildNode@Gu@physx@@QEAA@XZ 0000000180001470 f i BVHStructureBuilder.obj
 0001:00000470       ??0Allocator@shdfnd@physx@@QEAA@PEBD@Z 0000000180001470 f i Adjacencies.obj
 0001:00000470       ??0BigConvexData@physx@@QEAA@W4PxEMPTY@1@@Z 0000000180001470 f i BigConvexDataBuilder.obj
 0001:00000470       ??0Box@Gu@physx@@QEAA@XZ   0000000180001470 f i ConvexHullUtils.obj
 0001:00000470       ??0HeightFieldData@Gu@physx@@QEAA@W4PxEMPTY@2@@Z 0000000180001470 f i Cooking.obj
 0001:00000470       ??4Allocator@shdfnd@physx@@QEAAAEAV012@$$QEAV012@@Z 0000000180001470 f i Adjacencies.obj
 0001:00000470       ??4Allocator@shdfnd@physx@@QEAAAEAV012@AEBV012@@Z 0000000180001470 f i Adjacencies.obj
 0001:00000470       ??4MutexImpl@shdfnd@physx@@QEAAAEAV012@AEBV012@@Z 0000000180001470 f i Adjacencies.obj
 0001:00000470       ??4PxFoundation@physx@@QEAAAEAV01@AEBV01@@Z 0000000180001470 f i Adjacencies.obj
 0001:00000470       ?getAABB@AABBTreeBuildNode@Gu@physx@@QEBAAEBVPxBounds3@3@XZ 0000000180001470 f i BVHStructureBuilder.obj
 0001:00000470       ?getPaddedBounds@HeightFieldData@Gu@physx@@QEBAAEBVCenterExtentsPadded@23@XZ 0000000180001470 f i Cooking.obj
 0001:00000480       ??0PxFoundation@physx@@QEAA@AEBV01@@Z 0000000180001480 f i Adjacencies.obj
 0001:00000480       ??0PxFoundation@physx@@QEAA@XZ 0000000180001480 f i Adjacencies.obj
 0001:00000490       ??1Adjacencies@physx@@QEAA@XZ 0000000180001490 f   Adjacencies.obj
 0001:00000500       ??1AdjacenciesBuilder@physx@@QEAA@XZ 0000000180001500 f   Adjacencies.obj
 0001:00000510       ??1PxFoundation@physx@@MEAA@XZ 0000000180001510 f i Adjacencies.obj
 0001:00000520       ??_EPxFoundation@physx@@MEAAPEAXI@Z 0000000180001520 f i Adjacencies.obj
 0001:000005b0       ??1AABBTreeBuildNode@Gu@physx@@QEAA@XZ 00000001800015b0 f i BVHStructureBuilder.obj
 0001:000005b0       ??1BigConvexDataBuilder@physx@@QEAA@XZ 00000001800015b0 f i BigConvexDataBuilder.obj
 0001:000005b0       ??1Box@Gu@physx@@QEAA@XZ   00000001800015b0 f i ConvexHullUtils.obj
 0001:000005b0       ??1HeightFieldData@Gu@physx@@QEAA@XZ 00000001800015b0 f i Cooking.obj
 0001:000005b0       ??_FAllocator@shdfnd@physx@@QEAAXXZ 00000001800015b0 f i Adjacencies.obj
 0001:000005b0       ?onMeshIndexFormatChange@TriangleMeshBuilder@physx@@UEAAXXZ 00000001800015b0 f i TriangleMeshBuilder.obj
 0001:000005b0       _guard_check_icall_nop     00000001800015b0 f i MSVCRT:guard_support.obj
 0001:000006c0       ?ComputeNbBoundaryEdges@Adjacencies@physx@@QEBAIXZ 00000001800016c0 f   Adjacencies.obj
 0001:000009b0       ?GetNbHits@RadixSort@Cm@physx@@QEBAIXZ 00000001800019b0 f i Adjacencies.obj
 0001:000009c0       ?GetNbTotalCalls@RadixSort@Cm@physx@@QEBAIXZ 00000001800019c0 f i Adjacencies.obj
 0001:000009d0       ?GetRanks@RadixSort@Cm@physx@@QEBAPEBIXZ 00000001800019d0 f i Adjacencies.obj
 0001:000009d0       ?getErrorCallback@Foundation@shdfnd@physx@@UEAAAEAVPxErrorCallback@3@XZ 00000001800019d0 f i Adjacencies.obj
 0001:000009e0       ?GetRecyclable@RadixSort@Cm@physx@@QEBAPEAIXZ 00000001800019e0 f i Adjacencies.obj
 0001:000009e0       ?GetValencies@BigConvexData@physx@@QEBAPEBUValency@Gu@2@XZ 00000001800019e0 f i BigConvexDataBuilder.obj
 0001:000009e0       ?getPos@AABBTreeBuildNode@Gu@physx@@QEBAPEBV123@XZ 00000001800019e0 f i BVHStructureBuilder.obj
 0001:000009f0       ?Init@AdjacenciesBuilder@physx@@QEAA_NAEBUADJACENCIESCREATE@2@@Z 00000001800019f0 f   Adjacencies.obj
 0001:00000f40       ?getAllocator@Foundation@shdfnd@physx@@QEAAAEAVPxAllocatorCallback@3@XZ 0000000180001f40 f i Adjacencies.obj
 0001:00000f50       ?getAllocatorCallback@Foundation@shdfnd@physx@@UEAAAEAVPxAllocatorCallback@3@XZ 0000000180001f50 f i Adjacencies.obj
 0001:00000f60       ?getErrorLevel@Foundation@shdfnd@physx@@UEBA?AW4Enum@PxErrorCode@3@XZ 0000000180001f60 f i Adjacencies.obj
 0001:00000f70       ?getInternalErrorCallback@Foundation@shdfnd@physx@@QEAAAEAVPxErrorCallback@3@XZ 0000000180001f70 f i Adjacencies.obj
 0001:00000f80       ?getNamedAllocMap@Foundation@shdfnd@physx@@QEAAAEAV?$HashMap@PEBVNamedAllocator@shdfnd@physx@@PEBDU?$Hash@PEBVNamedAllocator@shdfnd@physx@@@23@VNonTrackingAllocator@23@@23@XZ 0000000180001f80 f i Adjacencies.obj
 0001:00000f90       ?getNamedAllocMutex@Foundation@shdfnd@physx@@QEAAAEAV?$MutexT@VAllocator@shdfnd@physx@@@23@XZ 0000000180001f90 f i Adjacencies.obj
 0001:00000fa0       ?getReportAllocationNames@Foundation@shdfnd@physx@@UEBA_NXZ 0000000180001fa0 f i Adjacencies.obj
 0001:00000fb0       ?getTempAllocFreeTable@Foundation@shdfnd@physx@@QEAAAEAV?$Array@PEATTempAllocatorChunk@shdfnd@physx@@VAllocator@23@@23@XZ 0000000180001fb0 f i Adjacencies.obj
 0001:00000fc0       ?getTempAllocMutex@Foundation@shdfnd@physx@@QEAAAEAV?$MutexT@VAllocator@shdfnd@physx@@@23@XZ 0000000180001fc0 f i Adjacencies.obj
 0001:00000fd0       ?invalidateRanks@RadixSort@Cm@physx@@QEAAXXZ 0000000180001fd0 f i Adjacencies.obj
 0001:00000fe0       ?setErrorLevel@Foundation@shdfnd@physx@@UEAAXW4Enum@PxErrorCode@3@@Z 0000000180001fe0 f i Adjacencies.obj
 0001:00000ff0       ?setReportAllocationNames@Foundation@shdfnd@physx@@UEAAX_N@Z 0000000180001ff0 f i Adjacencies.obj
 0001:00001000       ??0DebugText@Cm@physx@@QEAA@$$QEAU012@@Z 0000000180002000 f i Cooking.obj
 0001:00001000       ??0DebugText@Cm@physx@@QEAA@AEBU012@@Z 0000000180002000 f i Cooking.obj
 0001:000010e0       ??0HeightFieldData@Gu@physx@@QEAA@$$QEAU012@@Z 00000001800020e0 f i Cooking.obj
 0001:000010e0       ??0HeightFieldData@Gu@physx@@QEAA@AEBU012@@Z 00000001800020e0 f i Cooking.obj
 0001:000010e0       ??4HeightFieldData@Gu@physx@@QEAAAEAU012@$$QEAU012@@Z 00000001800020e0 f i Cooking.obj
 0001:000010e0       ??4HeightFieldData@Gu@physx@@QEAAAEAU012@AEBU012@@Z 00000001800020e0 f i Cooking.obj
 0001:00001140       ??0HeightFieldData@Gu@physx@@QEAA@XZ 0000000180002140 f i Cooking.obj
 0001:00001150       ??0RenderOutput@Cm@physx@@QEAA@AEAVRenderBuffer@12@@Z 0000000180002150 f i Cooking.obj
 0001:000011a0       ??0RenderOutput@Cm@physx@@QEAA@AEBV012@@Z 00000001800021a0 f i Cooking.obj
 0001:00001240       ??1PxConvexMesh@physx@@MEAA@XZ 0000000180002240 f i Cooking.obj
 0001:00001240       ??1PxHeightField@physx@@MEAA@XZ 0000000180002240 f i Cooking.obj
 0001:00001250       ??4DebugText@Cm@physx@@QEAAAEAU012@$$QEAU012@@Z 0000000180002250 f i Cooking.obj
 0001:00001250       ??4DebugText@Cm@physx@@QEAAAEAU012@AEBU012@@Z 0000000180002250 f i Cooking.obj
 0001:00001380       ??4FPUGuard@shdfnd@physx@@QEAAAEAV012@AEBV012@@Z 0000000180002380 f i Cooking.obj
 0001:000013a0       ??_ECooking@physx@@UEAAPEAXI@Z 00000001800023a0 f i Cooking.obj
 0001:000013a0       ??_GCooking@physx@@UEAAPEAXI@Z 00000001800023a0 f i Cooking.obj
 0001:000013f0       ??_EPxBase@physx@@MEAAPEAXI@Z 00000001800023f0 f i Cooking.obj
 0001:000013f0       ??_GPxBase@physx@@MEAAPEAXI@Z 00000001800023f0 f i Cooking.obj
 0001:00001420       ??_EPxCooking@physx@@MEAAPEAXI@Z 0000000180002420 f i Cooking.obj
 0001:00001420       ??_GPxCooking@physx@@MEAAPEAXI@Z 0000000180002420 f i Cooking.obj
 0001:00001450       ?allocate@?$Array@UPxDebugLine@physx@@V?$ReflectionAllocator@UPxDebugLine@physx@@@shdfnd@2@@shdfnd@physx@@IEAAPEAUPxDebugLine@3@I@Z 0000000180002450 f i Cooking.obj
 0001:000014f0       ?computeHullPolygons@Cooking@physx@@UEBA_NAEBVPxSimpleTriangleMesh@2@AEAVPxAllocatorCallback@2@AEAIAEAPEAVPxVec3@2@2AEAPEAI2AEAPEAUPxHullPolygon@2@@Z 00000001800024f0 f   Cooking.obj
 0001:000016e0       ?cookBVHStructure@Cooking@physx@@UEBA_NAEBVPxBVHStructureDesc@2@AEAVPxOutputStream@2@@Z 00000001800026e0 f   Cooking.obj
 0001:00001790       ?cookConvexMesh@Cooking@physx@@UEBA_NAEBVPxConvexMeshDesc@2@AEAVPxOutputStream@2@PEAW4Enum@PxConvexMeshCookingResult@2@@Z 0000000180002790 f   Cooking.obj
 0001:00001980       ?cookConvexMeshInternal@Cooking@physx@@AEBA_NAEBVPxConvexMeshDesc@2@AEAVConvexMeshBuilder@2@PEAVConvexHullLib@2@PEAW4Enum@PxConvexMeshCookingResult@2@@Z 0000000180002980 f   Cooking.obj
 0001:00001c40       ?cookHeightField@Cooking@physx@@UEBA_NAEBVPxHeightFieldDesc@2@AEAVPxOutputStream@2@@Z 0000000180002c40 f   Cooking.obj
 0001:00001d10       ?cookTriangleMesh@Cooking@physx@@UEBA_NAEBVPxTriangleMeshDesc@2@AEAVPxOutputStream@2@PEAW4Enum@PxTriangleMeshCookingResult@2@@Z 0000000180002d10 f   Cooking.obj
 0001:00001e50       ?copy@?$Array@UPxDebugLine@physx@@V?$ReflectionAllocator@UPxDebugLine@physx@@@shdfnd@2@@shdfnd@physx@@KAXPEAUPxDebugLine@3@0PEBU43@@Z 0000000180002e50 f i Cooking.obj
 0001:00002000       ?createBVHStructure@Cooking@physx@@UEBAPEAVPxBVHStructure@2@AEBVPxBVHStructureDesc@2@AEAVPxPhysicsInsertionCallback@2@@Z 0000000180003000 f   Cooking.obj
 0001:000020b0       ?createConvexMesh@Cooking@physx@@UEBAPEAVPxConvexMesh@2@AEBVPxConvexMeshDesc@2@AEAVPxPhysicsInsertionCallback@2@PEAW4Enum@PxConvexMeshCookingResult@2@@Z 00000001800030b0 f   Cooking.obj
 0001:000022b0       ?createHeightField@Cooking@physx@@UEBAPEAVPxHeightField@2@AEBVPxHeightFieldDesc@2@AEAVPxPhysicsInsertionCallback@2@@Z 00000001800032b0 f   Cooking.obj
 0001:00002410       ?createTriangleMesh@Cooking@physx@@UEBAPEAVPxTriangleMesh@2@AEBVPxTriangleMeshDesc@2@AEAVPxPhysicsInsertionCallback@2@PEAW4Enum@PxTriangleMeshCookingResult@2@@Z 0000000180003410 f   Cooking.obj
 0001:00002570       ?getConcreteTypeName@PxConvexMesh@physx@@UEBAPEBDXZ 0000000180003570 f i Cooking.obj
 0001:00002580       ?getConcreteTypeName@PxHeightField@physx@@UEBAPEBDXZ 0000000180003580 f i Cooking.obj
 0001:00002590       ?getConvexEdgeThreshold@HeightField@Gu@physx@@UEBAMXZ 0000000180003590 f i Cooking.obj
 0001:000025a0       ?getFlags@HeightField@Gu@physx@@UEBA?AV?$PxFlags@W4Enum@PxHeightFieldFlag@physx@@G@3@XZ 00000001800035a0 f i Cooking.obj
 0001:000025b0       ?getFormat@HeightField@Gu@physx@@UEBA?AW4Enum@PxHeightFieldFormat@3@XZ 00000001800035b0 f i Cooking.obj
 0001:000025c0       ?getHeight@HeightField@Gu@physx@@UEBAMMM@Z 00000001800035c0 f i Cooking.obj
 0001:00002600       ?getHeightInternal2@HeightField@Gu@physx@@QEBAMIMM@Z 0000000180003600 f i Cooking.obj
 0001:00002770       ?getIndexBuffer@ConvexMesh@Gu@physx@@UEBAPEBEXZ 0000000180003770 f i Cooking.obj
 0001:000027b0       ?getNbColumns@HeightField@Gu@physx@@UEBAIXZ 00000001800037b0 f i Cooking.obj
 0001:000027c0       ?getNbPolygons@ConvexMesh@Gu@physx@@UEBAIXZ 00000001800037c0 f i Cooking.obj
 0001:000027d0       ?getNbRows@HeightField@Gu@physx@@UEBAIXZ 00000001800037d0 f i Cooking.obj
 0001:000027e0       ?getNbVertices@ConvexMesh@Gu@physx@@UEBAIXZ 00000001800037e0 f i Cooking.obj
 0001:000027f0       ?getDenormalizeScale@QuantizerImpl@@UEBAAEBVPxVec3@physx@@XZ 00000001800037f0 f   Quantizer.obj
 0001:000027f0       ?getParams@Cooking@physx@@UEBAAEBUPxCookingParams@2@XZ 00000001800037f0 f   Cooking.obj
 0001:00002800       ?getSample@HeightField@Gu@physx@@UEBAAEBUPxHeightFieldSample@3@II@Z 0000000180003800 f i Cooking.obj
 0001:00002810       ?getSampleStride@HeightField@Gu@physx@@UEBAIXZ 0000000180003810 f i Cooking.obj
 0001:00002820       ?getTimestamp@HeightField@Gu@physx@@UEBAIXZ 0000000180003820 f i Cooking.obj
 0001:00002830       ?getTriangleMaterialIndex@HeightField@Gu@physx@@UEBAGI@Z 0000000180003830 f i Cooking.obj
 0001:00002860       ?getTriangleNormal@HeightField@Gu@physx@@UEBA?AVPxVec3@3@I@Z 0000000180003860 f i Cooking.obj
 0001:00002880       ?getTriangleNormalInternal@HeightField@Gu@physx@@QEBA?AVPxVec3@3@I@Z 0000000180003880 f i Cooking.obj
 0001:000029d0       ?getVertices@ConvexMesh@Gu@physx@@UEBAPEBVPxVec3@3@XZ 00000001800039d0 f i Cooking.obj
 0001:000029f0       ?isKindOf@PxBase@physx@@MEBA_NPEBD@Z 00000001800039f0 f i Cooking.obj
 0001:00002a20       ?isKindOf@PxConvexMesh@physx@@MEBA_NPEBD@Z 0000000180003a20 f i Cooking.obj
 0001:00002a70       ?isKindOf@PxHeightField@physx@@MEBA_NPEBD@Z 0000000180003a70 f i Cooking.obj
 0001:00002ac0       ?isReleasable@PxBase@physx@@UEBA_NXZ 0000000180003ac0 f i Cooking.obj
 0001:00002ad0       ?outputSegment@RenderOutput@Cm@physx@@QEAAXAEBVPxVec3@3@0@Z 0000000180003ad0 f i Cooking.obj
 0001:00002b90       ?platformMismatch@Cooking@physx@@UEBA_NXZ 0000000180003b90 f   Cooking.obj
 0001:00002ba0       ?preExportDataReset@ConvexMesh@Gu@physx@@QEAAXXZ 0000000180003ba0 f i Cooking.obj
 0001:00002ba0       ?preExportDataReset@HeightField@Gu@physx@@QEAAXXZ 0000000180003ba0 f i Cooking.obj
 0001:00002bb0       ?recreate@?$Array@UPxDebugLine@physx@@V?$ReflectionAllocator@UPxDebugLine@physx@@@shdfnd@2@@shdfnd@physx@@IEAAXI@Z 0000000180003bb0 f i Cooking.obj
 0001:00002c30       ?release@Cooking@physx@@UEAAXXZ 0000000180003c30 f   Cooking.obj
 0001:00002c50       ?reserveSegments@RenderOutput@Cm@physx@@QEAAPEAUPxDebugLine@3@I@Z 0000000180003c50 f i Cooking.obj
 0001:00002cb0       ?setParams@Cooking@physx@@UEAAXAEBUPxCookingParams@2@@Z 0000000180003cb0 f   Cooking.obj
 0001:00002d10       ?validateConvexMesh@Cooking@physx@@UEBA_NAEBVPxConvexMeshDesc@2@@Z 0000000180003d10 f   Cooking.obj
 0001:00002d70       ?validateTriangleMesh@Cooking@physx@@UEBA_NAEBVPxTriangleMeshDesc@2@@Z 0000000180003d70 f   Cooking.obj
 0001:00002e80       PxCreateCooking            0000000180003e80 f   Cooking.obj
 0001:00002f70       ??0ReducedVertexCloud@physx@@QEAA@PEBVPxVec3@1@I@Z 0000000180003f70 f   CookingUtils.obj
 0001:00002f90       ??1ReducedVertexCloud@physx@@QEAA@XZ 0000000180003f90 f   CookingUtils.obj
 0001:00002fa0       ?Clean@ReducedVertexCloud@physx@@QEAAAEAV12@XZ 0000000180003fa0 f   CookingUtils.obj
 0001:00003010       ?Reduce@ReducedVertexCloud@physx@@QEAA_NPEAUREDUCEDCLOUD@2@@Z 0000000180004010 f   CookingUtils.obj
 0001:00003350       ??$?_UI@@YAPEAX_KV?$ReflectionAllocator@I@shdfnd@physx@@PEBDH@Z 0000000180004350 f i EdgeList.obj
 0001:000033f0       ??0EdgeListBuilder@Gu@physx@@QEAA@XZ 00000001800043f0 f   EdgeList.obj
 0001:00003410       ??1EdgeList@Gu@physx@@QEAA@XZ 0000000180004410 f   EdgeList.obj
 0001:000034c0       ??1EdgeListBuilder@Gu@physx@@QEAA@XZ 00000001800044c0 f   EdgeList.obj
 0001:000034d0       ?computeActiveEdges@EdgeListBuilder@Gu@physx@@AEAA_NIPEBIPEBGPEBVPxVec3@3@M@Z 00000001800044d0 f   EdgeList.obj
 0001:00004b20       ?createEdgesToFaces@EdgeListBuilder@Gu@physx@@AEAA_NIPEBIPEBG@Z 0000000180005b20 f   EdgeList.obj
 0001:00004d80       ?createFacesToEdges@EdgeListBuilder@Gu@physx@@AEAA_NIPEBIPEBG@Z 0000000180005d80 f   EdgeList.obj
 0001:00005250       ?init@EdgeListBuilder@Gu@physx@@QEAA_NAEBUEDGELISTCREATE@23@@Z 0000000180006250 f   EdgeList.obj
 0001:00005380       ??0MeshCleaner@physx@@QEAA@IPEBVPxVec3@1@IPEBIM@Z 0000000180006380 f   MeshCleaner.obj
 0001:00005d50       ??1MeshCleaner@physx@@QEAA@XZ 0000000180006d50 f   MeshCleaner.obj
 0001:00005de0       ??$kmeans_cluster@VPxVec3@physx@@M@@YAIPEBVPxVec3@physx@@IIPEAV01@PEAIMM@Z 0000000180006de0 f i Quantizer.obj
 0001:000067a0       ??_EQuantizer@physx@@MEAAPEAXI@Z 00000001800077a0 f i Quantizer.obj
 0001:000067a0       ??_GQuantizer@physx@@MEAAPEAXI@Z 00000001800077a0 f i Quantizer.obj
 0001:000067d0       ??_EQuantizerImpl@@EEAAPEAXI@Z 00000001800077d0 f i Quantizer.obj
 0001:000067d0       ??_GQuantizerImpl@@EEAAPEAXI@Z 00000001800077d0 f i Quantizer.obj
 0001:000068a0       ?createQuantizer@physx@@YAPEAVQuantizer@1@XZ 00000001800078a0 f   Quantizer.obj
 0001:00006950       ?getDenormalizeCenter@QuantizerImpl@@UEBAAEBVPxVec3@physx@@XZ 0000000180007950 f i Quantizer.obj
 0001:00006960       ?growAndPushBack@?$Array@VPxVec3@physx@@V?$ReflectionAllocator@VPxVec3@physx@@@shdfnd@2@@shdfnd@physx@@IEAAAEAVPxVec3@3@AEBV43@@Z 0000000180007960 f i Quantizer.obj
 0001:00006b40       ?kmeansQuantize3D@QuantizerImpl@@UEAAPEBVPxVec3@physx@@IPEBV23@I_NIAEAI@Z 0000000180007b40 f i Quantizer.obj
 0001:00006da0       ?normalizeInput@QuantizerImpl@@AEAAXIPEBVPxVec3@physx@@I@Z 0000000180007da0 f i Quantizer.obj
 0001:00007200       ?release@QuantizerImpl@@UEAAXXZ 0000000180008200 f i Quantizer.obj
 0001:00007220       ??$copy@V?$ReflectionAllocator@USlab@NodeAllocator@Gu@physx@@@shdfnd@physx@@@?$Array@USlab@NodeAllocator@Gu@physx@@V?$ReflectionAllocator@USlab@NodeAllocator@Gu@physx@@@shdfnd@4@@shdfnd@physx@@IEAAXAEBV012@@Z 0000000180008220 f i BVHStructureBuilder.obj
 0001:000072a0       ??0AABBTreeBuildNode@Gu@physx@@QEAA@AEBV012@@Z 00000001800082a0 f i BVHStructureBuilder.obj
 0001:000072a0       ??4AABBTreeBuildNode@Gu@physx@@QEAAAEAV012@AEBV012@@Z 00000001800082a0 f i BVHStructureBuilder.obj
 0001:000072e0       ??0AABBTreeBuildParams@Gu@physx@@QEAA@IIPEBVPxBounds3@2@@Z 00000001800082e0 f i BVHStructureBuilder.obj
 0001:00007300       ??0BVHStructureBuilder@physx@@QEAA@XZ 0000000180008300 f   BVHStructureBuilder.obj
 0001:00007320       ??0BuildStats@Gu@physx@@QEAA@XZ 0000000180008320 f i BVHStructureBuilder.obj
 0001:00007330       ??0NodeAllocator@Gu@physx@@QEAA@AEBV012@@Z 0000000180008330 f i BVHStructureBuilder.obj
 0001:00007370       ??1AABBTreeBuildParams@Gu@physx@@QEAA@XZ 0000000180008370 f i BVHStructureBuilder.obj
 0001:00007370       ?reset@AABBTreeBuildParams@Gu@physx@@QEAAXXZ 0000000180008370 f i BVHStructureBuilder.obj
 0001:000073d0       ??1BVHStructureBuilder@physx@@QEAA@XZ 00000001800083d0 f   BVHStructureBuilder.obj
 0001:00007460       ??4AABBTreeBuildParams@Gu@physx@@QEAAAEAV012@AEBV012@@Z 0000000180008460 f i BVHStructureBuilder.obj
 0001:00007480       ??4BuildStats@Gu@physx@@QEAAAEAU012@$$QEAU012@@Z 0000000180008480 f i BVHStructureBuilder.obj
 0001:00007490       ??4BuildStats@Gu@physx@@QEAAAEAU012@AEBU012@@Z 0000000180008490 f i BVHStructureBuilder.obj
 0001:000074a0       ??4NodeAllocator@Gu@physx@@QEAAAEAV012@AEBV012@@Z 00000001800084a0 f i BVHStructureBuilder.obj
 0001:00007550       ??_FAABBTreeBuildParams@Gu@physx@@QEAAXXZ 0000000180008550 f i BVHStructureBuilder.obj
 0001:00007570       ??_V@YAXPEAX_K@Z           0000000180008570 f i MSVCRT:delete_array_size.obj
 0001:00007570       ?__global_delete@@YAXPEAX_K@Z 0000000180008570 f i BVHStructureBuilder.obj
 0001:00007580       ?allocate@?$Array@USlab@NodeAllocator@Gu@physx@@V?$ReflectionAllocator@USlab@NodeAllocator@Gu@physx@@@shdfnd@4@@shdfnd@physx@@IEAAPEAUSlab@NodeAllocator@Gu@3@I@Z 0000000180008580 f i BVHStructureBuilder.obj
 0001:00007620       ?flatten@@YAXAEBVNodeAllocator@Gu@physx@@PEAUBVHNode@23@@Z 0000000180008620 f   BVHStructureBuilder.obj
 0001:000077f0       ?getCount@BuildStats@Gu@physx@@QEBAIXZ 00000001800087f0 f i BVHStructureBuilder.obj
 0001:00007800       ?getNbPrimitives@AABBTreeBuildNode@Gu@physx@@QEBAIXZ 0000000180008800 f i BVHStructureBuilder.obj
 0001:00007800       ?getNbRuntimePrimitives@AABBTreeBuildNode@Gu@physx@@QEBAIXZ 0000000180008800 f i BVHStructureBuilder.obj
 0001:00007810       ?getNeg@AABBTreeBuildNode@Gu@physx@@QEBAPEBV123@XZ 0000000180008810 f i BVHStructureBuilder.obj
 0001:00007830       ?getPrimitives@AABBTreeBuildNode@Gu@physx@@QEAAPEAIPEAI@Z 0000000180008830 f i BVHStructureBuilder.obj
 0001:00007830       ?getPrimitives@AABBTreeBuildNode@Gu@physx@@QEBAPEBIPEBI@Z 0000000180008830 f i BVHStructureBuilder.obj
 0001:00007840       ?increaseCount@BuildStats@Gu@physx@@QEAAXI@Z 0000000180008840 f i BVHStructureBuilder.obj
 0001:00007850       ?isLeaf@AABBTreeBuildNode@Gu@physx@@QEBA_NXZ 0000000180008850 f i BVHStructureBuilder.obj
 0001:00007860       ?loadFromDesc@BVHStructureBuilder@physx@@QEAA_NAEBVPxBVHStructureDesc@2@@Z 0000000180008860 f   BVHStructureBuilder.obj
 0001:00007b70       ?moveData@BVHStructureBuilder@physx@@QEAAXAEAUBVHStructureData@Gu@2@@Z 0000000180008b70 f   BVHStructureBuilder.obj
 0001:00007bb0       ?recreate@?$Array@USlab@NodeAllocator@Gu@physx@@V?$ReflectionAllocator@USlab@NodeAllocator@Gu@physx@@@shdfnd@4@@shdfnd@physx@@IEAAXI@Z 0000000180008bb0 f i BVHStructureBuilder.obj
 0001:00007c60       ?reset@BuildStats@Gu@physx@@QEAAXXZ 0000000180008c60 f i BVHStructureBuilder.obj
 0001:00007c70       ?save@BVHStructureBuilder@physx@@QEBA_NAEAVPxOutputStream@2@_N@Z 0000000180008c70 f   BVHStructureBuilder.obj
 0001:00007df0       ?setCount@BuildStats@Gu@physx@@QEAAXI@Z 0000000180008df0 f i BVHStructureBuilder.obj
 0001:00007e00       ?setNbRunTimePrimitives@AABBTreeBuildNode@Gu@physx@@QEAAXI@Z 0000000180008e00 f i BVHStructureBuilder.obj
 0001:00007e10       ?saveHeightField@physx@@YA_NAEBVHeightField@Gu@1@AEAVPxOutputStream@1@_N@Z 0000000180008e10 f   HeightFieldCooking.obj
 0001:00008050       ??$quickSelectFirstK@UBoundsLTE@physx@@@quickSelect@physx@@YAXPEIAIIIIAEBUBoundsLTE@1@@Z 0000000180009050 f i RTreeCooking.obj
 0001:00008230       ??$smallSort@I$$CBUSortBoundsPredicate@physx@@@internal@shdfnd@physx@@YAXPEAIHHAEBUSortBoundsPredicate@2@@Z 0000000180009230 f i RTreeCooking.obj
 0001:000084a0       ??$sort@IU?$Less@I@shdfnd@physx@@V?$ReflectionAllocator@I@23@@shdfnd@physx@@YAXPEAIIAEBU?$Less@I@01@AEBV?$ReflectionAllocator@I@01@I@Z 00000001800094a0 f i RTreeCooking.obj
 0001:00008870       ??$sort@IUSortBoundsPredicate@physx@@V?$ReflectionAllocator@I@shdfnd@2@@shdfnd@physx@@YAXPEAIIAEBUSortBoundsPredicate@1@AEBV?$ReflectionAllocator@I@01@I@Z 0000000180009870 f i RTreeCooking.obj
 0001:00008ca0       ?allocate@?$Array@UInterval@physx@@V?$InlineAllocator@$0CAAA@V?$ReflectionAllocator@UInterval@physx@@@shdfnd@physx@@@shdfnd@2@@shdfnd@physx@@IEAAPEAUInterval@3@I@Z 0000000180009ca0 f i RTreeCooking.obj
 0001:00008d60       ?allocate@?$Array@UPxBounds3V@physx@@V?$ReflectionAllocator@UPxBounds3V@physx@@@shdfnd@2@@shdfnd@physx@@IEAAPEAUPxBounds3V@3@I@Z 0000000180009d60 f i RTreeCooking.obj
 0001:00008e00       ?allocate@?$Array@URTreeNodeNQ@physx@@V?$ReflectionAllocator@URTreeNodeNQ@physx@@@shdfnd@2@@shdfnd@physx@@IEAAPEAURTreeNodeNQ@3@I@Z 0000000180009e00 f i RTreeCooking.obj
 0001:00008ea0       ?allocate@?$Array@URTreeNodeQ@Gu@physx@@V?$ReflectionAllocator@URTreeNodeQ@Gu@physx@@@shdfnd@3@@shdfnd@physx@@IEAAPEAURTreeNodeQ@Gu@3@I@Z 0000000180009ea0 f i RTreeCooking.obj
 0001:00008f40       ?allocate@?$Array@VPxVec3@physx@@V?$ReflectionAllocator@VPxVec3@physx@@@shdfnd@2@@shdfnd@physx@@IEAAPEAVPxVec3@3@I@Z 0000000180009f40 f i RTreeCooking.obj
 0001:00008ff0       ?allocate@?$ReflectionAllocator@I@shdfnd@physx@@QEAAPEAX_KPEBDH@Z 0000000180009ff0 f i RTreeCooking.obj
 0001:00009d20       ?buildFromTriangles@RTreeCooker@physx@@SAXAEAURTree@Gu@2@PEBVPxVec3@2@IPEBGPEBIIAEAV?$Array@IV?$ReflectionAllocator@I@shdfnd@physx@@@shdfnd@2@PEAURemapCallback@12@MW4Enum@PxMeshCookingHint@2@@Z 000000018000ad20 f   RTreeCooking.obj
 0001:00009fe0       ?copy@?$Array@URTreeNodeNQ@physx@@V?$ReflectionAllocator@URTreeNodeNQ@physx@@@shdfnd@2@@shdfnd@physx@@KAXPEAURTreeNodeNQ@3@0PEBU43@@Z 000000018000afe0 f i RTreeCooking.obj
 0001:0000a1a0       ?copy@?$Array@VPxVec3@physx@@V?$ReflectionAllocator@VPxVec3@physx@@@shdfnd@2@@shdfnd@physx@@KAXPEAVPxVec3@3@0PEBV43@@Z 000000018000b1a0 f i RTreeCooking.obj
 0001:0000a270       ?growAndPushBack@?$Array@IV?$ReflectionAllocator@I@shdfnd@physx@@@shdfnd@physx@@IEAAAEAIAEBI@Z 000000018000b270 f i RTreeCooking.obj
 0001:0000a340       ?growAndPushBack@?$Array@UInterval@physx@@V?$InlineAllocator@$0CAAA@V?$ReflectionAllocator@UInterval@physx@@@shdfnd@physx@@@shdfnd@2@@shdfnd@physx@@IEAAAEAUInterval@3@AEBU43@@Z 000000018000b340 f i RTreeCooking.obj
 0001:0000a420       ?growAndPushBack@?$Array@UPxBounds3V@physx@@V?$ReflectionAllocator@UPxBounds3V@physx@@@shdfnd@2@@shdfnd@physx@@IEAAAEAUPxBounds3V@3@AEBU43@@Z 000000018000b420 f i RTreeCooking.obj
 0001:0000a500       ?growAndPushBack@?$Array@URTreeNodeNQ@physx@@V?$ReflectionAllocator@URTreeNodeNQ@physx@@@shdfnd@2@@shdfnd@physx@@IEAAAEAURTreeNodeNQ@3@AEBU43@@Z 000000018000b500 f i RTreeCooking.obj
 0001:0000a5e0       ?growAndPushBack@?$Array@URTreeNodeQ@Gu@physx@@V?$ReflectionAllocator@URTreeNodeQ@Gu@physx@@@shdfnd@3@@shdfnd@physx@@IEAAAEAURTreeNodeQ@Gu@3@AEBU453@@Z 000000018000b5e0 f i RTreeCooking.obj
 0001:0000a6d0       ?recreate@?$Array@IV?$ReflectionAllocator@I@shdfnd@physx@@@shdfnd@physx@@IEAAXI@Z 000000018000b6d0 f i RTreeCooking.obj
 0001:0000a790       ?recreate@?$Array@UPxBounds3V@physx@@V?$ReflectionAllocator@UPxBounds3V@physx@@@shdfnd@2@@shdfnd@physx@@IEAAXI@Z 000000018000b790 f i RTreeCooking.obj
 0001:0000a840       ?recreate@?$Array@URTreeNodeNQ@physx@@V?$ReflectionAllocator@URTreeNodeNQ@physx@@@shdfnd@2@@shdfnd@physx@@IEAAXI@Z 000000018000b840 f i RTreeCooking.obj
 0001:0000a8c0       ?recreate@?$Array@URTreeNodeQ@Gu@physx@@V?$ReflectionAllocator@URTreeNodeQ@Gu@physx@@@shdfnd@3@@shdfnd@physx@@IEAAXI@Z 000000018000b8c0 f i RTreeCooking.obj
 0001:0000a980       ?recreate@?$Array@VPxVec3@physx@@V?$ReflectionAllocator@VPxVec3@physx@@@shdfnd@2@@shdfnd@physx@@IEAAXI@Z 000000018000b980 f i RTreeCooking.obj
 0001:0000aa00       ?resize@?$Array@IV?$ReflectionAllocator@I@shdfnd@physx@@@shdfnd@physx@@QEAAXIAEBI@Z 000000018000ba00 f i RTreeCooking.obj
 0001:0000aac0       ?resizeUninitialized@?$Array@URTreeNodeNQ@physx@@V?$ReflectionAllocator@URTreeNodeNQ@physx@@@shdfnd@2@@shdfnd@physx@@QEAAXI@Z 000000018000bac0 f i RTreeCooking.obj
 0001:0000ab00       ?sort4@SubSortQuick@physx@@QEAAXPEIAIIAEAV?$Array@URTreeNodeNQ@physx@@V?$ReflectionAllocator@URTreeNodeNQ@physx@@@shdfnd@2@@shdfnd@2@AEAIAEAUPxBounds3V@2@I@Z 000000018000bb00 f i RTreeCooking.obj
 0001:0000ae90       ?sort4@SubSortSAH@physx@@QEAAXPEAIIAEAV?$Array@URTreeNodeNQ@physx@@V?$ReflectionAllocator@URTreeNodeNQ@physx@@@shdfnd@2@@shdfnd@2@AEAIIPEAURTreeNodeNQ@2@@Z 000000018000be90 f i RTreeCooking.obj
 0001:0000b780       ?split@SubSortSAH@physx@@QEAAIPEAII@Z 000000018000c780 f i RTreeCooking.obj
 0001:0000c230       ?computeLocalBounds@MeshBulider@physx@@IEAAXAEAVMeshDataBase@Gu@2@@Z 000000018000d230 f   MeshBuilder.obj
 0001:0000c2c0       ??$?_UG@@YAPEAX_KV?$ReflectionAllocator@G@shdfnd@physx@@PEBDH@Z 000000018000d2c0 f i TriangleMeshBuilder.obj
 0001:0000c360       ??$median3@UEdgeTriLookup@physx@@$$CBU?$Less@UEdgeTriLookup@physx@@@shdfnd@2@@internal@shdfnd@physx@@YAXPEAUEdgeTriLookup@2@HHAEBU?$Less@UEdgeTriLookup@physx@@@12@@Z 000000018000d360 f i TriangleMeshBuilder.obj
 0001:0000c4b0       ??$sort@UEdgeTriLookup@physx@@U?$Less@UEdgeTriLookup@physx@@@shdfnd@2@V?$ReflectionAllocator@UEdgeTriLookup@physx@@@42@@shdfnd@physx@@YAXPEAUEdgeTriLookup@1@IAEBU?$Less@UEdgeTriLookup@physx@@@01@AEBV?$ReflectionAllocator@UEdgeTriLookup@physx@@@01@I@Z 000000018000d4b0 f i TriangleMeshBuilder.obj
 0001:0000c960       ??0BV4TriangleMeshBuilder@physx@@QEAA@AEBUPxCookingParams@1@@Z 000000018000d960 f   TriangleMeshBuilder.obj
 0001:0000ca30       ??0RTreeTriangleMeshBuilder@physx@@QEAA@AEBUPxCookingParams@1@@Z 000000018000da30 f   TriangleMeshBuilder.obj
 0001:0000caf0       ??1BV4TriangleMeshBuilder@physx@@UEAA@XZ 000000018000daf0 f   TriangleMeshBuilder.obj
 0001:0000cb50       ??1MeshDataBase@Gu@physx@@UEAA@XZ 000000018000db50 f i TriangleMeshBuilder.obj
 0001:0000cc40       ??1RTreeTriangleData@Gu@physx@@UEAA@XZ 000000018000dc40 f i TriangleMeshBuilder.obj
 0001:0000ccb0       ??1RTreeTriangleMeshBuilder@physx@@UEAA@XZ 000000018000dcb0 f   TriangleMeshBuilder.obj
 0001:0000cce0       ??1TriangleMeshBuilder@physx@@UEAA@XZ 000000018000dce0 f   TriangleMeshBuilder.obj
 0001:0000cd40       ??1TriangleMeshData@Gu@physx@@UEAA@XZ 000000018000dd40 f i TriangleMeshBuilder.obj
 0001:0000ce10       ??_EBV4TriangleData@Gu@physx@@UEAAPEAXI@Z 000000018000de10 f i TriangleMeshBuilder.obj
 0001:0000ce10       ??_GBV4TriangleData@Gu@physx@@UEAAPEAXI@Z 000000018000de10 f i TriangleMeshBuilder.obj
 0001:0000cea0       ??_EBV4TriangleMeshBuilder@physx@@UEAAPEAXI@Z 000000018000dea0 f i TriangleMeshBuilder.obj
 0001:0000cea0       ??_GBV4TriangleMeshBuilder@physx@@UEAAPEAXI@Z 000000018000dea0 f i TriangleMeshBuilder.obj
 0001:0000cf20       ??_EMeshDataBase@Gu@physx@@UEAAPEAXI@Z 000000018000df20 f i TriangleMeshBuilder.obj
 0001:0000cf20       ??_GMeshDataBase@Gu@physx@@UEAAPEAXI@Z 000000018000df20 f i TriangleMeshBuilder.obj
 0001:0000cf90       ??_ERTreeCookerRemap@physx@@UEAAPEAXI@Z 000000018000df90 f i TriangleMeshBuilder.obj
 0001:0000cf90       ??_GRTreeCookerRemap@physx@@UEAAPEAXI@Z 000000018000df90 f i TriangleMeshBuilder.obj
 0001:0000cfc0       ??_ERTreeTriangleData@Gu@physx@@UEAAPEAXI@Z 000000018000dfc0 f i TriangleMeshBuilder.obj
 0001:0000cfc0       ??_GRTreeTriangleData@Gu@physx@@UEAAPEAXI@Z 000000018000dfc0 f i TriangleMeshBuilder.obj
 0001:0000d030       ??_ERTreeTriangleMeshBuilder@physx@@UEAAPEAXI@Z 000000018000e030 f i TriangleMeshBuilder.obj
 0001:0000d030       ??_GRTreeTriangleMeshBuilder@physx@@UEAAPEAXI@Z 000000018000e030 f i TriangleMeshBuilder.obj
 0001:0000d080       ??_ERemapCallback@RTreeCooker@physx@@UEAAPEAXI@Z 000000018000e080 f i TriangleMeshBuilder.obj
 0001:0000d080       ??_GRemapCallback@RTreeCooker@physx@@UEAAPEAXI@Z 000000018000e080 f i TriangleMeshBuilder.obj
 0001:0000d0b0       ??_ETriangleMeshBuilder@physx@@UEAAPEAXI@Z 000000018000e0b0 f i TriangleMeshBuilder.obj
 0001:0000d0b0       ??_GTriangleMeshBuilder@physx@@UEAAPEAXI@Z 000000018000e0b0 f i TriangleMeshBuilder.obj
 0001:0000d0f0       ??_ETriangleMeshData@Gu@physx@@UEAAPEAXI@Z 000000018000e0f0 f i TriangleMeshBuilder.obj
 0001:0000d0f0       ??_GTriangleMeshData@Gu@physx@@UEAAPEAXI@Z 000000018000e0f0 f i TriangleMeshBuilder.obj
 0001:0000d160       ?allocateTriangles@TriangleMeshData@Gu@physx@@QEAAPEAXI_NI@Z 000000018000e160 f i TriangleMeshBuilder.obj
 0001:0000d240       ?allocateVertices@MeshDataBase@Gu@physx@@QEAAPEAVPxVec3@3@I@Z 000000018000e240 f i TriangleMeshBuilder.obj
 0001:0000d7a0       ?checkMeshIndicesSize@TriangleMeshBuilder@physx@@QEAAXXZ 000000018000e7a0 f   TriangleMeshBuilder.obj
 0001:0000dab0       ?cleanMesh@TriangleMeshBuilder@physx@@QEAA_N_NPEAW4Enum@PxTriangleMeshCookingResult@2@@Z 000000018000eab0 f   TriangleMeshBuilder.obj
 0001:0000df80       ?createGRBMidPhaseAndData@TriangleMeshBuilder@physx@@QEAAXI@Z 000000018000ef80 f   TriangleMeshBuilder.obj
 0001:0000e320       ?createMidPhaseStructure@BV4TriangleMeshBuilder@physx@@UEAAXXZ 000000018000f320 f   TriangleMeshBuilder.obj
 0001:0000e590       ?createMidPhaseStructure@RTreeTriangleMeshBuilder@physx@@UEAAXXZ 000000018000f590 f   TriangleMeshBuilder.obj
 0001:0000e670       ?createSharedEdgeData@TriangleMeshBuilder@physx@@QEAAX_N0@Z 000000018000f670 f   TriangleMeshBuilder.obj
 0001:0000ece0       ?getMidphaseID@BV4TriangleMeshBuilder@physx@@UEBA?AW4Enum@PxMeshMidPhase@2@XZ 000000018000fce0 f i TriangleMeshBuilder.obj
 0001:0000ece0       _get_startup_argv_mode     000000018000fce0 f i MSVCRT:argv_mode.obj
 0001:0000ecf0       ?getMidphaseID@RTreeTriangleMeshBuilder@physx@@UEBA?AW4Enum@PxMeshMidPhase@2@XZ 000000018000fcf0 f i TriangleMeshBuilder.obj
 0001:0000ecf0       __scrt_stub_for_is_c_termination_complete 000000018000fcf0 f i MSVCRT:ucrt_stubs.obj
 0001:0000ecf0       _is_c_termination_complete 000000018000fcf0 f i MSVCRT:ucrt_stubs.obj
 0001:0000ed00       ?importMesh@TriangleMeshBuilder@physx@@IEAA_NAEBVPxTriangleMeshDesc@2@AEBUPxCookingParams@2@PEAW4Enum@PxTriangleMeshCookingResult@2@_N@Z 000000018000fd00 f   TriangleMeshBuilder.obj
 0001:0000efd0       ?loadFromDesc@TriangleMeshBuilder@physx@@QEAA_NAEBVPxTriangleMeshDesc@2@PEAW4Enum@PxTriangleMeshCookingResult@2@_N@Z 000000018000ffd0 f   TriangleMeshBuilder.obj
 0001:0000f3d0       ?onMeshIndexFormatChange@BV4TriangleMeshBuilder@physx@@UEAAXXZ 00000001800103d0 f   TriangleMeshBuilder.obj
 0001:0000f410       ?remap@RTreeCookerRemap@physx@@UEAAXPEAIII@Z 0000000180010410 f i TriangleMeshBuilder.obj
 0001:0000f430       ?remapTopology@TriangleMeshBuilder@physx@@QEAAXPEBI@Z 0000000180010430 f   TriangleMeshBuilder.obj
 0001:0000f680       ?save@TriangleMeshBuilder@physx@@QEBA_NAEAVPxOutputStream@2@_NAEBUPxCookingParams@2@@Z 0000000180010680 f   TriangleMeshBuilder.obj
 0001:0000fc50       ?saveMidPhaseStructure@BV4TriangleMeshBuilder@physx@@UEBAXAEAVPxOutputStream@2@_N@Z 0000000180010c50 f   TriangleMeshBuilder.obj
 0001:0000fdf0       ?saveMidPhaseStructure@RTreeTriangleMeshBuilder@physx@@UEBAXAEAVPxOutputStream@2@_N@Z 0000000180010df0 f   TriangleMeshBuilder.obj
 0001:00010030       ??0BigConvexDataBuilder@physx@@QEAA@PEBUConvexHullData@Gu@1@PEAVBigConvexData@1@PEBVPxVec3@1@@Z 0000000180011030 f   BigConvexDataBuilder.obj
 0001:00010040       ??4BigConvexData@physx@@QEAAAEAV01@AEBV01@@Z 0000000180011040 f i BigConvexDataBuilder.obj
 0001:00010060       ?GetAdjacentVerts@BigConvexData@physx@@QEBAPEBEXZ 0000000180011060 f i BigConvexDataBuilder.obj
 0001:00010070       ?GetNbNeighbors@BigConvexData@physx@@QEBAGI@Z 0000000180011070 f i BigConvexDataBuilder.obj
 0001:00010070       ?GetValency@BigConvexData@physx@@QEBAGI@Z 0000000180011070 f i BigConvexDataBuilder.obj
 0001:00010080       ?GetNbSamples@BigConvexData@physx@@QEBAIXZ 0000000180011080 f i BigConvexDataBuilder.obj
 0001:00010090       ?GetNbVerts@BigConvexData@physx@@QEBAIXZ 0000000180011090 f i BigConvexDataBuilder.obj
 0001:000100a0       ?GetNeighbors@BigConvexData@physx@@QEBAPEBEI@Z 00000001800110a0 f i BigConvexDataBuilder.obj
 0001:000100b0       ?GetOffset@BigConvexData@physx@@QEBAGI@Z 00000001800110b0 f i BigConvexDataBuilder.obj
 0001:000100c0       ?GetSubdiv@BigConvexData@physx@@QEBAIXZ 00000001800110c0 f i BigConvexDataBuilder.obj
 0001:000100d0       ?computeValencies@BigConvexDataBuilder@physx@@QEAA_NAEBVConvexHullBuilder@2@@Z 00000001800110d0 f   BigConvexDataBuilder.obj
 0001:00010490       ?precompute@BigConvexDataBuilder@physx@@QEAA_NI@Z 0000000180011490 f   BigConvexDataBuilder.obj
 0001:000110c0       ?save@BigConvexDataBuilder@physx@@QEBA_NAEAVPxOutputStream@2@_N@Z 00000001800120c0 f   BigConvexDataBuilder.obj
 0001:000111a0       ?saveValencies@BigConvexDataBuilder@physx@@QEBA_NAEAVPxOutputStream@2@_N@Z 00000001800121a0 f   BigConvexDataBuilder.obj
 0001:00011350       ??$?_UE@@YAPEAX_KV?$ReflectionAllocator@E@shdfnd@physx@@PEBDH@Z 0000000180012350 f i ConvexHullBuilder.obj
 0001:000113f0       ??0ConvexHullBuilder@physx@@QEAA@PEAUConvexHullData@Gu@1@_N@Z 00000001800123f0 f   ConvexHullBuilder.obj
 0001:00011420       ??1ConvexHullBuilder@physx@@QEAA@XZ 0000000180012420 f   ConvexHullBuilder.obj
 0001:00011530       ?calculateVertexMapTable@ConvexHullBuilder@physx@@QEAA_NI_N@Z 0000000180012530 f   ConvexHullBuilder.obj
 0001:000116f0       ?checkHullPolygons@ConvexHullBuilder@physx@@QEBA_NXZ 00000001800126f0 f   ConvexHullBuilder.obj
 0001:00011f00       ?computeGeomCenter@ConvexHullBuilder@physx@@IEBA_NAEAVPxVec3@2@IPEAUHullTriangleData@2@@Z 0000000180012f00 f   ConvexHullBuilder.obj
 0001:000121c0       ?copy@ConvexHullBuilder@physx@@QEAA_NAEAUConvexHullData@Gu@2@AEAI@Z 00000001800131c0 f   ConvexHullBuilder.obj
 0001:00012440       ?createEdgeList@ConvexHullBuilder@physx@@QEAA_N_NI@Z 0000000180013440 f   ConvexHullBuilder.obj
 0001:00012c30       ?init@ConvexHullBuilder@physx@@QEAA_NIPEBVPxVec3@2@PEBIIIPEBUPxHullPolygon@2@_NPEAVConvexHullLib@2@@Z 0000000180013c30 f   ConvexHullBuilder.obj
 0001:000135d0       ?save@ConvexHullBuilder@physx@@QEBA_NAEAVPxOutputStream@2@_N@Z 00000001800145d0 f   ConvexHullBuilder.obj
 0001:00013910       ??1ConvexHullLib@physx@@UEAA@XZ 0000000180014910 f   ConvexHullLib.obj
 0001:00013970       ??_EConvexHullLib@physx@@UEAAPEAXI@Z 0000000180014970 f i ConvexHullLib.obj
 0001:00013970       ??_GConvexHullLib@physx@@UEAAPEAXI@Z 0000000180014970 f i ConvexHullLib.obj
 0001:00013eb0       ?cleanupVertices@ConvexHullLib@physx@@IEAA_NIPEBVPxVec3@2@IAEAIPEAV32@AEAV32@3@Z 0000000180014eb0 f   ConvexHullLib.obj
 0001:00014330       ?shiftAndcleanupVertices@ConvexHullLib@physx@@IEAA_NIPEBVPxVec3@2@IAEAIPEAV32@AEAV32@3@Z 0000000180015330 f   ConvexHullLib.obj
 0001:00014810       ?shiftConvexMeshDesc@ConvexHullLib@physx@@IEAAXAEAVPxConvexMeshDesc@2@@Z 0000000180015810 f   ConvexHullLib.obj
 0001:000148d0       ?swapLargestFace@ConvexHullLib@physx@@IEAAXAEAVPxConvexMeshDesc@2@@Z 00000001800158d0 f   ConvexHullLib.obj
 0001:00014ac0       ??0Box@Gu@physx@@QEAA@AEBV012@@Z 0000000180015ac0 f i ConvexHullUtils.obj
 0001:00014ac0       ??4Box@Gu@physx@@QEAAAEBV012@AEBV012@@Z 0000000180015ac0 f i ConvexHullUtils.obj
 0001:00014b20       ??0Box@Gu@physx@@QEAA@AEBVPxVec3@2@0AEBVPxMat33@2@@Z 0000000180015b20 f i ConvexHullUtils.obj
 0001:00014b90       ??0ConvexHull@physx@@QEAA@AEBVPxVec3@1@AEBVPxTransform@1@AEBV?$Array@VPxPlane@physx@@V?$ReflectionAllocator@VPxPlane@physx@@@shdfnd@2@@shdfnd@1@@Z 0000000180015b90 f   ConvexHullUtils.obj
 0001:00015cf0       ??0PxQuat@physx@@QEAA@AEBVPxMat33@1@@Z 0000000180016cf0 f i ConvexHullUtils.obj
 0001:00015f00       ?allocate@?$Array@VHalfEdge@ConvexHull@physx@@V?$ReflectionAllocator@VHalfEdge@ConvexHull@physx@@@shdfnd@3@@shdfnd@physx@@IEAAPEAVHalfEdge@ConvexHull@3@I@Z 0000000180016f00 f i ConvexHullUtils.obj
 0001:00015fa0       ?allocate@?$Array@VPxPlane@physx@@V?$ReflectionAllocator@VPxPlane@physx@@@shdfnd@2@@shdfnd@physx@@IEAAPEAVPxPlane@3@I@Z 0000000180016fa0 f i ConvexHullUtils.obj
 0001:00016040       ?assertIntact@ConvexHull@physx@@QEBA_NM@Z 0000000180017040 f   ConvexHullUtils.obj
 0001:00016340       ?computeAABBExtent@Box@Gu@physx@@QEBA?AVPxVec3@3@XZ 0000000180017340 f i ConvexHullUtils.obj
 0001:00016400       ?computeBoxPoints@Box@Gu@physx@@QEBAXPEIAVPxVec3@3@@Z 0000000180017400 f i ConvexHullUtils.obj
 0001:00016440       ?computeOBBFromConvex@physx@@YA_NAEBVPxConvexMeshDesc@1@AEAVPxVec3@1@AEAVPxTransform@1@@Z 0000000180017440 f   ConvexHullUtils.obj
 0001:00016b80       ?computeOBBSIMD@local@@YAXIPEBT__m128@@AEAT2@AEBT2@1@Z 0000000180017b80 f   ConvexHullUtils.obj
 0001:00016fa0       ?convexHullCrop@physx@@YAPEAVConvexHull@1@AEBV21@AEBVPxPlane@1@M@Z 0000000180017fa0 f   ConvexHullUtils.obj
 0001:00017dc0       ?copy@?$Array@VPxPlane@physx@@V?$ReflectionAllocator@VPxPlane@physx@@@shdfnd@2@@shdfnd@physx@@KAXPEAVPxPlane@3@0PEBV43@@Z 0000000180018dc0 f i ConvexHullUtils.obj
 0001:00017ec0       ?findCandidatePlane@ConvexHull@physx@@QEBAHMM@Z 0000000180018ec0 f   ConvexHullUtils.obj
 0001:000182f0       ?getInverse@PxMat33@physx@@QEBA?BV12@XZ 00000001800192f0 f i ConvexHullUtils.obj
 0001:00018540       ?getTransform@Box@Gu@physx@@QEBA?AVPxTransform@3@XZ 0000000180019540 f i ConvexHullUtils.obj
 0001:000185a0       ?growAndPushBack@?$Array@VHalfEdge@ConvexHull@physx@@V?$ReflectionAllocator@VHalfEdge@ConvexHull@physx@@@shdfnd@3@@shdfnd@physx@@IEAAAEAVHalfEdge@ConvexHull@3@AEBV453@@Z 00000001800195a0 f i ConvexHullUtils.obj
 0001:00018660       ?growAndPushBack@?$Array@VPxPlane@physx@@V?$ReflectionAllocator@VPxPlane@physx@@@shdfnd@2@@shdfnd@physx@@IEAAAEAVPxPlane@3@AEBV43@@Z 0000000180019660 f i ConvexHullUtils.obj
 0001:00018720       ?isValid@Box@Gu@physx@@QEBA_NXZ 0000000180019720 f i ConvexHullUtils.obj
 0001:00018740       ?maxNumVertsPerFace@ConvexHull@physx@@QEBAIXZ 0000000180019740 f   ConvexHullUtils.obj
 0001:000187b0       ?recreate@?$Array@VHalfEdge@ConvexHull@physx@@V?$ReflectionAllocator@VHalfEdge@ConvexHull@physx@@@shdfnd@3@@shdfnd@physx@@IEAAXI@Z 00000001800197b0 f i ConvexHullUtils.obj
 0001:00018850       ?recreate@?$Array@VPxPlane@physx@@V?$ReflectionAllocator@VPxPlane@physx@@@shdfnd@2@@shdfnd@physx@@IEAAXI@Z 0000000180019850 f i ConvexHullUtils.obj
 0001:000188d0       ?resize@?$Array@VHalfEdge@ConvexHull@physx@@V?$ReflectionAllocator@VHalfEdge@ConvexHull@physx@@@shdfnd@3@@shdfnd@physx@@QEAAXIAEBVHalfEdge@ConvexHull@3@@Z 00000001800198d0 f i ConvexHullUtils.obj
 0001:00018990       ?resize@?$Array@VPxPlane@physx@@V?$ReflectionAllocator@VPxPlane@physx@@@shdfnd@2@@shdfnd@physx@@QEAAXIAEBVPxPlane@3@@Z 0000000180019990 f i ConvexHullUtils.obj
 0001:00018ab0       ?resize@?$Array@VPxVec3@physx@@V?$ReflectionAllocator@VPxVec3@physx@@@shdfnd@2@@shdfnd@physx@@QEAAXIAEBVPxVec3@3@@Z 0000000180019ab0 f i ConvexHullUtils.obj
 0001:00018ba0       ?rotate@Box@Gu@physx@@QEBA?AVPxVec3@3@AEBV43@@Z 0000000180019ba0 f i ConvexHullUtils.obj
 0001:00018c30       ?rotateInv@Box@Gu@physx@@QEBA?AVPxVec3@3@AEBV43@@Z 0000000180019c30 f i ConvexHullUtils.obj
 0001:00018cc0       ?setAxes@Box@Gu@physx@@QEAAXAEBVPxVec3@3@00@Z 0000000180019cc0 f i ConvexHullUtils.obj
 0001:00018d00       ?setEmpty@Box@Gu@physx@@QEAAXXZ 0000000180019d00 f i ConvexHullUtils.obj
 0001:00018d40       ?transform@Box@Gu@physx@@QEBA?AVPxVec3@3@AEBV43@@Z 0000000180019d40 f i ConvexHullUtils.obj
 0001:00018de0       ??0ConvexMeshBuilder@physx@@QEAA@_N@Z 0000000180019de0 f   ConvexMeshBuilder.obj
 0001:00018e40       ??1ConvexMeshBuilder@physx@@QEAA@XZ 0000000180019e40 f   ConvexMeshBuilder.obj
 0001:00019290       ?build@ConvexMeshBuilder@physx@@QEAA_NAEBVPxConvexMeshDesc@2@I_NPEAVConvexHullLib@2@@Z 000000018001a290 f   ConvexMeshBuilder.obj
 0001:000195c0       ?computeHullPolygons@ConvexMeshBuilder@physx@@QEAA_NAEBIPEBVPxVec3@2@0PEBIAEAVPxAllocatorCallback@2@AEAIAEAPEAV32@4AEAPEAI4AEAPEAUPxHullPolygon@2@@Z 000000018001a5c0 f   ConvexMeshBuilder.obj
 0001:00019800       ?computeMassInfo@ConvexMeshBuilder@physx@@QEAAX_N@Z 000000018001a800 f   ConvexMeshBuilder.obj
 0001:00019c30       ?copy@ConvexMeshBuilder@physx@@QEAA_NAEAUConvexHullInitData@Gu@2@@Z 000000018001ac30 f   ConvexMeshBuilder.obj
 0001:00019d50       ?isFinite@PxVec3@physx@@QEBA_NXZ 000000018001ad50 f i ConvexMeshBuilder.obj
 0001:00019db0       ?loadConvexHull@ConvexMeshBuilder@physx@@QEAA_NAEBVPxConvexMeshDesc@2@PEAVConvexHullLib@2@@Z 000000018001adb0 f   ConvexMeshBuilder.obj
 0001:0001a020       ?save@ConvexMeshBuilder@physx@@QEBA_NAEAVPxOutputStream@2@_N@Z 000000018001b020 f   ConvexMeshBuilder.obj
 0001:0001a230       ??$?_UUHullTriangleData@physx@@@@YAPEAX_KV?$ReflectionAllocator@UHullTriangleData@physx@@@shdfnd@physx@@PEBDH@Z 000000018001b230 f i ConvexPolygonsBuilder.obj
 0001:0001a2d0       ??$copy@V?$ReflectionAllocator@VPair@@@shdfnd@physx@@@?$Array@VPair@@V?$ReflectionAllocator@VPair@@@shdfnd@physx@@@shdfnd@physx@@IEAAXAEBV012@@Z 000000018001b2d0 f i ConvexPolygonsBuilder.obj
 0001:0001a350       ??0ConvexPolygonsBuilder@physx@@QEAA@PEAUConvexHullData@Gu@1@_N@Z 000000018001b350 f   ConvexPolygonsBuilder.obj
 0001:0001a370       ??1ConvexPolygonsBuilder@physx@@QEAA@XZ 000000018001b370 f   ConvexPolygonsBuilder.obj
 0001:0001abb0       ?allocate@?$Array@VPair@@V?$ReflectionAllocator@VPair@@@shdfnd@physx@@@shdfnd@physx@@IEAAPEAVPair@@I@Z 000000018001bbb0 f i ConvexPolygonsBuilder.obj
 0001:0001b3e0       ?computeHullPolygons@ConvexPolygonsBuilder@physx@@QEAA_NAEBIPEBVPxVec3@2@0PEBI@Z 000000018001c3e0 f   ConvexPolygonsBuilder.obj
 0001:0001c690       ?createPolygonData@ConvexPolygonsBuilder@physx@@AEAA_NXZ 000000018001d690 f   ConvexPolygonsBuilder.obj
 0001:0001d020       ?createTrianglesFromPolygons@ConvexPolygonsBuilder@physx@@AEAA_NXZ 000000018001e020 f   ConvexPolygonsBuilder.obj
 0001:0001e5f0       ?growAndPushBack@?$Array@VPair@@V?$ReflectionAllocator@VPair@@@shdfnd@physx@@@shdfnd@physx@@IEAAAEAVPair@@AEBV4@@Z 000000018001f5f0 f i ConvexPolygonsBuilder.obj
 0001:0001e6b0       ??0QuickHull@local@@QEAA@AEBUPxCookingParams@physx@@AEBVPxConvexMeshDesc@3@@Z 000000018001f6b0 f   QuickHullConvexHullLib.obj
 0001:0001e760       ??0QuickHullConvexHullLib@physx@@QEAA@AEBVPxConvexMeshDesc@1@AEBUPxCookingParams@1@@Z 000000018001f760 f   QuickHullConvexHullLib.obj
 0001:0001e850       ??1?$MemBlock@UQuickHullFace@local@@$00@local@@QEAA@XZ 000000018001f850 f i QuickHullConvexHullLib.obj
 0001:0001e850       ??1?$MemBlock@UQuickHullHalfEdge@local@@$0A@@local@@QEAA@XZ 000000018001f850 f i QuickHullConvexHullLib.obj
 0001:0001e8f0       ??1QuickHull@local@@QEAA@XZ 000000018001f8f0 f   QuickHullConvexHullLib.obj
 0001:0001ea50       ??_GConvexHull@physx@@QEAAPEAXI@Z 000000018001fa50 f i QuickHullConvexHullLib.obj
 0001:0001eb40       ??_EQuickHullConvexHullLib@physx@@UEAAPEAXI@Z 000000018001fb40 f i QuickHullConvexHullLib.obj
 0001:0001eb40       ??_GQuickHullConvexHullLib@physx@@UEAAPEAXI@Z 000000018001fb40 f i QuickHullConvexHullLib.obj
 0001:0001ec50       ?addPointToHull@QuickHull@local@@IEAA_NPEBUQuickHullVertex@2@AEAUQuickHullFace@2@AEA_N@Z 000000018001fc50 f   QuickHullConvexHullLib.obj
 0001:0001ef20       ?addSimplex@QuickHull@local@@IEAAXPEAUQuickHullVertex@2@_N@Z 000000018001ff20 f   QuickHullConvexHullLib.obj
 0001:0001f410       ?allocate@?$Array@PEAUQuickHullFace@local@@V?$ReflectionAllocator@PEAUQuickHullFace@local@@@shdfnd@physx@@@shdfnd@physx@@IEAAPEAPEAUQuickHullFace@local@@I@Z 0000000180020410 f i QuickHullConvexHullLib.obj
 0001:0001f4b0       ?allocate@?$Array@PEAUQuickHullHalfEdge@local@@V?$ReflectionAllocator@PEAUQuickHullHalfEdge@local@@@shdfnd@physx@@@shdfnd@physx@@IEAAPEAPEAUQuickHullHalfEdge@local@@I@Z 00000001800204b0 f i QuickHullConvexHullLib.obj
 0001:0001f550       ?allocate@?$Array@PEAUQuickHullVertex@local@@V?$ReflectionAllocator@PEAUQuickHullVertex@local@@@shdfnd@physx@@@shdfnd@physx@@IEAAPEAPEAUQuickHullVertex@local@@I@Z 0000000180020550 f i QuickHullConvexHullLib.obj
 0001:0001f5f0       ?allocate@?$Array@UExpandPoint@local@@V?$ReflectionAllocator@UExpandPoint@local@@@shdfnd@physx@@@shdfnd@physx@@IEAAPEAUExpandPoint@local@@I@Z 00000001800205f0 f i QuickHullConvexHullLib.obj
 0001:0001f690       ?buildHull@QuickHull@local@@QEAA?AW4Enum@QuickHullResult@2@XZ 0000000180020690 f   QuickHullConvexHullLib.obj
 0001:0001f8b0       ?calculateHorizon@QuickHull@local@@IEAAXAEBVPxVec3@physx@@PEAUQuickHullHalfEdge@2@AEAUQuickHullFace@2@AEAV?$Array@PEAUQuickHullHalfEdge@local@@V?$ReflectionAllocator@PEAUQuickHullHalfEdge@local@@@shdfnd@physx@@@shdfnd@4@AEAV?$Array@PEAUQuickHullFace@local@@V?$ReflectionAllocator@PEAUQuickHullFace@local@@@shdfnd@physx@@@84@@Z 00000001800208b0 f   QuickHullConvexHullLib.obj
 0001:0001fa60       ?canMergeFaces@QuickHull@local@@IEAA_NAEBUQuickHullHalfEdge@2@@Z 0000000180020a60 f   QuickHullConvexHullLib.obj
 0001:00020270       ?cleanupForSimplex@QuickHullConvexHullLib@physx@@IEAA_NPEAVPxVec3@2@IPEAUQuickHullVertex@local@@1AEAM2@Z 0000000180021270 f   QuickHullConvexHullLib.obj
 0001:00020e60       ?computeMinMaxVerts@QuickHull@local@@IEAAXXZ 0000000180021e60 f   QuickHullConvexHullLib.obj
 0001:00021230       ?connectHalfEdges@QuickHullFace@local@@AEAAPEAU12@PEAUQuickHullHalfEdge@2@0@Z 0000000180022230 f   QuickHullConvexHullLib.obj
 0001:000215a0       ?copy@?$Array@UExpandPoint@local@@V?$ReflectionAllocator@UExpandPoint@local@@@shdfnd@physx@@@shdfnd@physx@@KAXPEAUExpandPoint@local@@0PEBU45@@Z 00000001800225a0 f i QuickHullConvexHullLib.obj
 0001:00021800       ?createConvexHull@QuickHullConvexHullLib@physx@@UEAA?AW4Enum@PxConvexMeshCookingResult@2@XZ 0000000180022800 f   QuickHullConvexHullLib.obj
 0001:00021c20       ?createEdgeList@QuickHullConvexHullLib@physx@@UEAA_NIPEBEPEAPEAEPEAPEAG2@Z 0000000180022c20 f   QuickHullConvexHullLib.obj
 0001:00021e80       ?createTriangle@QuickHull@local@@IEAAPEAUQuickHullFace@2@AEBUQuickHullVertex@2@00@Z 0000000180022e80 f   QuickHullConvexHullLib.obj
 0001:00022240       ?doAdjacentMerge@QuickHull@local@@IEAA_NAEAUQuickHullFace@2@_NAEA_N@Z 0000000180023240 f   QuickHullConvexHullLib.obj
 0001:00022590       ?expandHull@QuickHullConvexHullLib@physx@@IEAA?AW4Enum@PxConvexMeshCookingResult@2@XZ 0000000180023590 f   QuickHullConvexHullLib.obj
 0001:00022ee0       ?expandHullOBB@QuickHullConvexHullLib@physx@@IEAA?AW4Enum@PxConvexMeshCookingResult@2@XZ 0000000180023ee0 f   QuickHullConvexHullLib.obj
 0001:00023310       ?fillConvexMeshDesc@QuickHullConvexHullLib@physx@@UEAAXAEAVPxConvexMeshDesc@2@@Z 0000000180024310 f   QuickHullConvexHullLib.obj
 0001:00023360       ?fillConvexMeshDescFromCroppedHull@QuickHullConvexHullLib@physx@@IEAAXAEAVPxConvexMeshDesc@2@@Z 0000000180024360 f   QuickHullConvexHullLib.obj
 0001:00023550       ?fillConvexMeshDescFromQuickHull@QuickHullConvexHullLib@physx@@IEAAXAEAVPxConvexMeshDesc@2@@Z 0000000180024550 f   QuickHullConvexHullLib.obj
 0001:000238d0       ?findSimplex@QuickHull@local@@IEAA_NXZ 00000001800248d0 f   QuickHullConvexHullLib.obj
 0001:00024540       ?getFreeItem@?$MemBlock@UQuickHullFace@local@@$00@local@@QEAAPEAUQuickHullFace@2@XZ 0000000180025540 f i QuickHullConvexHullLib.obj
 0001:00024670       ?getFreeItem@?$MemBlock@UQuickHullHalfEdge@local@@$0A@@local@@QEAAPEAUQuickHullHalfEdge@2@XZ 0000000180025670 f i QuickHullConvexHullLib.obj
 0001:00024740       ?growAndPushBack@?$Array@PEAUQuickHullFace@local@@V?$ReflectionAllocator@PEAUQuickHullFace@local@@@shdfnd@physx@@@shdfnd@physx@@IEAAAEAPEAUQuickHullFace@local@@AEBQEAU45@@Z 0000000180025740 f i QuickHullConvexHullLib.obj
 0001:00024800       ?growAndPushBack@?$Array@PEAUQuickHullHalfEdge@local@@V?$ReflectionAllocator@PEAUQuickHullHalfEdge@local@@@shdfnd@physx@@@shdfnd@physx@@IEAAAEAPEAUQuickHullHalfEdge@local@@AEBQEAU45@@Z 0000000180025800 f i QuickHullConvexHullLib.obj
 0001:000248c0       ?growAndPushBack@?$Array@PEAUQuickHullVertex@local@@V?$ReflectionAllocator@PEAUQuickHullVertex@local@@@shdfnd@physx@@@shdfnd@physx@@IEAAAEAPEAUQuickHullVertex@local@@AEBQEAU45@@Z 00000001800258c0 f i QuickHullConvexHullLib.obj
 0001:00024980       ?growAndPushBack@?$Array@UExpandPoint@local@@V?$ReflectionAllocator@UExpandPoint@local@@@shdfnd@physx@@@shdfnd@physx@@IEAAAEAUExpandPoint@local@@AEBU45@@Z 0000000180025980 f i QuickHullConvexHullLib.obj
 0001:00024a80       ?init@?$MemBlock@UQuickHullFace@local@@$00@local@@QEAAXI@Z 0000000180025a80 f i QuickHullConvexHullLib.obj
 0001:00024b70       ?init@?$MemBlock@UQuickHullHalfEdge@local@@$0A@@local@@QEAAXI@Z 0000000180025b70 f i QuickHullConvexHullLib.obj
 0001:00024c10       ?mergeAdjacentFace@QuickHullFace@local@@QEAA_NPEAUQuickHullHalfEdge@2@AEAV?$Array@PEAUQuickHullFace@local@@V?$ReflectionAllocator@PEAUQuickHullFace@local@@@shdfnd@physx@@@shdfnd@physx@@@Z 0000000180025c10 f   QuickHullConvexHullLib.obj
 0001:00025060       ?nextPointToAdd@QuickHull@local@@IEAAPEAUQuickHullVertex@2@AEAPEAUQuickHullFace@2@@Z 0000000180026060 f   QuickHullConvexHullLib.obj
 0001:000251e0       ?parseInputVertices@QuickHull@local@@QEAAXPEBVPxVec3@physx@@I@Z 00000001800261e0 f   QuickHullConvexHullLib.obj
 0001:00025360       ?postMergeHull@QuickHull@local@@IEAAXXZ 0000000180026360 f   QuickHullConvexHullLib.obj
 0001:000255c0       ?preallocate@QuickHull@local@@QEAAXI@Z 00000001800265c0 f   QuickHullConvexHullLib.obj
 0001:00025700       ?recreate@?$Array@PEAUQuickHullFace@local@@V?$ReflectionAllocator@PEAUQuickHullFace@local@@@shdfnd@physx@@@shdfnd@physx@@IEAAXI@Z 0000000180026700 f i QuickHullConvexHullLib.obj
 0001:000257a0       ?recreate@?$Array@PEAUQuickHullHalfEdge@local@@V?$ReflectionAllocator@PEAUQuickHullHalfEdge@local@@@shdfnd@physx@@@shdfnd@physx@@IEAAXI@Z 00000001800267a0 f i QuickHullConvexHullLib.obj
 0001:00025840       ?recreate@?$Array@PEAUQuickHullVertex@local@@V?$ReflectionAllocator@PEAUQuickHullVertex@local@@@shdfnd@physx@@@shdfnd@physx@@IEAAXI@Z 0000000180026840 f i QuickHullConvexHullLib.obj
 0001:000258e0       ?recreate@?$Array@UExpandPoint@local@@V?$ReflectionAllocator@UExpandPoint@local@@@shdfnd@physx@@@shdfnd@physx@@IEAAXI@Z 00000001800268e0 f i QuickHullConvexHullLib.obj
 0001:00025960       ?resolveUnclaimedPoints@QuickHull@local@@IEAAXAEBV?$Array@PEAUQuickHullFace@local@@V?$ReflectionAllocator@PEAUQuickHullFace@local@@@shdfnd@physx@@@shdfnd@physx@@@Z 0000000180026960 f   QuickHullConvexHullLib.obj
 0001:000266d0       ?computeVolumeIntegralsEberly@physx@@YA_NAEBVPxConvexMeshDesc@1@MAEAUPxIntegrals@1@AEBVPxVec3@1@@Z 00000001800276d0 f   VolumeIntegration.obj
 0001:00026710       ?computeVolumeIntegralsEberlySIMD@physx@@YA_NAEBVPxConvexMeshDesc@1@MAEAUPxIntegrals@1@AEBVPxVec3@1@@Z 0000000180027710 f   VolumeIntegration.obj
 0001:00026d70       ?cookingDelayHook@@YAP6A_JXZIPEAUDelayLoadInfo@@@Z 0000000180027d70 f   WindowsCookingDelayLoadHook.obj
 0001:00026e50       PxSetPhysXCookingDelayLoadHook 0000000180027e50 f   WindowsCookingDelayLoadHook.obj
 0001:00026e58       ??0RadixSortBuffered@Cm@physx@@QEAA@XZ 0000000180027e58 f   PhysXCommon_64:PhysXCommon_64.dll
 0001:00026e5e       __tailMerge_physxcommon_64_dll 0000000180027e5e     PhysXCommon_64:PhysXCommon_64.dll
 0001:00026ed7       __imp_load_??0RadixSortBuffered@Cm@physx@@QEAA@XZ 0000000180027ed7 f   PhysXCommon_64:PhysXCommon_64.dll
 0001:00026ee3       ??1RadixSortBuffered@Cm@physx@@UEAA@XZ 0000000180027ee3 f   PhysXCommon_64:PhysXCommon_64.dll
 0001:00026ee9       __imp_load_??1RadixSortBuffered@Cm@physx@@UEAA@XZ 0000000180027ee9 f   PhysXCommon_64:PhysXCommon_64.dll
 0001:00026ef5       ?Sort@RadixSortBuffered@Cm@physx@@QEAAAEAV123@PEBIIW4RadixHint@23@@Z 0000000180027ef5 f   PhysXCommon_64:PhysXCommon_64.dll
 0001:00026efb       __imp_load_?Sort@RadixSortBuffered@Cm@physx@@QEAAAEAV123@PEBIIW4RadixHint@23@@Z 0000000180027efb f   PhysXCommon_64:PhysXCommon_64.dll
 0001:00026f07       ??0HeightField@Gu@physx@@QEAA@PEAVGuMeshFactory@2@@Z 0000000180027f07 f   PhysXCommon_64:PhysXCommon_64.dll
 0001:00026f0d       __imp_load_??0HeightField@Gu@physx@@QEAA@PEAVGuMeshFactory@2@@Z 0000000180027f0d f   PhysXCommon_64:PhysXCommon_64.dll
 0001:00026f19       ?loadFromDesc@HeightField@Gu@physx@@QEAA_NAEBVPxHeightFieldDesc@3@@Z 0000000180027f19 f   PhysXCommon_64:PhysXCommon_64.dll
 0001:00026f1f       __imp_load_?loadFromDesc@HeightField@Gu@physx@@QEAA_NAEBVPxHeightFieldDesc@3@@Z 0000000180027f1f f   PhysXCommon_64:PhysXCommon_64.dll
 0001:00026f2b       ?computeCellCoordinates@HeightField@Gu@physx@@QEBAIMMAEAM0@Z 0000000180027f2b f   PhysXCommon_64:PhysXCommon_64.dll
 0001:00026f31       __imp_load_?computeCellCoordinates@HeightField@Gu@physx@@QEBAIMMAEAM0@Z 0000000180027f31 f   PhysXCommon_64:PhysXCommon_64.dll
 0001:00026f3d       ?releaseMemory@HeightField@Gu@physx@@QEAAXXZ 0000000180027f3d f   PhysXCommon_64:PhysXCommon_64.dll
 0001:00026f43       __imp_load_?releaseMemory@HeightField@Gu@physx@@QEAAXXZ 0000000180027f43 f   PhysXCommon_64:PhysXCommon_64.dll
 0001:00026f4f       ??1HeightField@Gu@physx@@UEAA@XZ 0000000180027f4f f   PhysXCommon_64:PhysXCommon_64.dll
 0001:00026f55       __imp_load_??1HeightField@Gu@physx@@UEAA@XZ 0000000180027f55 f   PhysXCommon_64:PhysXCommon_64.dll
 0001:00026f61       ??0NodeAllocator@Gu@physx@@QEAA@XZ 0000000180027f61 f   PhysXCommon_64:PhysXCommon_64.dll
 0001:00026f67       __imp_load_??0NodeAllocator@Gu@physx@@QEAA@XZ 0000000180027f67 f   PhysXCommon_64:PhysXCommon_64.dll
 0001:00026f73       ??1NodeAllocator@Gu@physx@@QEAA@XZ 0000000180027f73 f   PhysXCommon_64:PhysXCommon_64.dll
 0001:00026f79       __imp_load_??1NodeAllocator@Gu@physx@@QEAA@XZ 0000000180027f79 f   PhysXCommon_64:PhysXCommon_64.dll
 0001:00026f85       ?release@NodeAllocator@Gu@physx@@QEAAXXZ 0000000180027f85 f   PhysXCommon_64:PhysXCommon_64.dll
 0001:00026f8b       __imp_load_?release@NodeAllocator@Gu@physx@@QEAAXXZ 0000000180027f8b f   PhysXCommon_64:PhysXCommon_64.dll
 0001:00026f97       ?buildAABBTree@Gu@physx@@YA_NAEAVAABBTreeBuildParams@12@AEAVNodeAllocator@12@AEAUBuildStats@12@AEAPEAI@Z 0000000180027f97 f   PhysXCommon_64:PhysXCommon_64.dll
 0001:00026f9d       __imp_load_?buildAABBTree@Gu@physx@@YA_NAEAVAABBTreeBuildParams@12@AEAVNodeAllocator@12@AEAUBuildStats@12@AEAPEAI@Z 0000000180027f9d f   PhysXCommon_64:PhysXCommon_64.dll
 0001:00026fa9       ?writeDword@physx@@YAXI_NAEAVPxOutputStream@1@@Z 0000000180027fa9 f   PhysXCommon_64:PhysXCommon_64.dll
 0001:00026faf       __imp_load_?writeDword@physx@@YAXI_NAEAVPxOutputStream@1@@Z 0000000180027faf f   PhysXCommon_64:PhysXCommon_64.dll
 0001:00026fbb       ?writeFloatBuffer@physx@@YAXPEBMI_NAEAVPxOutputStream@1@@Z 0000000180027fbb f   PhysXCommon_64:PhysXCommon_64.dll
 0001:00026fc1       __imp_load_?writeFloatBuffer@physx@@YAXPEBMI_NAEAVPxOutputStream@1@@Z 0000000180027fc1 f   PhysXCommon_64:PhysXCommon_64.dll
 0001:00026fcd       ?writeHeader@physx@@YA_NCCCCI_NAEAVPxOutputStream@1@@Z 0000000180027fcd f   PhysXCommon_64:PhysXCommon_64.dll
 0001:00026fd3       __imp_load_?writeHeader@physx@@YA_NCCCCI_NAEAVPxOutputStream@1@@Z 0000000180027fd3 f   PhysXCommon_64:PhysXCommon_64.dll
 0001:00026fdf       ?writeWord@physx@@YAXG_NAEAVPxOutputStream@1@@Z 0000000180027fdf f   PhysXCommon_64:PhysXCommon_64.dll
 0001:00026fe5       __imp_load_?writeWord@physx@@YAXG_NAEAVPxOutputStream@1@@Z 0000000180027fe5 f   PhysXCommon_64:PhysXCommon_64.dll
 0001:00026ff1       ?writeFloat@physx@@YAXM_NAEAVPxOutputStream@1@@Z 0000000180027ff1 f   PhysXCommon_64:PhysXCommon_64.dll
 0001:00026ff7       __imp_load_?writeFloat@physx@@YAXM_NAEAVPxOutputStream@1@@Z 0000000180027ff7 f   PhysXCommon_64:PhysXCommon_64.dll
 0001:00027003       ?computeBoundsAroundVertices@Gu@physx@@YAXAEAVPxBounds3@2@IPEIBVPxVec3@2@@Z 0000000180028003 f   PhysXCommon_64:PhysXCommon_64.dll
 0001:00027009       __imp_load_?computeBoundsAroundVertices@Gu@physx@@YAXAEAVPxBounds3@2@IPEIBVPxVec3@2@@Z 0000000180028009 f   PhysXCommon_64:PhysXCommon_64.dll
 0001:00027015       ??0SourceMesh@Gu@physx@@QEAA@XZ 0000000180028015 f   PhysXCommon_64:PhysXCommon_64.dll
 0001:0002701b       __imp_load_??0SourceMesh@Gu@physx@@QEAA@XZ 000000018002801b f   PhysXCommon_64:PhysXCommon_64.dll
 0001:00027027       ??1SourceMesh@Gu@physx@@QEAA@XZ 0000000180028027 f   PhysXCommon_64:PhysXCommon_64.dll
 0001:0002702d       __imp_load_??1SourceMesh@Gu@physx@@QEAA@XZ 000000018002802d f   PhysXCommon_64:PhysXCommon_64.dll
 0001:00027039       ??0BV4Tree@Gu@physx@@QEAA@XZ 0000000180028039 f   PhysXCommon_64:PhysXCommon_64.dll
 0001:0002703f       __imp_load_??0BV4Tree@Gu@physx@@QEAA@XZ 000000018002803f f   PhysXCommon_64:PhysXCommon_64.dll
 0001:0002704b       ??1BV4Tree@Gu@physx@@QEAA@XZ 000000018002804b f   PhysXCommon_64:PhysXCommon_64.dll
 0001:00027051       __imp_load_??1BV4Tree@Gu@physx@@QEAA@XZ 0000000180028051 f   PhysXCommon_64:PhysXCommon_64.dll
 0001:0002705d       ??0BV32Tree@Gu@physx@@QEAA@XZ 000000018002805d f   PhysXCommon_64:PhysXCommon_64.dll
 0001:00027063       __imp_load_??0BV32Tree@Gu@physx@@QEAA@XZ 0000000180028063 f   PhysXCommon_64:PhysXCommon_64.dll
 0001:0002706f       ??1BV32Tree@Gu@physx@@QEAA@XZ 000000018002806f f   PhysXCommon_64:PhysXCommon_64.dll
 0001:00027075       __imp_load_??1BV32Tree@Gu@physx@@QEAA@XZ 0000000180028075 f   PhysXCommon_64:PhysXCommon_64.dll
 0001:00027081       ?writeWordBuffer@physx@@YAXPEBGI_NAEAVPxOutputStream@1@@Z 0000000180028081 f   PhysXCommon_64:PhysXCommon_64.dll
 0001:00027087       __imp_load_?writeWordBuffer@physx@@YAXPEBGI_NAEAVPxOutputStream@1@@Z 0000000180028087 f   PhysXCommon_64:PhysXCommon_64.dll
 0001:00027093       ?computeMaxIndex@physx@@YAIPEBII@Z 0000000180028093 f   PhysXCommon_64:PhysXCommon_64.dll
 0001:00027099       __imp_load_?computeMaxIndex@physx@@YAIPEBII@Z 0000000180028099 f   PhysXCommon_64:PhysXCommon_64.dll
 0001:000270a5       ?storeIndices@physx@@YAXIIPEBIAEAVPxOutputStream@1@_N@Z 00000001800280a5 f   PhysXCommon_64:PhysXCommon_64.dll
 0001:000270ab       __imp_load_?storeIndices@physx@@YAXIIPEBIAEAVPxOutputStream@1@_N@Z 00000001800280ab f   PhysXCommon_64:PhysXCommon_64.dll
 0001:000270b7       ?BuildBV4Ex@Gu@physx@@YA_NAEAVBV4Tree@12@AEAVSourceMesh@12@MI@Z 00000001800280b7 f   PhysXCommon_64:PhysXCommon_64.dll
 0001:000270bd       __imp_load_?BuildBV4Ex@Gu@physx@@YA_NAEAVBV4Tree@12@AEAVSourceMesh@12@MI@Z 00000001800280bd f   PhysXCommon_64:PhysXCommon_64.dll
 0001:000270c9       ?BuildBV32Ex@Gu@physx@@YA_NAEAVBV32Tree@12@AEAVSourceMesh@12@MI@Z 00000001800280c9 f   PhysXCommon_64:PhysXCommon_64.dll
 0001:000270cf       __imp_load_?BuildBV32Ex@Gu@physx@@YA_NAEAVBV32Tree@12@AEAVSourceMesh@12@MI@Z 00000001800280cf f   PhysXCommon_64:PhysXCommon_64.dll
 0001:000270db       ?computeMaxIndex@physx@@YAGPEBGI@Z 00000001800280db f   PhysXCommon_64:PhysXCommon_64.dll
 0001:000270e1       __imp_load_?computeMaxIndex@physx@@YAGPEBGI@Z 00000001800280e1 f   PhysXCommon_64:PhysXCommon_64.dll
 0001:000270ed       ?WriteHeader@Gu@physx@@YA_NEEEEI_NAEAVPxOutputStream@2@@Z 00000001800280ed f   PhysXCommon_64:PhysXCommon_64.dll
 0001:000270f3       __imp_load_?WriteHeader@Gu@physx@@YA_NEEEEI_NAEAVPxOutputStream@2@@Z 00000001800280f3 f   PhysXCommon_64:PhysXCommon_64.dll
 0001:000270ff       ?StoreIndices@Gu@physx@@YAXGIPEBGAEAVPxOutputStream@2@_N@Z 00000001800280ff f   PhysXCommon_64:PhysXCommon_64.dll
 0001:00027105       __imp_load_?StoreIndices@Gu@physx@@YAXGIPEBGAEAVPxOutputStream@2@_N@Z 0000000180028105 f   PhysXCommon_64:PhysXCommon_64.dll
 0001:00027111       ?CreateOffsets@BigConvexData@physx@@IEAAXXZ 0000000180028111 f   PhysXCommon_64:PhysXCommon_64.dll
 0001:00027117       __imp_load_?CreateOffsets@BigConvexData@physx@@IEAAXXZ 0000000180028117 f   PhysXCommon_64:PhysXCommon_64.dll
 0001:00027123       ?computeOBBPoints@Gu@physx@@YAXPEIAVPxVec3@2@AEBV32@1111@Z 0000000180028123 f   PhysXCommon_64:PhysXCommon_64.dll
 0001:00027129       __imp_load_?computeOBBPoints@Gu@physx@@YAXPEIAVPxVec3@2@AEBV32@1111@Z 0000000180028129 f   PhysXCommon_64:PhysXCommon_64.dll
 0001:00027135       ??0BigConvexData@physx@@QEAA@XZ 0000000180028135 f   PhysXCommon_64:PhysXCommon_64.dll
 0001:0002713b       __imp_load_??0BigConvexData@physx@@QEAA@XZ 000000018002813b f   PhysXCommon_64:PhysXCommon_64.dll
 0001:00027147       ??1BigConvexData@physx@@QEAA@XZ 0000000180028147 f   PhysXCommon_64:PhysXCommon_64.dll
 0001:0002714d       __imp_load_??1BigConvexData@physx@@QEAA@XZ 000000018002814d f   PhysXCommon_64:PhysXCommon_64.dll
 0001:00027159       PxGetFoundation            0000000180028159 f   PhysXFoundation_64:PhysXFoundation_64.dll
 0001:0002715f       __tailMerge_physxfoundation_64_dll 000000018002815f     PhysXFoundation_64:PhysXFoundation_64.dll
 0001:000271d8       __imp_load_PxGetFoundation 00000001800281d8 f   PhysXFoundation_64:PhysXFoundation_64.dll
 0001:000271e4       ?getAllocator@shdfnd@physx@@YAAEAVPxAllocatorCallback@2@XZ 00000001800281e4 f   PhysXFoundation_64:PhysXFoundation_64.dll
 0001:000271ea       __imp_load_?getAllocator@shdfnd@physx@@YAAEAVPxAllocatorCallback@2@XZ 00000001800281ea f   PhysXFoundation_64:PhysXFoundation_64.dll
 0001:000271f6       ?getInstance@Foundation@shdfnd@physx@@SAAEAV123@XZ 00000001800281f6 f   PhysXFoundation_64:PhysXFoundation_64.dll
 0001:000271fc       __imp_load_?getInstance@Foundation@shdfnd@physx@@SAAEAV123@XZ 00000001800281fc f   PhysXFoundation_64:PhysXFoundation_64.dll
 0001:00027208       ?error@Foundation@shdfnd@physx@@QEAAXW4Enum@PxErrorCode@3@PEBDH1ZZ 0000000180028208 f   PhysXFoundation_64:PhysXFoundation_64.dll
 0001:0002720e       __imp_load_?error@Foundation@shdfnd@physx@@QEAAXW4Enum@PxErrorCode@3@PEBDH1ZZ 000000018002820e f   PhysXFoundation_64:PhysXFoundation_64.dll
 0001:0002721a       ?incRefCount@Foundation@shdfnd@physx@@SAXXZ 000000018002821a f   PhysXFoundation_64:PhysXFoundation_64.dll
 0001:00027220       __imp_load_?incRefCount@Foundation@shdfnd@physx@@SAXXZ 0000000180028220 f   PhysXFoundation_64:PhysXFoundation_64.dll
 0001:0002722c       ?decRefCount@Foundation@shdfnd@physx@@SAXXZ 000000018002822c f   PhysXFoundation_64:PhysXFoundation_64.dll
 0001:00027232       __imp_load_?decRefCount@Foundation@shdfnd@physx@@SAXXZ 0000000180028232 f   PhysXFoundation_64:PhysXFoundation_64.dll
 0001:0002723e       ??0FPUGuard@shdfnd@physx@@QEAA@XZ 000000018002823e f   PhysXFoundation_64:PhysXFoundation_64.dll
 0001:00027244       __imp_load_??0FPUGuard@shdfnd@physx@@QEAA@XZ 0000000180028244 f   PhysXFoundation_64:PhysXFoundation_64.dll
 0001:00027250       ??1FPUGuard@shdfnd@physx@@QEAA@XZ 0000000180028250 f   PhysXFoundation_64:PhysXFoundation_64.dll
 0001:00027256       __imp_load_??1FPUGuard@shdfnd@physx@@QEAA@XZ 0000000180028256 f   PhysXFoundation_64:PhysXFoundation_64.dll
 0001:00027262       ?allocate@TempAllocator@shdfnd@physx@@QEAAPEAX_KPEBDH@Z 0000000180028262 f   PhysXFoundation_64:PhysXFoundation_64.dll
 0001:00027268       __imp_load_?allocate@TempAllocator@shdfnd@physx@@QEAAPEAX_KPEBDH@Z 0000000180028268 f   PhysXFoundation_64:PhysXFoundation_64.dll
 0001:00027274       ?deallocate@TempAllocator@shdfnd@physx@@QEAAXPEAX@Z 0000000180028274 f   PhysXFoundation_64:PhysXFoundation_64.dll
 0001:0002727a       __imp_load_?deallocate@TempAllocator@shdfnd@physx@@QEAAXPEAX@Z 000000018002827a f   PhysXFoundation_64:PhysXFoundation_64.dll
 0001:00027286       ?PxDiagonalize@physx@@YA?AVPxVec3@1@AEBVPxMat33@1@AEAVPxQuat@1@@Z 0000000180028286 f   PhysXFoundation_64:PhysXFoundation_64.dll
 0001:0002728c       __imp_load_?PxDiagonalize@physx@@YA?AVPxVec3@1@AEBVPxMat33@1@AEAVPxQuat@1@@Z 000000018002828c f   PhysXFoundation_64:PhysXFoundation_64.dll
 0001:00027384       ?DloadAcquireSectionWriteAccess@@YAXXZ 0000000180028384 f i Delayimp:delayhlp.obj
 0001:00027440       ?DloadGetSRWLockFunctionPointers@@YAEXZ 0000000180028440 f i Delayimp:delayhlp.obj
 0001:000274e0       ?DloadMakePermanentImageCommit@@YAXPEAX_K@Z 00000001800284e0 f i Delayimp:delayhlp.obj
 0001:00027578       ?DloadObtainSection@@YAPEAXPEAK0@Z 0000000180028578 f i Delayimp:delayhlp.obj
 0001:00027614       ?DloadProtectSection@@YAXPEAX_KKPEAK@Z 0000000180028614 f i Delayimp:delayhlp.obj
 0001:0002770c       ?DloadReleaseSectionWriteAccess@@YAXXZ 000000018002870c f i Delayimp:delayhlp.obj
 0001:000277b8       __delayLoadHelper2         00000001800287b8 f   Delayimp:delayhlp.obj
 0001:00027ab4       ??3@YAXPEAX_K@Z            0000000180028ab4 f   MSVCRT:delete_scalar_size.obj
 0001:00027ab4       ??_V@YAXPEAX@Z             0000000180028ab4 f   MSVCRT:delete_array.obj
 0001:00027abc       ??_Etype_info@@UEAAPEAXI@Z 0000000180028abc f i MSVCRT:std_type_info_static.obj
 0001:00027abc       ??_Gtype_info@@UEAAPEAXI@Z 0000000180028abc f i MSVCRT:std_type_info_static.obj
 0001:00027ae8       ?__scrt_initialize_type_info@@YAXXZ 0000000180028ae8 f   MSVCRT:tncleanup.obj
 0001:00027af8       ?__scrt_uninitialize_type_info@@YAXXZ 0000000180028af8 f   MSVCRT:tncleanup.obj
 0001:00027b20       __chkstk                   0000000180028b20 f   MSVCRT:chkstk.obj
 0001:00027b20       _alloca_probe              0000000180028b20 f   MSVCRT:chkstk.obj
 0001:00027b70       ??3@YAXPEAX@Z              0000000180028b70 f   MSVCRT:delete_scalar.obj
 0001:00027b80       __vdecl_sinf4              0000000180028b80 f   MSVCRT:svml_ssinf4_dispatch.obj
 0001:00027ba0       __libm_sse2_sincosf_       0000000180028ba0 f   MSVCRT:svml_ssinf4_dispatch.obj
 0001:00027be3       __libm_sse2_sincosf4_      0000000180028be3 f   MSVCRT:svml_ssinf4_dispatch.obj
 0001:00027f00       _DllMainCRTStartup         0000000180028f00 f   MSVCRT:dll_dllmain.obj
 0001:00027f40       __isa_available_init       0000000180028f40 f   MSVCRT:cpu_disp.obj
 0001:00028210       __sse2_sinf4@@16           0000000180029210 f   MSVCRT:svml_ssinf4_sse2.obj
 0001:00028b50       __sse4_sinf4@@16           0000000180029b50 f   MSVCRT:svml_ssinf4_sse4.obj
 0001:000292c4       __security_init_cookie     000000018002a2c4 f   MSVCRT:gs_support.obj
 0001:00029370       DllMain                    000000018002a370 f   MSVCRT:dll_dllmain_stub.obj
 0001:00029394       __local_stdio_printf_options 000000018002a394 f i MSVCRT:default_local_stdio_options.obj
 0001:0002939c       __local_stdio_scanf_options 000000018002a39c f i MSVCRT:default_local_stdio_options.obj
 0001:000293a4       __scrt_initialize_default_local_stdio_options 000000018002a3a4 f   MSVCRT:default_local_stdio_options.obj
 0001:000293c0       __scrt_acquire_startup_lock 000000018002a3c0 f   MSVCRT:utility.obj
 0001:000293fc       __scrt_dllmain_after_initialize_c 000000018002a3fc f   MSVCRT:utility.obj
 0001:00029430       __scrt_dllmain_before_initialize_c 000000018002a430 f   MSVCRT:utility.obj
 0001:00029448       __scrt_dllmain_crt_thread_attach 000000018002a448 f   MSVCRT:utility.obj
 0001:00029470       __scrt_dllmain_crt_thread_detach 000000018002a470 f   MSVCRT:utility.obj
 0001:00029488       __scrt_dllmain_exception_filter 000000018002a488 f   MSVCRT:utility.obj
 0001:000294e8       __scrt_dllmain_uninitialize_c 000000018002a4e8 f   MSVCRT:utility.obj
 0001:00029518       __scrt_dllmain_uninitialize_critical 000000018002a518 f   MSVCRT:utility.obj
 0001:0002952c       __scrt_initialize_crt      000000018002a52c f   MSVCRT:utility.obj
 0001:00029568       __scrt_initialize_onexit_tables 000000018002a568 f   MSVCRT:utility.obj
 0001:000295f4       __scrt_is_nonwritable_in_current_image 000000018002a5f4 f   MSVCRT:utility.obj
 0001:0002968c       __scrt_release_startup_lock 000000018002a68c f   MSVCRT:utility.obj
 0001:000296b0       __scrt_uninitialize_crt    000000018002a6b0 f   MSVCRT:utility.obj
 0001:000296dc       __scrt_get_dyn_tls_init_callback 000000018002a6dc f   MSVCRT:dyn_tls_init.obj
 0001:000296e4       __crt_debugger_hook        000000018002a6e4 f   MSVCRT:utility_desktop.obj
 0001:000296ec       __scrt_fastfail            000000018002a6ec f   MSVCRT:utility_desktop.obj
 0001:00029834       _RTC_Initialize            000000018002a834 f   MSVCRT:initsect.obj
 0001:00029870       _RTC_Terminate             000000018002a870 f   MSVCRT:initsect.obj
 0001:000298b0       __common_ssin_cout_rare    000000018002a8b0 f   MSVCRT:svml_s_sin_cout.obj
 0001:00029920       __scrt_is_ucrt_dll_in_use  000000018002a920 f   MSVCRT:ucrt_detection.obj
 0001:0002992c       _purecall                  000000018002a92c f   vcruntime:VCRUNTIME140.dll
 0001:00029932       __std_type_info_name       000000018002a932 f   vcruntime:VCRUNTIME140.dll
 0001:00029938       memset                     000000018002a938 f   vcruntime:VCRUNTIME140.dll
 0001:0002993e       memcpy                     000000018002a93e f   vcruntime:VCRUNTIME140.dll
 0001:00029944       strstr                     000000018002a944 f   vcruntime:VCRUNTIME140.dll
 0001:0002994a       __std_type_info_destroy_list 000000018002a94a f   vcruntime:VCRUNTIME140.dll
 0001:00029950       __C_specific_handler       000000018002a950 f   vcruntime:VCRUNTIME140.dll
 0001:00029956       strcmp                     000000018002a956 f   ucrt:api-ms-win-crt-string-l1-1-0.dll
 0001:0002995c       atan2f                     000000018002a95c f   ucrt:api-ms-win-crt-math-l1-1-0.dll
 0001:00029962       free                       000000018002a962 f   ucrt:api-ms-win-crt-heap-l1-1-0.dll
 0001:00029968       _initterm                  000000018002a968 f   ucrt:api-ms-win-crt-runtime-l1-1-0.dll
 0001:0002996e       _initterm_e                000000018002a96e f   ucrt:api-ms-win-crt-runtime-l1-1-0.dll
 0001:00029974       _seh_filter_dll            000000018002a974 f   ucrt:api-ms-win-crt-runtime-l1-1-0.dll
 0001:0002997a       _configure_narrow_argv     000000018002a97a f   ucrt:api-ms-win-crt-runtime-l1-1-0.dll
 0001:00029980       _initialize_narrow_environment 000000018002a980 f   ucrt:api-ms-win-crt-runtime-l1-1-0.dll
 0001:00029986       _initialize_onexit_table   000000018002a986 f   ucrt:api-ms-win-crt-runtime-l1-1-0.dll
 0001:0002998c       _execute_onexit_table      000000018002a98c f   ucrt:api-ms-win-crt-runtime-l1-1-0.dll
 0001:00029992       _cexit                     000000018002a992 f   ucrt:api-ms-win-crt-runtime-l1-1-0.dll
 0001:00029998       __acrt_initialize          000000018002a998 f   MSVCRT:ucrt_stubs.obj
 0001:00029998       __acrt_thread_attach       000000018002a998 f   MSVCRT:ucrt_stubs.obj
 0001:00029998       __acrt_thread_detach       000000018002a998 f   MSVCRT:ucrt_stubs.obj
 0001:00029998       __acrt_uninitialize        000000018002a998 f   MSVCRT:ucrt_stubs.obj
 0001:00029998       __acrt_uninitialize_critical 000000018002a998 f   MSVCRT:ucrt_stubs.obj
 0001:00029998       __scrt_stub_for_acrt_initialize 000000018002a998 f   MSVCRT:ucrt_stubs.obj
 0001:00029998       __scrt_stub_for_acrt_thread_attach 000000018002a998 f   MSVCRT:ucrt_stubs.obj
 0001:00029998       __scrt_stub_for_acrt_thread_detach 000000018002a998 f   MSVCRT:ucrt_stubs.obj
 0001:00029998       __scrt_stub_for_acrt_uninitialize 000000018002a998 f   MSVCRT:ucrt_stubs.obj
 0001:00029998       __scrt_stub_for_acrt_uninitialize_critical 000000018002a998 f   MSVCRT:ucrt_stubs.obj
 0001:00029998       __vcrt_initialize          000000018002a998 f   MSVCRT:ucrt_stubs.obj
 0001:00029998       __vcrt_thread_attach       000000018002a998 f   MSVCRT:ucrt_stubs.obj
 0001:00029998       __vcrt_thread_detach       000000018002a998 f   MSVCRT:ucrt_stubs.obj
 0001:00029998       __vcrt_uninitialize        000000018002a998 f   MSVCRT:ucrt_stubs.obj
 0001:00029998       __vcrt_uninitialize_critical 000000018002a998 f   MSVCRT:ucrt_stubs.obj
 0001:000299b0       _guard_dispatch_icall_nop  000000018002a9b0 f   MSVCRT:guard_dispatch.obj
 0001:000299d0       _guard_xfg_dispatch_icall_nop 000000018002a9d0 f   MSVCRT:guard_xfg_dispatch.obj
 0002:00000000       __imp_LoadLibraryA         000000018002b000     kernel32:KERNEL32.dll
 0002:00000008       __imp_SetUnhandledExceptionFilter 000000018002b008     kernel32:KERNEL32.dll
 0002:00000010       __imp_UnhandledExceptionFilter 000000018002b010     kernel32:KERNEL32.dll
 0002:00000018       __imp_IsDebuggerPresent    000000018002b018     kernel32:KERNEL32.dll
 0002:00000020       __imp_RtlVirtualUnwind     000000018002b020     kernel32:KERNEL32.dll
 0002:00000028       __imp_RtlLookupFunctionEntry 000000018002b028     kernel32:KERNEL32.dll
 0002:00000030       __imp_RtlCaptureContext    000000018002b030     kernel32:KERNEL32.dll
 0002:00000038       __imp_DisableThreadLibraryCalls 000000018002b038     kernel32:KERNEL32.dll
 0002:00000040       __imp_GetSystemTimeAsFileTime 000000018002b040     kernel32:KERNEL32.dll
 0002:00000048       __imp_GetCurrentThreadId   000000018002b048     kernel32:KERNEL32.dll
 0002:00000050       __imp_GetCurrentProcessId  000000018002b050     kernel32:KERNEL32.dll
 0002:00000058       __imp_QueryPerformanceCounter 000000018002b058     kernel32:KERNEL32.dll
 0002:00000060       __imp_InitializeSListHead  000000018002b060     kernel32:KERNEL32.dll
 0002:00000068       __imp_LoadLibraryExA       000000018002b068     kernel32:KERNEL32.dll
 0002:00000070       __imp_GetProcAddress       000000018002b070     kernel32:KERNEL32.dll
 0002:00000078       __imp_GetModuleHandleW     000000018002b078     kernel32:KERNEL32.dll
 0002:00000080       __imp_FreeLibrary          000000018002b080     kernel32:KERNEL32.dll
 0002:00000088       __imp_VirtualQuery         000000018002b088     kernel32:KERNEL32.dll
 0002:00000090       __imp_VirtualProtect       000000018002b090     kernel32:KERNEL32.dll
 0002:00000098       __imp_GetSystemInfo        000000018002b098     kernel32:KERNEL32.dll
 0002:000000a0       __imp_GetLastError         000000018002b0a0     kernel32:KERNEL32.dll
 0002:000000a8       __imp_RaiseException       000000018002b0a8     kernel32:KERNEL32.dll
 0002:000000b0       __imp_IsProcessorFeaturePresent 000000018002b0b0     kernel32:KERNEL32.dll
[...]
 0002:000068e8       rgwOrd                     00000001800318e8     PhysXCooking_64.exp
 0002:000069dc       szName                     00000001800319dc     PhysXCooking_64.exp
 0002:000069f0       $N00001                    00000001800319f0     PhysXCooking_64.exp
 0002:00006a1f       $N00002                    0000000180031a1f     PhysXCooking_64.exp
 0002:00006a46       $N00003                    0000000180031a46     PhysXCooking_64.exp
 0002:00006a81       $N00004                    0000000180031a81     PhysXCooking_64.exp
 0002:00006aa8       $N00005                    0000000180031aa8     PhysXCooking_64.exp
 0002:00006ad4       $N00006                    0000000180031ad4     PhysXCooking_64.exp
 0002:00006af5       $N00007                    0000000180031af5     PhysXCooking_64.exp
 0002:00006b2a       $N00008                    0000000180031b2a     PhysXCooking_64.exp
 0002:00006b43       $N00009                    0000000180031b43     PhysXCooking_64.exp
 0002:00006b63       $N00010                    0000000180031b63     PhysXCooking_64.exp
 0002:00006b8c       $N00011                    0000000180031b8c     PhysXCooking_64.exp
 0002:00006bb3       $N00012                    0000000180031bb3     PhysXCooking_64.exp
 0002:00006be2       $N00013                    0000000180031be2     PhysXCooking_64.exp
 0002:00006c0f       $N00014                    0000000180031c0f     PhysXCooking_64.exp
 0002:00006c40       $N00015                    0000000180031c40     PhysXCooking_64.exp
 0002:00006c65       $N00016                    0000000180031c65     PhysXCooking_64.exp
 0002:00006c90       $N00017                    0000000180031c90     PhysXCooking_64.exp
 0002:00006cb6       $N00018                    0000000180031cb6     PhysXCooking_64.exp
 0002:00006cd5       $N00019                    0000000180031cd5     PhysXCooking_64.exp
 0002:00006d0b       $N00020                    0000000180031d0b     PhysXCooking_64.exp
 0002:00006d35       $N00021                    0000000180031d35     PhysXCooking_64.exp
 0002:00006d5c       $N00022                    0000000180031d5c     PhysXCooking_64.exp
 0002:00006d85       $N00023                    0000000180031d85     PhysXCooking_64.exp
 0002:00006d9e       $N00024                    0000000180031d9e     PhysXCooking_64.exp
 0002:00006dc3       $N00025                    0000000180031dc3     PhysXCooking_64.exp
 0002:00006de2       $N00026                    0000000180031de2     PhysXCooking_64.exp
 0002:00006e01       $N00027                    0000000180031e01     PhysXCooking_64.exp
 0002:00006e21       $N00028                    0000000180031e21     PhysXCooking_64.exp
 0002:00006e57       $N00029                    0000000180031e57     PhysXCooking_64.exp
 0002:00006e8f       $N00030                    0000000180031e8f     PhysXCooking_64.exp
 0002:00006ec3       $N00031                    0000000180031ec3     PhysXCooking_64.exp
 0002:00006ef5       $N00032                    0000000180031ef5     PhysXCooking_64.exp
 0002:00006f22       $N00033                    0000000180031f22     PhysXCooking_64.exp
 0002:00006f4a       $N00034                    0000000180031f4a     PhysXCooking_64.exp
 0002:00006f7b       $N00035                    0000000180031f7b     PhysXCooking_64.exp
 0002:00006faa       $N00036                    0000000180031faa     PhysXCooking_64.exp
 0002:00006fda       $N00037                    0000000180031fda     PhysXCooking_64.exp
 0002:00007008       $N00038                    0000000180032008     PhysXCooking_64.exp
 0002:00007039       $N00039                    0000000180032039     PhysXCooking_64.exp
 0002:0000706f       $N00040                    000000018003206f     PhysXCooking_64.exp
 0002:000070a3       $N00041                    00000001800320a3     PhysXCooking_64.exp
 0002:000070d5       $N00042                    00000001800320d5     PhysXCooking_64.exp
 0002:00007107       $N00043                    0000000180032107     PhysXCooking_64.exp
 0002:00007133       $N00044                    0000000180032133     PhysXCooking_64.exp
 0002:0000714f       $N00045                    000000018003214f     PhysXCooking_64.exp
 0002:00007179       $N00046                    0000000180032179     PhysXCooking_64.exp
 0002:0000719d       $N00047                    000000018003219d     PhysXCooking_64.exp
 0002:000071cf       $N00048                    00000001800321cf     PhysXCooking_64.exp
 0002:000071f6       $N00049                    00000001800321f6     PhysXCooking_64.exp
 0002:00007224       $N00050                    0000000180032224     PhysXCooking_64.exp
 0002:0000724f       $N00051                    000000018003224f     PhysXCooking_64.exp
 0002:0000727c       $N00052                    000000018003227c     PhysXCooking_64.exp
 0002:000072a5       $N00053                    00000001800322a5     PhysXCooking_64.exp
 0002:000072d4       $N00054                    00000001800322d4     PhysXCooking_64.exp
 0002:000072fd       $N00055                    00000001800322fd     PhysXCooking_64.exp
 0002:00007326       $N00056                    0000000180032326     PhysXCooking_64.exp
 0002:00007354       $N00057                    0000000180032354     PhysXCooking_64.exp
 0002:0000737c       $N00058                    000000018003237c     PhysXCooking_64.exp
 0002:000073b7       $N00059                    00000001800323b7     PhysXCooking_64.exp
 0002:000073e1       $N00060                    00000001800323e1     PhysXCooking_64.exp
 0002:00007415       $N00061                    0000000180032415     PhysXCooking_64.exp
 0002:0000744b       $N00062                    000000018003244b     PhysXCooking_64.exp
 0002:00007487       $N00063                    0000000180032487     PhysXCooking_64.exp
 0002:000074cf       $N00064                    00000001800324cf     PhysXCooking_64.exp
 0002:0000751f       $N00065                    000000018003251f     PhysXCooking_64.exp
 0002:00007553       $N00066                    0000000180032553     PhysXCooking_64.exp
 0002:00007588       $N00067                    0000000180032588     PhysXCooking_64.exp
 0002:000075be       $N00068                    00000001800325be     PhysXCooking_64.exp
 0002:000075e5       $N00069                    00000001800325e5     PhysXCooking_64.exp
 0002:0000762d       $N00070                    000000018003262d     PhysXCooking_64.exp
 0002:00007673       $N00071                    0000000180032673     PhysXCooking_64.exp
 0002:000076cb       $N00072                    00000001800326cb     PhysXCooking_64.exp
 0002:00007712       $N00073                    0000000180032712     PhysXCooking_64.exp
 0002:0000773d       $N00074                    000000018003273d     PhysXCooking_64.exp
 0002:0000776d       $N00075                    000000018003276d     PhysXCooking_64.exp
 0002:000077bd       $N00076                    00000001800327bd     PhysXCooking_64.exp
 0002:0000786c       $N00077                    000000018003286c     PhysXCooking_64.exp
 0002:000078ca       $N00078                    00000001800328ca     PhysXCooking_64.exp
 0002:000078f6       $N00079                    00000001800328f6     PhysXCooking_64.exp
 0002:00007922       $N00080                    0000000180032922     PhysXCooking_64.exp
 0002:00007957       $N00081                    0000000180032957     PhysXCooking_64.exp
 0002:00007980       $N00082                    0000000180032980     PhysXCooking_64.exp
 0002:000079bc       $N00083                    00000001800329bc     PhysXCooking_64.exp
 0002:000079e8       $N00084                    00000001800329e8     PhysXCooking_64.exp
 0002:00007a1b       $N00085                    0000000180032a1b     PhysXCooking_64.exp
 0002:00007a68       $N00086                    0000000180032a68     PhysXCooking_64.exp
 0002:00007a9b       $N00087                    0000000180032a9b     PhysXCooking_64.exp
 0002:00007ad5       $N00088                    0000000180032ad5     PhysXCooking_64.exp
 0002:00007b0f       $N00089                    0000000180032b0f     PhysXCooking_64.exp
 0002:00007b4b       $N00090                    0000000180032b4b     PhysXCooking_64.exp
 0002:00007b8f       $N00091                    0000000180032b8f     PhysXCooking_64.exp
 0002:00007bbe       $N00092                    0000000180032bbe     PhysXCooking_64.exp
 0002:00007c38       $N00093                    0000000180032c38     PhysXCooking_64.exp
 0002:00007c95       $N00094                    0000000180032c95     PhysXCooking_64.exp
 0002:00007cc1       $N00095                    0000000180032cc1     PhysXCooking_64.exp
 0002:00007cf5       $N00096                    0000000180032cf5     PhysXCooking_64.exp
 0002:00007d2e       $N00097                    0000000180032d2e     PhysXCooking_64.exp
 0002:00007d6b       $N00098                    0000000180032d6b     PhysXCooking_64.exp
 0002:00007da1       $N00099                    0000000180032da1     PhysXCooking_64.exp
 0002:00007dce       $N00100                    0000000180032dce     PhysXCooking_64.exp
 0002:00007dfb       $N00101                    0000000180032dfb     PhysXCooking_64.exp
 0002:00007e26       $N00102                    0000000180032e26     PhysXCooking_64.exp
 0002:00007e52       $N00103                    0000000180032e52     PhysXCooking_64.exp
 0002:00007e7f       $N00104                    0000000180032e7f     PhysXCooking_64.exp
 0002:00007e9f       $N00105                    0000000180032e9f     PhysXCooking_64.exp
 0002:00007edb       $N00106                    0000000180032edb     PhysXCooking_64.exp
 0002:00007f0c       $N00107                    0000000180032f0c     PhysXCooking_64.exp
 0002:00007f3e       $N00108                    0000000180032f3e     PhysXCooking_64.exp
 0002:00007f80       $N00109                    0000000180032f80     PhysXCooking_64.exp
 0002:00007fad       $N00110                    0000000180032fad     PhysXCooking_64.exp
 0002:00007fd1       $N00111                    0000000180032fd1     PhysXCooking_64.exp
 0002:00008001       $N00112                    0000000180033001     PhysXCooking_64.exp
 0002:00008034       $N00113                    0000000180033034     PhysXCooking_64.exp
 0002:00008059       $N00114                    0000000180033059     PhysXCooking_64.exp
 0002:00008087       $N00115                    0000000180033087     PhysXCooking_64.exp
 0002:000080af       $N00116                    00000001800330af     PhysXCooking_64.exp
 0002:000080cf       $N00117                    00000001800330cf     PhysXCooking_64.exp
 0002:00008114       $N00118                    0000000180033114     PhysXCooking_64.exp
 0002:00008151       $N00119                    0000000180033151     PhysXCooking_64.exp
 0002:0000818e       $N00120                    000000018003318e     PhysXCooking_64.exp
 0002:000081c1       $N00121                    00000001800331c1     PhysXCooking_64.exp
 0002:000081d1       $N00122                    00000001800331d1     PhysXCooking_64.exp
 0002:00008410       .idata$6                   0000000180033410     kernel32:KERNEL32.dll
 0002:00008498       .idata$6                   0000000180033498     vcruntime:VCRUNTIME140.dll
 0002:00008578       .idata$6                   0000000180033578     ucrt:api-ms-win-crt-string-l1-1-0.dll
 0002:0000859a       .idata$6                   000000018003359a     ucrt:api-ms-win-crt-math-l1-1-0.dll
 0002:000085ba       .idata$6                   00000001800335ba     ucrt:api-ms-win-crt-heap-l1-1-0.dll
 0002:000085da       .idata$6                   00000001800335da     ucrt:api-ms-win-crt-runtime-l1-1-0.dll
 0003:00000000       ?MAXDOT_MINANG@local@@3MB  0000000180034000     ConvexHullUtils.obj
 0003:00000004       ?MAXDOT_MINANG@local@@3MB  0000000180034004     QuickHullConvexHullLib.obj
 0003:00000820       ?maxV3Error@_VecMathTests@aos@shdfnd@physx@@3T__m128@@B 0000000180034820     Cooking.obj
 0003:00000830       ?minFError@_VecMathTests@aos@shdfnd@physx@@3T__m128@@B 0000000180034830     Cooking.obj
 0003:00000840       ?maxV4Error@_VecMathTests@aos@shdfnd@physx@@3T__m128@@B 0000000180034840     Cooking.obj
 0003:00000850       ?minV4Error@_VecMathTests@aos@shdfnd@physx@@3T__m128@@B 0000000180034850     Cooking.obj
 0003:00000860       ?minV3Error@_VecMathTests@aos@shdfnd@physx@@3T__m128@@B 0000000180034860     Cooking.obj
 0003:00000870       ?maxFError@_VecMathTests@aos@shdfnd@physx@@3T__m128@@B 0000000180034870     Cooking.obj
 0003:00000880       ?maxV3Error@_VecMathTests@aos@shdfnd@physx@@3T__m128@@B 0000000180034880     BVHStructureBuilder.obj
 0003:00000890       ?minFError@_VecMathTests@aos@shdfnd@physx@@3T__m128@@B 0000000180034890     BVHStructureBuilder.obj
 0003:000008a0       ?maxV4Error@_VecMathTests@aos@shdfnd@physx@@3T__m128@@B 00000001800348a0     BVHStructureBuilder.obj
 0003:000008b0       ?minV4Error@_VecMathTests@aos@shdfnd@physx@@3T__m128@@B 00000001800348b0     BVHStructureBuilder.obj
 0003:000008c0       ?minV3Error@_VecMathTests@aos@shdfnd@physx@@3T__m128@@B 00000001800348c0     BVHStructureBuilder.obj
 0003:000008d0       ?maxFError@_VecMathTests@aos@shdfnd@physx@@3T__m128@@B 00000001800348d0     BVHStructureBuilder.obj
 0003:000008e0       ?maxV3Error@_VecMathTests@aos@shdfnd@physx@@3T__m128@@B 00000001800348e0     RTreeCooking.obj
 0003:000008f0       ?minFError@_VecMathTests@aos@shdfnd@physx@@3T__m128@@B 00000001800348f0     RTreeCooking.obj
 0003:00000900       ?maxV4Error@_VecMathTests@aos@shdfnd@physx@@3T__m128@@B 0000000180034900     RTreeCooking.obj
 0003:00000910       ?minV4Error@_VecMathTests@aos@shdfnd@physx@@3T__m128@@B 0000000180034910     RTreeCooking.obj
 0003:00000920       ?minV3Error@_VecMathTests@aos@shdfnd@physx@@3T__m128@@B 0000000180034920     RTreeCooking.obj
 0003:00000930       ?maxFError@_VecMathTests@aos@shdfnd@physx@@3T__m128@@B 0000000180034930     RTreeCooking.obj
 0003:00000940       ?maxV3Error@_VecMathTests@aos@shdfnd@physx@@3T__m128@@B 0000000180034940     MeshBuilder.obj
 0003:00000950       ?minFError@_VecMathTests@aos@shdfnd@physx@@3T__m128@@B 0000000180034950     MeshBuilder.obj
 0003:00000960       ?maxV4Error@_VecMathTests@aos@shdfnd@physx@@3T__m128@@B 0000000180034960     MeshBuilder.obj
 0003:00000970       ?minV4Error@_VecMathTests@aos@shdfnd@physx@@3T__m128@@B 0000000180034970     MeshBuilder.obj
 0003:00000980       ?minV3Error@_VecMathTests@aos@shdfnd@physx@@3T__m128@@B 0000000180034980     MeshBuilder.obj
 0003:00000990       ?maxFError@_VecMathTests@aos@shdfnd@physx@@3T__m128@@B 0000000180034990     MeshBuilder.obj
 0003:000009a0       ?maxV3Error@_VecMathTests@aos@shdfnd@physx@@3T__m128@@B 00000001800349a0     TriangleMeshBuilder.obj
 0003:000009b0       ?minFError@_VecMathTests@aos@shdfnd@physx@@3T__m128@@B 00000001800349b0     TriangleMeshBuilder.obj
 0003:000009c0       ?maxV4Error@_VecMathTests@aos@shdfnd@physx@@3T__m128@@B 00000001800349c0     TriangleMeshBuilder.obj
 0003:000009d0       ?minV4Error@_VecMathTests@aos@shdfnd@physx@@3T__m128@@B 00000001800349d0     TriangleMeshBuilder.obj
 0003:000009e0       ?minV3Error@_VecMathTests@aos@shdfnd@physx@@3T__m128@@B 00000001800349e0     TriangleMeshBuilder.obj
 0003:000009f0       ?maxFError@_VecMathTests@aos@shdfnd@physx@@3T__m128@@B 00000001800349f0     TriangleMeshBuilder.obj
 0003:00000a00       ?maxV3Error@_VecMathTests@aos@shdfnd@physx@@3T__m128@@B 0000000180034a00     BigConvexDataBuilder.obj
 0003:00000a10       ?minFError@_VecMathTests@aos@shdfnd@physx@@3T__m128@@B 0000000180034a10     BigConvexDataBuilder.obj
 0003:00000a20       ?maxV4Error@_VecMathTests@aos@shdfnd@physx@@3T__m128@@B 0000000180034a20     BigConvexDataBuilder.obj
 0003:00000a30       ?minV4Error@_VecMathTests@aos@shdfnd@physx@@3T__m128@@B 0000000180034a30     BigConvexDataBuilder.obj
 0003:00000a40       ?minV3Error@_VecMathTests@aos@shdfnd@physx@@3T__m128@@B 0000000180034a40     BigConvexDataBuilder.obj
 0003:00000a50       ?maxFError@_VecMathTests@aos@shdfnd@physx@@3T__m128@@B 0000000180034a50     BigConvexDataBuilder.obj
 0003:00000a60       ?maxV3Error@_VecMathTests@aos@shdfnd@physx@@3T__m128@@B 0000000180034a60     ConvexHullBuilder.obj
 0003:00000a70       ?minFError@_VecMathTests@aos@shdfnd@physx@@3T__m128@@B 0000000180034a70     ConvexHullBuilder.obj
 0003:00000a80       ?maxV4Error@_VecMathTests@aos@shdfnd@physx@@3T__m128@@B 0000000180034a80     ConvexHullBuilder.obj
 0003:00000a90       ?minV4Error@_VecMathTests@aos@shdfnd@physx@@3T__m128@@B 0000000180034a90     ConvexHullBuilder.obj
 0003:00000aa0       ?minV3Error@_VecMathTests@aos@shdfnd@physx@@3T__m128@@B 0000000180034aa0     ConvexHullBuilder.obj
 0003:00000ab0       ?maxFError@_VecMathTests@aos@shdfnd@physx@@3T__m128@@B 0000000180034ab0     ConvexHullBuilder.obj
 0003:00000ac0       ?maxV3Error@_VecMathTests@aos@shdfnd@physx@@3T__m128@@B 0000000180034ac0     ConvexHullUtils.obj
 0003:00000ad0       ?minFError@_VecMathTests@aos@shdfnd@physx@@3T__m128@@B 0000000180034ad0     ConvexHullUtils.obj
 0003:00000ae0       ?maxV4Error@_VecMathTests@aos@shdfnd@physx@@3T__m128@@B 0000000180034ae0     ConvexHullUtils.obj
 0003:00000af0       ?minV4Error@_VecMathTests@aos@shdfnd@physx@@3T__m128@@B 0000000180034af0     ConvexHullUtils.obj
 0003:00000b00       ?minV3Error@_VecMathTests@aos@shdfnd@physx@@3T__m128@@B 0000000180034b00     ConvexHullUtils.obj
 0003:00000b10       ?maxFError@_VecMathTests@aos@shdfnd@physx@@3T__m128@@B 0000000180034b10     ConvexHullUtils.obj
 0003:00000b20       ?maxV3Error@_VecMathTests@aos@shdfnd@physx@@3T__m128@@B 0000000180034b20     ConvexMeshBuilder.obj
 0003:00000b30       ?minFError@_VecMathTests@aos@shdfnd@physx@@3T__m128@@B 0000000180034b30     ConvexMeshBuilder.obj
 0003:00000b40       ?maxV4Error@_VecMathTests@aos@shdfnd@physx@@3T__m128@@B 0000000180034b40     ConvexMeshBuilder.obj
 0003:00000b50       ?minV4Error@_VecMathTests@aos@shdfnd@physx@@3T__m128@@B 0000000180034b50     ConvexMeshBuilder.obj
 0003:00000b60       ?minV3Error@_VecMathTests@aos@shdfnd@physx@@3T__m128@@B 0000000180034b60     ConvexMeshBuilder.obj
 0003:00000b70       ?maxFError@_VecMathTests@aos@shdfnd@physx@@3T__m128@@B 0000000180034b70     ConvexMeshBuilder.obj
 0003:00000b80       ?maxV3Error@_VecMathTests@aos@shdfnd@physx@@3T__m128@@B 0000000180034b80     VolumeIntegration.obj
 0003:00000b90       ?minFError@_VecMathTests@aos@shdfnd@physx@@3T__m128@@B 0000000180034b90     VolumeIntegration.obj
 0003:00000ba0       ?maxV4Error@_VecMathTests@aos@shdfnd@physx@@3T__m128@@B 0000000180034ba0     VolumeIntegration.obj
 0003:00000bb0       ?minV4Error@_VecMathTests@aos@shdfnd@physx@@3T__m128@@B 0000000180034bb0     VolumeIntegration.obj
 0003:00000bc0       ?minV3Error@_VecMathTests@aos@shdfnd@physx@@3T__m128@@B 0000000180034bc0     VolumeIntegration.obj
 0003:00000bd0       ?maxFError@_VecMathTests@aos@shdfnd@physx@@3T__m128@@B 0000000180034bd0     VolumeIntegration.obj
 0003:00000be0       ?gCookingDelayLoadHook@@3PEBVPxDelayLoadHook@physx@@EB 0000000180034be0     WindowsCookingDelayLoadHook.obj
 0003:00000c40       ?__proc_attached@@3HA      0000000180034c40     MSVCRT:dll_dllmain.obj
 0003:00000c70       ?is_initialized_as_dll@@3_NA 0000000180034c70     MSVCRT:utility.obj
 0003:00000c71       ?module_local_atexit_table_initialized@@3_NA 0000000180034c71     MSVCRT:utility.obj
 0003:00000c78       ?module_local_atexit_table@@3U_onexit_table_t@@A 0000000180034c78     MSVCRT:utility.obj
 0003:00000c90       ?module_local_at_quick_exit_table@@3U_onexit_table_t@@A 0000000180034c90     MSVCRT:utility.obj
 0005:00000000       _2il0floatpacket$19        0000000180037000     MSVCRT:svml_ssinf4_sse2.obj
 0005:00002200       _vmlsSinHATab              0000000180039200     MSVCRT:svml_s_sin_cout.obj
 0006:000000a0       $R000000                   000000018003a0a0     PhysXCooking.res
 0006:000003d0       $R000330                   000000018003a3d0     PhysXCooking.res
