 PhysXCooking_64

 Timestamp is 682ee1e0 (Thu May 22 17:35:44 2025)

 Preferred load address is 0000000180000000

 Start         Length     Name                   Class
 0001:00000000 000003c0H .text$di                CODE
 0001:000003c0 00047550H .text$mn                CODE
 0001:00047910 00000040H .text$mn$00             CODE
 0001:00047950 00000a70H .text$mn$21             CODE
 0001:000483c0 00000690H .text$x                 CODE
 0002:00000000 00000278H .idata$5                DATA
 0002:00000278 00000038H .00cfg                  DATA
 0002:000002b0 00000008H .CRT$XCA                DATA
 0002:000002b8 000001e0H .CRT$XCU                DATA
 0002:00000498 00000008H .CRT$XCZ                DATA
 0002:000004a0 00000008H .CRT$XIA                DATA
 0002:000004a8 00000018H .CRT$XIC                DATA
 0002:000004c0 00000008H .CRT$XIZ                DATA
 0002:000004c8 00000008H .CRT$XPA                DATA
 0002:000004d0 00000010H .CRT$XPX                DATA
 0002:000004e0 00000008H .CRT$XPXA               DATA
 0002:000004e8 00000008H .CRT$XPZ                DATA
 0002:000004f0 00000008H .CRT$XTA                DATA
 0002:000004f8 00000008H .CRT$XTZ                DATA
 0002:00000500 00000000H .gehcont$y              DATA
 0002:00000500 00000000H .gfids$y                DATA
 0002:00000500 0000b5f0H .rdata                  DATA
 0002:0000baf0 00000190H .rdata$00               DATA
 0002:0000bc80 00000000H .rdata$CastGuardVftablesA DATA
 0002:0000bc80 00000000H .rdata$CastGuardVftablesC DATA
 0002:0000bc80 0000043cH .rdata$r                DATA
 0002:0000c0bc 00000184H .rdata$voltmd           DATA
 0002:0000c240 00000470H .rdata$zzzdbg           DATA
 0002:0000c6b0 00000008H .rtc$IAA                DATA
 0002:0000c6b8 00000008H .rtc$IZZ                DATA
 0002:0000c6c0 00000008H .rtc$TAA                DATA
 0002:0000c6c8 00000008H .rtc$TZZ                DATA
 0002:0000c6d0 00004178H .xdata                  DATA
 0002:00010848 00000084H .xdata$x                DATA
 0002:000108cc 00000040H .didat$2                DATA
 0002:0001090c 00000024H .didat$3                DATA
 0002:00010930 00000188H .didat$4                DATA
 0002:00010ab8 00000950H .didat$6                DATA
 0002:00011408 000002b8H .didat$7                DATA
 0002:000116c0 00001d00H .edata                  DATA
 0002:000133c0 00000014H .idata$2                DATA
 0002:000133d4 00000014H .idata$3                DATA
 0002:000133e8 00000278H .idata$4                DATA
 0002:00013660 000005aeH .idata$6                DATA
 0003:00000000 00000aa0H .data                   DATA
 0003:00000aa0 000005e8H .data$r                 DATA
 0003:00001088 000000f0H .data$rs                DATA
 0003:00001178 00000188H .didat$5                DATA
 0003:00001300 000015d0H .bss                    DATA
 0004:00000000 00003594H .pdata                  DATA
 0005:00000000 00002208H _RDATA                  DATA
 0006:00000000 000000a0H .rsrc$01                DATA
 0006:000000a0 000004b0H .rsrc$02                DATA

  Address         Publics by Value              Rva+Base               Lib:Object

 0000:00000000       __AbsoluteZero             0000000000000000     <absolute>
 0000:00000000       ___safe_se_handler_count   0000000000000000     <absolute>
 0000:00000000       ___safe_se_handler_table   0000000000000000     <absolute>
 0000:00000000       __arm64x_extra_rfe_table   0000000000000000     <absolute>
 0000:00000000       __arm64x_extra_rfe_table_size 0000000000000000     <absolute>
 0000:00000000       __arm64x_native_entrypoint 0000000000000000     <absolute>
 0000:00000000       __arm64x_redirection_metadata 0000000000000000     <absolute>
 0000:00000000       __arm64x_redirection_metadata_count 0000000000000000     <absolute>
 0000:00000000       __dynamic_value_reloc_table 0000000000000000     <absolute>
 0000:00000000       __enclave_config           0000000000000000     <absolute>
 0000:00000000       __guard_check_icall_a64n_fptr 0000000000000000     <absolute>
 0000:00000000       __guard_eh_cont_count      0000000000000000     <absolute>
 0000:00000000       __guard_eh_cont_table      0000000000000000     <absolute>
 0000:00000000       __guard_fids_count         0000000000000000     <absolute>
 0000:00000000       __guard_fids_table         0000000000000000     <absolute>
 0000:00000000       __guard_iat_count          0000000000000000     <absolute>
 0000:00000000       __guard_iat_table          0000000000000000     <absolute>
 0000:00000000       __guard_longjmp_count      0000000000000000     <absolute>
 0000:00000000       __guard_longjmp_table      0000000000000000     <absolute>
 0000:00000000       __hybrid_auxiliary_delayload_iat 0000000000000000     <absolute>
 0000:00000000       __hybrid_auxiliary_delayload_iat_copy 0000000000000000     <absolute>
 0000:00000000       __hybrid_auxiliary_iat     0000000000000000     <absolute>
 0000:00000000       __hybrid_auxiliary_iat_copy 0000000000000000     <absolute>
 0000:00000000       __hybrid_code_map          0000000000000000     <absolute>
 0000:00000000       __hybrid_code_map_count    0000000000000000     <absolute>
 0000:00000000       __hybrid_image_info_bitfield 0000000000000000     <absolute>
 0000:00000000       __x64_code_ranges_to_entry_points 0000000000000000     <absolute>
 0000:00000000       __x64_code_ranges_to_entry_points_count 0000000000000000     <absolute>
 0000:00000100       __guard_flags              0000000000000100     <absolute>
 0000:00000000       __ImageBase                0000000180000000     <linker-defined>
 0001:000003c0       ??$?_UV?$ReflectionAllocator@VAdjTriangle@physx@@@shdfnd@physx@@@UserAllocated@shdfnd@physx@@SAPEAX_KV?$ReflectionAllocator@VAdjTriangle@physx@@@12@PEBDH@Z 00000001800013c0 f i Adjacencies.obj
 0001:00000460       ??0AdjacenciesBuilder@physx@@QEAA@XZ 0000000180001460 f   Adjacencies.obj
 0001:00000470       ??0AABBTreeBuildNode@Gu@physx@@QEAA@XZ 0000000180001470 f i BVHStructureBuilder.obj
 0001:00000470       ??0Allocator@shdfnd@physx@@QEAA@PEBD@Z 0000000180001470 f i Adjacencies.obj
 0001:00000470       ??0BigConvexData@physx@@QEAA@W4PxEMPTY@1@@Z 0000000180001470 f i BigConvexDataBuilder.obj
 0001:00000470       ??0Box@Gu@physx@@QEAA@XZ   0000000180001470 f i ConvexHullUtils.obj
 0001:00000470       ??0HeightFieldData@Gu@physx@@QEAA@W4PxEMPTY@2@@Z 0000000180001470 f i Cooking.obj
 0001:00000470       ??4Allocator@shdfnd@physx@@QEAAAEAV012@$$QEAV012@@Z 0000000180001470 f i Adjacencies.obj
 0001:00000470       ??4Allocator@shdfnd@physx@@QEAAAEAV012@AEBV012@@Z 0000000180001470 f i Adjacencies.obj
 0001:00000470       ??4MutexImpl@shdfnd@physx@@QEAAAEAV012@AEBV012@@Z 0000000180001470 f i Adjacencies.obj
 0001:00000470       ??4PxFoundation@physx@@QEAAAEAV01@AEBV01@@Z 0000000180001470 f i Adjacencies.obj
 0001:00000470       ?getAABB@AABBTreeBuildNode@Gu@physx@@QEBAAEBVPxBounds3@3@XZ 0000000180001470 f i BVHStructureBuilder.obj
 0001:00000470       ?getPaddedBounds@HeightFieldData@Gu@physx@@QEBAAEBVCenterExtentsPadded@23@XZ 0000000180001470 f i Cooking.obj
 0001:00000480       ??0PxFoundation@physx@@QEAA@AEBV01@@Z 0000000180001480 f i Adjacencies.obj
 0001:00000480       ??0PxFoundation@physx@@QEAA@XZ 0000000180001480 f i Adjacencies.obj
 0001:00000490       ??1Adjacencies@physx@@QEAA@XZ 0000000180001490 f   Adjacencies.obj
 0001:00000500       ??1AdjacenciesBuilder@physx@@QEAA@XZ 0000000180001500 f   Adjacencies.obj
 0001:00000510       ??1PxFoundation@physx@@MEAA@XZ 0000000180001510 f i Adjacencies.obj
 0001:00000520       ??_EPxFoundation@physx@@MEAAPEAXI@Z 0000000180001520 f i Adjacencies.obj
 0001:000005b0       ??1AABBTreeBuildNode@Gu@physx@@QEAA@XZ 00000001800015b0 f i BVHStructureBuilder.obj
 0001:000005b0       ??1BigConvexDataBuilder@physx@@QEAA@XZ 00000001800015b0 f i BigConvexDataBuilder.obj
 0001:000005b0       ??1Box@Gu@physx@@QEAA@XZ   00000001800015b0 f i ConvexHullUtils.obj
 0001:000005b0       ??1HeightFieldData@Gu@physx@@QEAA@XZ 00000001800015b0 f i Cooking.obj
 0001:000005b0       ??_FAllocator@shdfnd@physx@@QEAAXXZ 00000001800015b0 f i Adjacencies.obj
 0001:000005b0       ?onMeshIndexFormatChange@TriangleMeshBuilder@physx@@UEAAXXZ 00000001800015b0 f i TriangleMeshBuilder.obj
 0001:000005b0       _guard_check_icall_nop     00000001800015b0 f i LIBCMT:guard_support.obj
 0001:000006c0       ?ComputeNbBoundaryEdges@Adjacencies@physx@@QEBAIXZ 00000001800016c0 f   Adjacencies.obj
 0001:000009b0       ?GetNbHits@RadixSort@Cm@physx@@QEBAIXZ 00000001800019b0 f i Adjacencies.obj
 0001:000009c0       ?GetNbTotalCalls@RadixSort@Cm@physx@@QEBAIXZ 00000001800019c0 f i Adjacencies.obj
 0001:000009d0       ?GetRanks@RadixSort@Cm@physx@@QEBAPEBIXZ 00000001800019d0 f i Adjacencies.obj
 0001:000009d0       ?getErrorCallback@Foundation@shdfnd@physx@@UEAAAEAVPxErrorCallback@3@XZ 00000001800019d0 f i Adjacencies.obj
 0001:000009e0       ?GetRecyclable@RadixSort@Cm@physx@@QEBAPEAIXZ 00000001800019e0 f i Adjacencies.obj
 0001:000009e0       ?GetValencies@BigConvexData@physx@@QEBAPEBUValency@Gu@2@XZ 00000001800019e0 f i BigConvexDataBuilder.obj
 0001:000009e0       ?getPos@AABBTreeBuildNode@Gu@physx@@QEBAPEBV123@XZ 00000001800019e0 f i BVHStructureBuilder.obj
 0001:000009f0       ?Init@AdjacenciesBuilder@physx@@QEAA_NAEBUADJACENCIESCREATE@2@@Z 00000001800019f0 f   Adjacencies.obj
 0001:00000f40       ?getAllocator@Foundation@shdfnd@physx@@QEAAAEAVPxAllocatorCallback@3@XZ 0000000180001f40 f i Adjacencies.obj
 0001:00000f50       ?getAllocatorCallback@Foundation@shdfnd@physx@@UEAAAEAVPxAllocatorCallback@3@XZ 0000000180001f50 f i Adjacencies.obj
 0001:00000f60       ?getErrorLevel@Foundation@shdfnd@physx@@UEBA?AW4Enum@PxErrorCode@3@XZ 0000000180001f60 f i Adjacencies.obj
 0001:00000f70       ?getInternalErrorCallback@Foundation@shdfnd@physx@@QEAAAEAVPxErrorCallback@3@XZ 0000000180001f70 f i Adjacencies.obj
 0001:00000f80       ?getNamedAllocMap@Foundation@shdfnd@physx@@QEAAAEAV?$HashMap@PEBVNamedAllocator@shdfnd@physx@@PEBDU?$Hash@PEBVNamedAllocator@shdfnd@physx@@@23@VNonTrackingAllocator@23@@23@XZ 0000000180001f80 f i Adjacencies.obj
 0001:00000f90       ?getNamedAllocMutex@Foundation@shdfnd@physx@@QEAAAEAV?$MutexT@VAllocator@shdfnd@physx@@@23@XZ 0000000180001f90 f i Adjacencies.obj
 0001:00000fa0       ?getReportAllocationNames@Foundation@shdfnd@physx@@UEBA_NXZ 0000000180001fa0 f i Adjacencies.obj
 0001:00000fb0       ?getTempAllocFreeTable@Foundation@shdfnd@physx@@QEAAAEAV?$Array@PEATTempAllocatorChunk@shdfnd@physx@@VAllocator@23@@23@XZ 0000000180001fb0 f i Adjacencies.obj
 0001:00000fc0       ?getTempAllocMutex@Foundation@shdfnd@physx@@QEAAAEAV?$MutexT@VAllocator@shdfnd@physx@@@23@XZ 0000000180001fc0 f i Adjacencies.obj
 0001:00000fd0       ?invalidateRanks@RadixSort@Cm@physx@@QEAAXXZ 0000000180001fd0 f i Adjacencies.obj
 0001:00000fe0       ?setErrorLevel@Foundation@shdfnd@physx@@UEAAXW4Enum@PxErrorCode@3@@Z 0000000180001fe0 f i Adjacencies.obj
 0001:00000ff0       ?setReportAllocationNames@Foundation@shdfnd@physx@@UEAAX_N@Z 0000000180001ff0 f i Adjacencies.obj
 0001:00001000       ??0DebugText@Cm@physx@@QEAA@$$QEAU012@@Z 0000000180002000 f i Cooking.obj
 0001:00001000       ??0DebugText@Cm@physx@@QEAA@AEBU012@@Z 0000000180002000 f i Cooking.obj
 0001:000010e0       ??0HeightFieldData@Gu@physx@@QEAA@$$QEAU012@@Z 00000001800020e0 f i Cooking.obj
 0001:000010e0       ??0HeightFieldData@Gu@physx@@QEAA@AEBU012@@Z 00000001800020e0 f i Cooking.obj
 0001:000010e0       ??4HeightFieldData@Gu@physx@@QEAAAEAU012@$$QEAU012@@Z 00000001800020e0 f i Cooking.obj
 0001:000010e0       ??4HeightFieldData@Gu@physx@@QEAAAEAU012@AEBU012@@Z 00000001800020e0 f i Cooking.obj
 0001:00001140       ??0HeightFieldData@Gu@physx@@QEAA@XZ 0000000180002140 f i Cooking.obj
 0001:00001150       ??0RenderOutput@Cm@physx@@QEAA@AEAVRenderBuffer@12@@Z 0000000180002150 f i Cooking.obj
 0001:000011a0       ??0RenderOutput@Cm@physx@@QEAA@AEBV012@@Z 00000001800021a0 f i Cooking.obj
 0001:00001240       ??1PxConvexMesh@physx@@MEAA@XZ 0000000180002240 f i Cooking.obj
 0001:00001240       ??1PxHeightField@physx@@MEAA@XZ 0000000180002240 f i Cooking.obj
 0001:00001250       ??4DebugText@Cm@physx@@QEAAAEAU012@$$QEAU012@@Z 0000000180002250 f i Cooking.obj
 0001:00001250       ??4DebugText@Cm@physx@@QEAAAEAU012@AEBU012@@Z 0000000180002250 f i Cooking.obj
 0001:00001380       ??4FPUGuard@shdfnd@physx@@QEAAAEAV012@AEBV012@@Z 0000000180002380 f i Cooking.obj
 0001:000013a0       ??_ECooking@physx@@UEAAPEAXI@Z 00000001800023a0 f i Cooking.obj
 0001:000013a0       ??_GCooking@physx@@UEAAPEAXI@Z 00000001800023a0 f i Cooking.obj
 0001:000013f0       ??_EPxBase@physx@@MEAAPEAXI@Z 00000001800023f0 f i Cooking.obj
 0001:000013f0       ??_GPxBase@physx@@MEAAPEAXI@Z 00000001800023f0 f i Cooking.obj
 0001:00001420       ??_EPxCooking@physx@@MEAAPEAXI@Z 0000000180002420 f i Cooking.obj
 0001:00001420       ??_GPxCooking@physx@@MEAAPEAXI@Z 0000000180002420 f i Cooking.obj
 0001:00001450       ?allocate@?$Array@UPxDebugLine@physx@@V?$ReflectionAllocator@UPxDebugLine@physx@@@shdfnd@2@@shdfnd@physx@@IEAAPEAUPxDebugLine@3@I@Z 0000000180002450 f i Cooking.obj
 0001:000014f0       ?computeHullPolygons@Cooking@physx@@UEBA_NAEBVPxSimpleTriangleMesh@2@AEAVPxAllocatorCallback@2@AEAIAEAPEAVPxVec3@2@2AEAPEAI2AEAPEAUPxHullPolygon@2@@Z 00000001800024f0 f   Cooking.obj
 0001:000016e0       ?cookBVHStructure@Cooking@physx@@UEBA_NAEBVPxBVHStructureDesc@2@AEAVPxOutputStream@2@@Z 00000001800026e0 f   Cooking.obj
 0001:00001790       ?cookConvexMesh@Cooking@physx@@UEBA_NAEBVPxConvexMeshDesc@2@AEAVPxOutputStream@2@PEAW4Enum@PxConvexMeshCookingResult@2@@Z 0000000180002790 f   Cooking.obj
 0001:00001980       ?cookConvexMeshInternal@Cooking@physx@@AEBA_NAEBVPxConvexMeshDesc@2@AEAVConvexMeshBuilder@2@PEAVConvexHullLib@2@PEAW4Enum@PxConvexMeshCookingResult@2@@Z 0000000180002980 f   Cooking.obj
 0001:00001c40       ?cookHeightField@Cooking@physx@@UEBA_NAEBVPxHeightFieldDesc@2@AEAVPxOutputStream@2@@Z 0000000180002c40 f   Cooking.obj
 0001:00001d10       ?cookTriangleMesh@Cooking@physx@@UEBA_NAEBVPxTriangleMeshDesc@2@AEAVPxOutputStream@2@PEAW4Enum@PxTriangleMeshCookingResult@2@@Z 0000000180002d10 f   Cooking.obj
 0001:00001e50       ?copy@?$Array@UPxDebugLine@physx@@V?$ReflectionAllocator@UPxDebugLine@physx@@@shdfnd@2@@shdfnd@physx@@KAXPEAUPxDebugLine@3@0PEBU43@@Z 0000000180002e50 f i Cooking.obj
 0001:00002000       ?createBVHStructure@Cooking@physx@@UEBAPEAVPxBVHStructure@2@AEBVPxBVHStructureDesc@2@AEAVPxPhysicsInsertionCallback@2@@Z 0000000180003000 f   Cooking.obj
 0001:000020b0       ?createConvexMesh@Cooking@physx@@UEBAPEAVPxConvexMesh@2@AEBVPxConvexMeshDesc@2@AEAVPxPhysicsInsertionCallback@2@PEAW4Enum@PxConvexMeshCookingResult@2@@Z 00000001800030b0 f   Cooking.obj
 0001:000022b0       ?createHeightField@Cooking@physx@@UEBAPEAVPxHeightField@2@AEBVPxHeightFieldDesc@2@AEAVPxPhysicsInsertionCallback@2@@Z 00000001800032b0 f   Cooking.obj
 0001:00002410       ?createTriangleMesh@Cooking@physx@@UEBAPEAVPxTriangleMesh@2@AEBVPxTriangleMeshDesc@2@AEAVPxPhysicsInsertionCallback@2@PEAW4Enum@PxTriangleMeshCookingResult@2@@Z 0000000180003410 f   Cooking.obj
 0001:00002570       ?getConcreteTypeName@PxConvexMesh@physx@@UEBAPEBDXZ 0000000180003570 f i Cooking.obj
 0001:00002580       ?getConcreteTypeName@PxHeightField@physx@@UEBAPEBDXZ 0000000180003580 f i Cooking.obj
 0001:00002590       ?getConvexEdgeThreshold@HeightField@Gu@physx@@UEBAMXZ 0000000180003590 f i Cooking.obj
 0001:000025a0       ?getFlags@HeightField@Gu@physx@@UEBA?AV?$PxFlags@W4Enum@PxHeightFieldFlag@physx@@G@3@XZ 00000001800035a0 f i Cooking.obj
 0001:000025b0       ?getFormat@HeightField@Gu@physx@@UEBA?AW4Enum@PxHeightFieldFormat@3@XZ 00000001800035b0 f i Cooking.obj
 0001:000025c0       ?getHeight@HeightField@Gu@physx@@UEBAMMM@Z 00000001800035c0 f i Cooking.obj
 0001:00002600       ?getHeightInternal2@HeightField@Gu@physx@@QEBAMIMM@Z 0000000180003600 f i Cooking.obj
 0001:00002770       ?getIndexBuffer@ConvexMesh@Gu@physx@@UEBAPEBEXZ 0000000180003770 f i Cooking.obj
 0001:000027b0       ?getNbColumns@HeightField@Gu@physx@@UEBAIXZ 00000001800037b0 f i Cooking.obj
 0001:000027c0       ?getNbPolygons@ConvexMesh@Gu@physx@@UEBAIXZ 00000001800037c0 f i Cooking.obj
 0001:000027d0       ?getNbRows@HeightField@Gu@physx@@UEBAIXZ 00000001800037d0 f i Cooking.obj
 0001:000027e0       ?getNbVertices@ConvexMesh@Gu@physx@@UEBAIXZ 00000001800037e0 f i Cooking.obj
 0001:000027f0       ?getDenormalizeScale@QuantizerImpl@@UEBAAEBVPxVec3@physx@@XZ 00000001800037f0 f   Quantizer.obj
 0001:000027f0       ?getParams@Cooking@physx@@UEBAAEBUPxCookingParams@2@XZ 00000001800037f0 f   Cooking.obj
 0001:00002800       ?getSample@HeightField@Gu@physx@@UEBAAEBUPxHeightFieldSample@3@II@Z 0000000180003800 f i Cooking.obj
 0001:00002810       ?getSampleStride@HeightField@Gu@physx@@UEBAIXZ 0000000180003810 f i Cooking.obj
 0001:00002820       ?getTimestamp@HeightField@Gu@physx@@UEBAIXZ 0000000180003820 f i Cooking.obj
 0001:00002830       ?getTriangleMaterialIndex@HeightField@Gu@physx@@UEBAGI@Z 0000000180003830 f i Cooking.obj
 0001:00002860       ?getTriangleNormal@HeightField@Gu@physx@@UEBA?AVPxVec3@3@I@Z 0000000180003860 f i Cooking.obj
 0001:00002880       ?getTriangleNormalInternal@HeightField@Gu@physx@@QEBA?AVPxVec3@3@I@Z 0000000180003880 f i Cooking.obj
 0001:000029d0       ?getVertices@ConvexMesh@Gu@physx@@UEBAPEBVPxVec3@3@XZ 00000001800039d0 f i Cooking.obj
 0001:000029f0       ?isKindOf@PxBase@physx@@MEBA_NPEBD@Z 00000001800039f0 f i Cooking.obj
 0001:00002a20       ?isKindOf@PxConvexMesh@physx@@MEBA_NPEBD@Z 0000000180003a20 f i Cooking.obj
 0001:00002a70       ?isKindOf@PxHeightField@physx@@MEBA_NPEBD@Z 0000000180003a70 f i Cooking.obj
 0001:00002ac0       ?isReleasable@PxBase@physx@@UEBA_NXZ 0000000180003ac0 f i Cooking.obj
 0001:00002ad0       ?outputSegment@RenderOutput@Cm@physx@@QEAAXAEBVPxVec3@3@0@Z 0000000180003ad0 f i Cooking.obj
 0001:00002b90       ?platformMismatch@Cooking@physx@@UEBA_NXZ 0000000180003b90 f   Cooking.obj
 0001:00002ba0       ?preExportDataReset@ConvexMesh@Gu@physx@@QEAAXXZ 0000000180003ba0 f i Cooking.obj
 0001:00002ba0       ?preExportDataReset@HeightField@Gu@physx@@QEAAXXZ 0000000180003ba0 f i Cooking.obj
 0001:00002bb0       ?recreate@?$Array@UPxDebugLine@physx@@V?$ReflectionAllocator@UPxDebugLine@physx@@@shdfnd@2@@shdfnd@physx@@IEAAXI@Z 0000000180003bb0 f i Cooking.obj
 0001:00002c30       ?release@Cooking@physx@@UEAAXXZ 0000000180003c30 f   Cooking.obj
 0001:00002c50       ?reserveSegments@RenderOutput@Cm@physx@@QEAAPEAUPxDebugLine@3@I@Z 0000000180003c50 f i Cooking.obj
 0001:00002cb0       ?setParams@Cooking@physx@@UEAAXAEBUPxCookingParams@2@@Z 0000000180003cb0 f   Cooking.obj
 0001:00002d10       ?validateConvexMesh@Cooking@physx@@UEBA_NAEBVPxConvexMeshDesc@2@@Z 0000000180003d10 f   Cooking.obj
 0001:00002d70       ?validateTriangleMesh@Cooking@physx@@UEBA_NAEBVPxTriangleMeshDesc@2@@Z 0000000180003d70 f   Cooking.obj
 0001:00002e80       PxCreateCooking            0000000180003e80 f   Cooking.obj
 0001:00002f70       ??0ReducedVertexCloud@physx@@QEAA@PEBVPxVec3@1@I@Z 0000000180003f70 f   CookingUtils.obj
 0001:00002f90       ??1ReducedVertexCloud@physx@@QEAA@XZ 0000000180003f90 f   CookingUtils.obj
 0001:00002fa0       ?Clean@ReducedVertexCloud@physx@@QEAAAEAV12@XZ 0000000180003fa0 f   CookingUtils.obj
 0001:00003010       ?Reduce@ReducedVertexCloud@physx@@QEAA_NPEAUREDUCEDCLOUD@2@@Z 0000000180004010 f   CookingUtils.obj
 0001:00003350       ??$?_UI@@YAPEAX_KV?$ReflectionAllocator@I@shdfnd@physx@@PEBDH@Z 0000000180004350 f i EdgeList.obj
 0001:000033f0       ??0EdgeListBuilder@Gu@physx@@QEAA@XZ 00000001800043f0 f   EdgeList.obj
 0001:00003410       ??1EdgeList@Gu@physx@@QEAA@XZ 0000000180004410 f   EdgeList.obj
 0001:000034c0       ??1EdgeListBuilder@Gu@physx@@QEAA@XZ 00000001800044c0 f   EdgeList.obj
 0001:000034d0       ?computeActiveEdges@EdgeListBuilder@Gu@physx@@AEAA_NIPEBIPEBGPEBVPxVec3@3@M@Z 00000001800044d0 f   EdgeList.obj
 0001:00004b20       ?createEdgesToFaces@EdgeListBuilder@Gu@physx@@AEAA_NIPEBIPEBG@Z 0000000180005b20 f   EdgeList.obj
 0001:00004d80       ?createFacesToEdges@EdgeListBuilder@Gu@physx@@AEAA_NIPEBIPEBG@Z 0000000180005d80 f   EdgeList.obj
 0001:00005250       ?init@EdgeListBuilder@Gu@physx@@QEAA_NAEBUEDGELISTCREATE@23@@Z 0000000180006250 f   EdgeList.obj
 0001:00005380       ??0MeshCleaner@physx@@QEAA@IPEBVPxVec3@1@IPEBIM@Z 0000000180006380 f   MeshCleaner.obj
 0001:00005d50       ??1MeshCleaner@physx@@QEAA@XZ 0000000180006d50 f   MeshCleaner.obj
 0001:00005de0       ??$kmeans_cluster@VPxVec3@physx@@M@@YAIPEBVPxVec3@physx@@IIPEAV01@PEAIMM@Z 0000000180006de0 f i Quantizer.obj
 0001:000067a0       ??_EQuantizer@physx@@MEAAPEAXI@Z 00000001800077a0 f i Quantizer.obj
 0001:000067a0       ??_GQuantizer@physx@@MEAAPEAXI@Z 00000001800077a0 f i Quantizer.obj
 0001:000067d0       ??_EQuantizerImpl@@EEAAPEAXI@Z 00000001800077d0 f i Quantizer.obj
 0001:000067d0       ??_GQuantizerImpl@@EEAAPEAXI@Z 00000001800077d0 f i Quantizer.obj
 0001:000068a0       ?createQuantizer@physx@@YAPEAVQuantizer@1@XZ 00000001800078a0 f   Quantizer.obj
 0001:00006950       ?getDenormalizeCenter@QuantizerImpl@@UEBAAEBVPxVec3@physx@@XZ 0000000180007950 f i Quantizer.obj
 0001:00006960       ?growAndPushBack@?$Array@VPxVec3@physx@@V?$ReflectionAllocator@VPxVec3@physx@@@shdfnd@2@@shdfnd@physx@@IEAAAEAVPxVec3@3@AEBV43@@Z 0000000180007960 f i Quantizer.obj
 0001:00006b40       ?kmeansQuantize3D@QuantizerImpl@@UEAAPEBVPxVec3@physx@@IPEBV23@I_NIAEAI@Z 0000000180007b40 f i Quantizer.obj
 0001:00006da0       ?normalizeInput@QuantizerImpl@@AEAAXIPEBVPxVec3@physx@@I@Z 0000000180007da0 f i Quantizer.obj
 0001:00007200       ?release@QuantizerImpl@@UEAAXXZ 0000000180008200 f i Quantizer.obj
 0001:00007220       ??$copy@V?$ReflectionAllocator@USlab@NodeAllocator@Gu@physx@@@shdfnd@physx@@@?$Array@USlab@NodeAllocator@Gu@physx@@V?$ReflectionAllocator@USlab@NodeAllocator@Gu@physx@@@shdfnd@4@@shdfnd@physx@@IEAAXAEBV012@@Z 0000000180008220 f i BVHStructureBuilder.obj
 0001:000072a0       ??0AABBTreeBuildNode@Gu@physx@@QEAA@AEBV012@@Z 00000001800082a0 f i BVHStructureBuilder.obj
 0001:000072a0       ??4AABBTreeBuildNode@Gu@physx@@QEAAAEAV012@AEBV012@@Z 00000001800082a0 f i BVHStructureBuilder.obj
 0001:000072e0       ??0AABBTreeBuildParams@Gu@physx@@QEAA@IIPEBVPxBounds3@2@@Z 00000001800082e0 f i BVHStructureBuilder.obj
 0001:00007300       ??0BVHStructureBuilder@physx@@QEAA@XZ 0000000180008300 f   BVHStructureBuilder.obj
 0001:00007320       ??0BuildStats@Gu@physx@@QEAA@XZ 0000000180008320 f i BVHStructureBuilder.obj
 0001:00007330       ??0NodeAllocator@Gu@physx@@QEAA@AEBV012@@Z 0000000180008330 f i BVHStructureBuilder.obj
 0001:00007370       ??1AABBTreeBuildParams@Gu@physx@@QEAA@XZ 0000000180008370 f i BVHStructureBuilder.obj
 0001:00007370       ?reset@AABBTreeBuildParams@Gu@physx@@QEAAXXZ 0000000180008370 f i BVHStructureBuilder.obj
 0001:000073d0       ??1BVHStructureBuilder@physx@@QEAA@XZ 00000001800083d0 f   BVHStructureBuilder.obj
 0001:00007460       ??4AABBTreeBuildParams@Gu@physx@@QEAAAEAV012@AEBV012@@Z 0000000180008460 f i BVHStructureBuilder.obj
 0001:00007480       ??4BuildStats@Gu@physx@@QEAAAEAU012@$$QEAU012@@Z 0000000180008480 f i BVHStructureBuilder.obj
 0001:00007490       ??4BuildStats@Gu@physx@@QEAAAEAU012@AEBU012@@Z 0000000180008490 f i BVHStructureBuilder.obj
 0001:000074a0       ??4NodeAllocator@Gu@physx@@QEAAAEAV012@AEBV012@@Z 00000001800084a0 f i BVHStructureBuilder.obj
 0001:00007550       ??_FAABBTreeBuildParams@Gu@physx@@QEAAXXZ 0000000180008550 f i BVHStructureBuilder.obj
 0001:00007570       ??_V@YAXPEAX_K@Z           0000000180008570 f i LIBCMT:delete_array_size.obj
 0001:00007570       ?__global_delete@@YAXPEAX_K@Z 0000000180008570 f i BVHStructureBuilder.obj
 0001:00007580       ?allocate@?$Array@USlab@NodeAllocator@Gu@physx@@V?$ReflectionAllocator@USlab@NodeAllocator@Gu@physx@@@shdfnd@4@@shdfnd@physx@@IEAAPEAUSlab@NodeAllocator@Gu@3@I@Z 0000000180008580 f i BVHStructureBuilder.obj
 0001:00007620       ?flatten@@YAXAEBVNodeAllocator@Gu@physx@@PEAUBVHNode@23@@Z 0000000180008620 f   BVHStructureBuilder.obj
 0001:000077f0       ?getCount@BuildStats@Gu@physx@@QEBAIXZ 00000001800087f0 f i BVHStructureBuilder.obj
 0001:00007800       ?getNbPrimitives@AABBTreeBuildNode@Gu@physx@@QEBAIXZ 0000000180008800 f i BVHStructureBuilder.obj
 0001:00007800       ?getNbRuntimePrimitives@AABBTreeBuildNode@Gu@physx@@QEBAIXZ 0000000180008800 f i BVHStructureBuilder.obj
 0001:00007810       ?getNeg@AABBTreeBuildNode@Gu@physx@@QEBAPEBV123@XZ 0000000180008810 f i BVHStructureBuilder.obj
 0001:00007830       ?getPrimitives@AABBTreeBuildNode@Gu@physx@@QEAAPEAIPEAI@Z 0000000180008830 f i BVHStructureBuilder.obj
 0001:00007830       ?getPrimitives@AABBTreeBuildNode@Gu@physx@@QEBAPEBIPEBI@Z 0000000180008830 f i BVHStructureBuilder.obj
 0001:00007840       ?increaseCount@BuildStats@Gu@physx@@QEAAXI@Z 0000000180008840 f i BVHStructureBuilder.obj
 0001:00007850       ?isLeaf@AABBTreeBuildNode@Gu@physx@@QEBA_NXZ 0000000180008850 f i BVHStructureBuilder.obj
 0001:00007860       ?loadFromDesc@BVHStructureBuilder@physx@@QEAA_NAEBVPxBVHStructureDesc@2@@Z 0000000180008860 f   BVHStructureBuilder.obj
 0001:00007b70       ?moveData@BVHStructureBuilder@physx@@QEAAXAEAUBVHStructureData@Gu@2@@Z 0000000180008b70 f   BVHStructureBuilder.obj
 0001:00007bb0       ?recreate@?$Array@USlab@NodeAllocator@Gu@physx@@V?$ReflectionAllocator@USlab@NodeAllocator@Gu@physx@@@shdfnd@4@@shdfnd@physx@@IEAAXI@Z 0000000180008bb0 f i BVHStructureBuilder.obj
 0001:00007c60       ?reset@BuildStats@Gu@physx@@QEAAXXZ 0000000180008c60 f i BVHStructureBuilder.obj
 0001:00007c70       ?save@BVHStructureBuilder@physx@@QEBA_NAEAVPxOutputStream@2@_N@Z 0000000180008c70 f   BVHStructureBuilder.obj
 0001:00007df0       ?setCount@BuildStats@Gu@physx@@QEAAXI@Z 0000000180008df0 f i BVHStructureBuilder.obj
 0001:00007e00       ?setNbRunTimePrimitives@AABBTreeBuildNode@Gu@physx@@QEAAXI@Z 0000000180008e00 f i BVHStructureBuilder.obj
 0001:00007e10       ?saveHeightField@physx@@YA_NAEBVHeightField@Gu@1@AEAVPxOutputStream@1@_N@Z 0000000180008e10 f   HeightFieldCooking.obj
 0001:00008050       ??$quickSelectFirstK@UBoundsLTE@physx@@@quickSelect@physx@@YAXPEIAIIIIAEBUBoundsLTE@1@@Z 0000000180009050 f i RTreeCooking.obj
 0001:00008230       ??$smallSort@I$$CBUSortBoundsPredicate@physx@@@internal@shdfnd@physx@@YAXPEAIHHAEBUSortBoundsPredicate@2@@Z 0000000180009230 f i RTreeCooking.obj
 0001:000084a0       ??$sort@IU?$Less@I@shdfnd@physx@@V?$ReflectionAllocator@I@23@@shdfnd@physx@@YAXPEAIIAEBU?$Less@I@01@AEBV?$ReflectionAllocator@I@01@I@Z 00000001800094a0 f i RTreeCooking.obj
 0001:00008870       ??$sort@IUSortBoundsPredicate@physx@@V?$ReflectionAllocator@I@shdfnd@2@@shdfnd@physx@@YAXPEAIIAEBUSortBoundsPredicate@1@AEBV?$ReflectionAllocator@I@01@I@Z 0000000180009870 f i RTreeCooking.obj
 0001:00008ca0       ?allocate@?$Array@UInterval@physx@@V?$InlineAllocator@$0CAAA@V?$ReflectionAllocator@UInterval@physx@@@shdfnd@physx@@@shdfnd@2@@shdfnd@physx@@IEAAPEAUInterval@3@I@Z 0000000180009ca0 f i RTreeCooking.obj
 0001:00008d60       ?allocate@?$Array@UPxBounds3V@physx@@V?$ReflectionAllocator@UPxBounds3V@physx@@@shdfnd@2@@shdfnd@physx@@IEAAPEAUPxBounds3V@3@I@Z 0000000180009d60 f i RTreeCooking.obj
 0001:00008e00       ?allocate@?$Array@URTreeNodeNQ@physx@@V?$ReflectionAllocator@URTreeNodeNQ@physx@@@shdfnd@2@@shdfnd@physx@@IEAAPEAURTreeNodeNQ@3@I@Z 0000000180009e00 f i RTreeCooking.obj
 0001:00008ea0       ?allocate@?$Array@URTreeNodeQ@Gu@physx@@V?$ReflectionAllocator@URTreeNodeQ@Gu@physx@@@shdfnd@3@@shdfnd@physx@@IEAAPEAURTreeNodeQ@Gu@3@I@Z 0000000180009ea0 f i RTreeCooking.obj
 0001:00008f40       ?allocate@?$Array@VPxVec3@physx@@V?$ReflectionAllocator@VPxVec3@physx@@@shdfnd@2@@shdfnd@physx@@IEAAPEAVPxVec3@3@I@Z 0000000180009f40 f i RTreeCooking.obj
 0001:00008ff0       ?allocate@?$ReflectionAllocator@I@shdfnd@physx@@QEAAPEAX_KPEBDH@Z 0000000180009ff0 f i RTreeCooking.obj
 0001:00009d20       ?buildFromTriangles@RTreeCooker@physx@@SAXAEAURTree@Gu@2@PEBVPxVec3@2@IPEBGPEBIIAEAV?$Array@IV?$ReflectionAllocator@I@shdfnd@physx@@@shdfnd@2@PEAURemapCallback@12@MW4Enum@PxMeshCookingHint@2@@Z 000000018000ad20 f   RTreeCooking.obj
 0001:00009fe0       ?copy@?$Array@URTreeNodeNQ@physx@@V?$ReflectionAllocator@URTreeNodeNQ@physx@@@shdfnd@2@@shdfnd@physx@@KAXPEAURTreeNodeNQ@3@0PEBU43@@Z 000000018000afe0 f i RTreeCooking.obj
 0001:0000a1a0       ?copy@?$Array@VPxVec3@physx@@V?$ReflectionAllocator@VPxVec3@physx@@@shdfnd@2@@shdfnd@physx@@KAXPEAVPxVec3@3@0PEBV43@@Z 000000018000b1a0 f i RTreeCooking.obj
 0001:0000a270       ?growAndPushBack@?$Array@IV?$ReflectionAllocator@I@shdfnd@physx@@@shdfnd@physx@@IEAAAEAIAEBI@Z 000000018000b270 f i RTreeCooking.obj
 0001:0000a340       ?growAndPushBack@?$Array@UInterval@physx@@V?$InlineAllocator@$0CAAA@V?$ReflectionAllocator@UInterval@physx@@@shdfnd@physx@@@shdfnd@2@@shdfnd@physx@@IEAAAEAUInterval@3@AEBU43@@Z 000000018000b340 f i RTreeCooking.obj
 0001:0000a420       ?growAndPushBack@?$Array@UPxBounds3V@physx@@V?$ReflectionAllocator@UPxBounds3V@physx@@@shdfnd@2@@shdfnd@physx@@IEAAAEAUPxBounds3V@3@AEBU43@@Z 000000018000b420 f i RTreeCooking.obj
 0001:0000a500       ?growAndPushBack@?$Array@URTreeNodeNQ@physx@@V?$ReflectionAllocator@URTreeNodeNQ@physx@@@shdfnd@2@@shdfnd@physx@@IEAAAEAURTreeNodeNQ@3@AEBU43@@Z 000000018000b500 f i RTreeCooking.obj
 0001:0000a5e0       ?growAndPushBack@?$Array@URTreeNodeQ@Gu@physx@@V?$ReflectionAllocator@URTreeNodeQ@Gu@physx@@@shdfnd@3@@shdfnd@physx@@IEAAAEAURTreeNodeQ@Gu@3@AEBU453@@Z 000000018000b5e0 f i RTreeCooking.obj
 0001:0000a6d0       ?recreate@?$Array@IV?$ReflectionAllocator@I@shdfnd@physx@@@shdfnd@physx@@IEAAXI@Z 000000018000b6d0 f i RTreeCooking.obj
 0001:0000a790       ?recreate@?$Array@UPxBounds3V@physx@@V?$ReflectionAllocator@UPxBounds3V@physx@@@shdfnd@2@@shdfnd@physx@@IEAAXI@Z 000000018000b790 f i RTreeCooking.obj
 0001:0000a840       ?recreate@?$Array@URTreeNodeNQ@physx@@V?$ReflectionAllocator@URTreeNodeNQ@physx@@@shdfnd@2@@shdfnd@physx@@IEAAXI@Z 000000018000b840 f i RTreeCooking.obj
 0001:0000a8c0       ?recreate@?$Array@URTreeNodeQ@Gu@physx@@V?$ReflectionAllocator@URTreeNodeQ@Gu@physx@@@shdfnd@3@@shdfnd@physx@@IEAAXI@Z 000000018000b8c0 f i RTreeCooking.obj
 0001:0000a980       ?recreate@?$Array@VPxVec3@physx@@V?$ReflectionAllocator@VPxVec3@physx@@@shdfnd@2@@shdfnd@physx@@IEAAXI@Z 000000018000b980 f i RTreeCooking.obj
 0001:0000aa00       ?resize@?$Array@IV?$ReflectionAllocator@I@shdfnd@physx@@@shdfnd@physx@@QEAAXIAEBI@Z 000000018000ba00 f i RTreeCooking.obj
 0001:0000aac0       ?resizeUninitialized@?$Array@URTreeNodeNQ@physx@@V?$ReflectionAllocator@URTreeNodeNQ@physx@@@shdfnd@2@@shdfnd@physx@@QEAAXI@Z 000000018000bac0 f i RTreeCooking.obj
 0001:0000ab00       ?sort4@SubSortQuick@physx@@QEAAXPEIAIIAEAV?$Array@URTreeNodeNQ@physx@@V?$ReflectionAllocator@URTreeNodeNQ@physx@@@shdfnd@2@@shdfnd@2@AEAIAEAUPxBounds3V@2@I@Z 000000018000bb00 f i RTreeCooking.obj
 0001:0000ae90       ?sort4@SubSortSAH@physx@@QEAAXPEAIIAEAV?$Array@URTreeNodeNQ@physx@@V?$ReflectionAllocator@URTreeNodeNQ@physx@@@shdfnd@2@@shdfnd@2@AEAIIPEAURTreeNodeNQ@2@@Z 000000018000be90 f i RTreeCooking.obj
 0001:0000b780       ?split@SubSortSAH@physx@@QEAAIPEAII@Z 000000018000c780 f i RTreeCooking.obj
 0001:0000c230       ?computeLocalBounds@MeshBulider@physx@@IEAAXAEAVMeshDataBase@Gu@2@@Z 000000018000d230 f   MeshBuilder.obj
 0001:0000c2c0       ??$?_UG@@YAPEAX_KV?$ReflectionAllocator@G@shdfnd@physx@@PEBDH@Z 000000018000d2c0 f i TriangleMeshBuilder.obj
 0001:0000c360       ??$median3@UEdgeTriLookup@physx@@$$CBU?$Less@UEdgeTriLookup@physx@@@shdfnd@2@@internal@shdfnd@physx@@YAXPEAUEdgeTriLookup@2@HHAEBU?$Less@UEdgeTriLookup@physx@@@12@@Z 000000018000d360 f i TriangleMeshBuilder.obj
 0001:0000c4b0       ??$sort@UEdgeTriLookup@physx@@U?$Less@UEdgeTriLookup@physx@@@shdfnd@2@V?$ReflectionAllocator@UEdgeTriLookup@physx@@@42@@shdfnd@physx@@YAXPEAUEdgeTriLookup@1@IAEBU?$Less@UEdgeTriLookup@physx@@@01@AEBV?$ReflectionAllocator@UEdgeTriLookup@physx@@@01@I@Z 000000018000d4b0 f i TriangleMeshBuilder.obj
 0001:0000c960       ??0BV4TriangleMeshBuilder@physx@@QEAA@AEBUPxCookingParams@1@@Z 000000018000d960 f   TriangleMeshBuilder.obj
 0001:0000ca30       ??0RTreeTriangleMeshBuilder@physx@@QEAA@AEBUPxCookingParams@1@@Z 000000018000da30 f   TriangleMeshBuilder.obj
 0001:0000caf0       ??1BV4TriangleMeshBuilder@physx@@UEAA@XZ 000000018000daf0 f   TriangleMeshBuilder.obj
 0001:0000cb50       ??1MeshDataBase@Gu@physx@@UEAA@XZ 000000018000db50 f i TriangleMeshBuilder.obj
 0001:0000cc40       ??1RTreeTriangleData@Gu@physx@@UEAA@XZ 000000018000dc40 f i TriangleMeshBuilder.obj
 0001:0000ccb0       ??1RTreeTriangleMeshBuilder@physx@@UEAA@XZ 000000018000dcb0 f   TriangleMeshBuilder.obj
 0001:0000cce0       ??1TriangleMeshBuilder@physx@@UEAA@XZ 000000018000dce0 f   TriangleMeshBuilder.obj
 0001:0000cd40       ??1TriangleMeshData@Gu@physx@@UEAA@XZ 000000018000dd40 f i TriangleMeshBuilder.obj
 0001:0000ce10       ??_EBV4TriangleData@Gu@physx@@UEAAPEAXI@Z 000000018000de10 f i TriangleMeshBuilder.obj
 0001:0000ce10       ??_GBV4TriangleData@Gu@physx@@UEAAPEAXI@Z 000000018000de10 f i TriangleMeshBuilder.obj
 0001:0000cea0       ??_EBV4TriangleMeshBuilder@physx@@UEAAPEAXI@Z 000000018000dea0 f i TriangleMeshBuilder.obj
 0001:0000cea0       ??_GBV4TriangleMeshBuilder@physx@@UEAAPEAXI@Z 000000018000dea0 f i TriangleMeshBuilder.obj
 0001:0000cf20       ??_EMeshDataBase@Gu@physx@@UEAAPEAXI@Z 000000018000df20 f i TriangleMeshBuilder.obj
 0001:0000cf20       ??_GMeshDataBase@Gu@physx@@UEAAPEAXI@Z 000000018000df20 f i TriangleMeshBuilder.obj
 0001:0000cf90       ??_ERTreeCookerRemap@physx@@UEAAPEAXI@Z 000000018000df90 f i TriangleMeshBuilder.obj
 0001:0000cf90       ??_GRTreeCookerRemap@physx@@UEAAPEAXI@Z 000000018000df90 f i TriangleMeshBuilder.obj
 0001:0000cfc0       ??_ERTreeTriangleData@Gu@physx@@UEAAPEAXI@Z 000000018000dfc0 f i TriangleMeshBuilder.obj
 0001:0000cfc0       ??_GRTreeTriangleData@Gu@physx@@UEAAPEAXI@Z 000000018000dfc0 f i TriangleMeshBuilder.obj
 0001:0000d030       ??_ERTreeTriangleMeshBuilder@physx@@UEAAPEAXI@Z 000000018000e030 f i TriangleMeshBuilder.obj
 0001:0000d030       ??_GRTreeTriangleMeshBuilder@physx@@UEAAPEAXI@Z 000000018000e030 f i TriangleMeshBuilder.obj
 0001:0000d080       ??_ERemapCallback@RTreeCooker@physx@@UEAAPEAXI@Z 000000018000e080 f i TriangleMeshBuilder.obj
 0001:0000d080       ??_GRemapCallback@RTreeCooker@physx@@UEAAPEAXI@Z 000000018000e080 f i TriangleMeshBuilder.obj
 0001:0000d0b0       ??_ETriangleMeshBuilder@physx@@UEAAPEAXI@Z 000000018000e0b0 f i TriangleMeshBuilder.obj
 0001:0000d0b0       ??_GTriangleMeshBuilder@physx@@UEAAPEAXI@Z 000000018000e0b0 f i TriangleMeshBuilder.obj
 0001:0000d0f0       ??_ETriangleMeshData@Gu@physx@@UEAAPEAXI@Z 000000018000e0f0 f i TriangleMeshBuilder.obj
 0001:0000d0f0       ??_GTriangleMeshData@Gu@physx@@UEAAPEAXI@Z 000000018000e0f0 f i TriangleMeshBuilder.obj
 0001:0000d160       ?allocateTriangles@TriangleMeshData@Gu@physx@@QEAAPEAXI_NI@Z 000000018000e160 f i TriangleMeshBuilder.obj
 0001:0000d240       ?allocateVertices@MeshDataBase@Gu@physx@@QEAAPEAVPxVec3@3@I@Z 000000018000e240 f i TriangleMeshBuilder.obj
 0001:0000d7a0       ?checkMeshIndicesSize@TriangleMeshBuilder@physx@@QEAAXXZ 000000018000e7a0 f   TriangleMeshBuilder.obj
 0001:0000dab0       ?cleanMesh@TriangleMeshBuilder@physx@@QEAA_N_NPEAW4Enum@PxTriangleMeshCookingResult@2@@Z 000000018000eab0 f   TriangleMeshBuilder.obj
 0001:0000df80       ?createGRBMidPhaseAndData@TriangleMeshBuilder@physx@@QEAAXI@Z 000000018000ef80 f   TriangleMeshBuilder.obj
 0001:0000e320       ?createMidPhaseStructure@BV4TriangleMeshBuilder@physx@@UEAAXXZ 000000018000f320 f   TriangleMeshBuilder.obj
 0001:0000e590       ?createMidPhaseStructure@RTreeTriangleMeshBuilder@physx@@UEAAXXZ 000000018000f590 f   TriangleMeshBuilder.obj
 0001:0000e670       ?createSharedEdgeData@TriangleMeshBuilder@physx@@QEAAX_N0@Z 000000018000f670 f   TriangleMeshBuilder.obj
 0001:0000ece0       ?getMidphaseID@BV4TriangleMeshBuilder@physx@@UEBA?AW4Enum@PxMeshMidPhase@2@XZ 000000018000fce0 f i TriangleMeshBuilder.obj
 0001:0000ece0       ?length@charNode@@UEBAHXZ  000000018000fce0 f i libvcruntime:undname.obj
 0001:0000ece0       ?raw_length@charNode@@UEBAHXZ 000000018000fce0 f i libvcruntime:undname.obj
 0001:0000ece0       DllMain                    000000018000fce0 f i LIBCMT:dll_dllmain_stub.obj
 0001:0000ece0       _get_startup_argv_mode     000000018000fce0 f i LIBCMT:argv_mode.obj
 0001:0000ecf0       ?getMidphaseID@RTreeTriangleMeshBuilder@physx@@UEBA?AW4Enum@PxMeshMidPhase@2@XZ 000000018000fcf0 f i TriangleMeshBuilder.obj
 0001:0000ed00       ?importMesh@TriangleMeshBuilder@physx@@IEAA_NAEBVPxTriangleMeshDesc@2@AEBUPxCookingParams@2@PEAW4Enum@PxTriangleMeshCookingResult@2@_N@Z 000000018000fd00 f   TriangleMeshBuilder.obj
 0001:0000efd0       ?loadFromDesc@TriangleMeshBuilder@physx@@QEAA_NAEBVPxTriangleMeshDesc@2@PEAW4Enum@PxTriangleMeshCookingResult@2@_N@Z 000000018000ffd0 f   TriangleMeshBuilder.obj
 0001:0000f3d0       ?onMeshIndexFormatChange@BV4TriangleMeshBuilder@physx@@UEAAXXZ 00000001800103d0 f   TriangleMeshBuilder.obj
 0001:0000f410       ?remap@RTreeCookerRemap@physx@@UEAAXPEAIII@Z 0000000180010410 f i TriangleMeshBuilder.obj
 0001:0000f430       ?remapTopology@TriangleMeshBuilder@physx@@QEAAXPEBI@Z 0000000180010430 f   TriangleMeshBuilder.obj
 0001:0000f680       ?save@TriangleMeshBuilder@physx@@QEBA_NAEAVPxOutputStream@2@_NAEBUPxCookingParams@2@@Z 0000000180010680 f   TriangleMeshBuilder.obj
 0001:0000fc50       ?saveMidPhaseStructure@BV4TriangleMeshBuilder@physx@@UEBAXAEAVPxOutputStream@2@_N@Z 0000000180010c50 f   TriangleMeshBuilder.obj
 0001:0000fdf0       ?saveMidPhaseStructure@RTreeTriangleMeshBuilder@physx@@UEBAXAEAVPxOutputStream@2@_N@Z 0000000180010df0 f   TriangleMeshBuilder.obj
 0001:00010030       ??0BigConvexDataBuilder@physx@@QEAA@PEBUConvexHullData@Gu@1@PEAVBigConvexData@1@PEBVPxVec3@1@@Z 0000000180011030 f   BigConvexDataBuilder.obj
 0001:00010040       ??4BigConvexData@physx@@QEAAAEAV01@AEBV01@@Z 0000000180011040 f i BigConvexDataBuilder.obj
 0001:00010060       ?GetAdjacentVerts@BigConvexData@physx@@QEBAPEBEXZ 0000000180011060 f i BigConvexDataBuilder.obj
 0001:00010070       ?GetNbNeighbors@BigConvexData@physx@@QEBAGI@Z 0000000180011070 f i BigConvexDataBuilder.obj
 0001:00010070       ?GetValency@BigConvexData@physx@@QEBAGI@Z 0000000180011070 f i BigConvexDataBuilder.obj
 0001:00010080       ?GetNbSamples@BigConvexData@physx@@QEBAIXZ 0000000180011080 f i BigConvexDataBuilder.obj
 0001:00010090       ?GetNbVerts@BigConvexData@physx@@QEBAIXZ 0000000180011090 f i BigConvexDataBuilder.obj
 0001:00010090       ?length@pcharNode@@UEBAHXZ 0000000180011090 f i libvcruntime:undname.obj
 0001:00010090       ?raw_length@pcharNode@@UEBAHXZ 0000000180011090 f i libvcruntime:undname.obj
 0001:000100a0       ?GetNeighbors@BigConvexData@physx@@QEBAPEBEI@Z 00000001800110a0 f i BigConvexDataBuilder.obj
 0001:000100b0       ?GetOffset@BigConvexData@physx@@QEBAGI@Z 00000001800110b0 f i BigConvexDataBuilder.obj
 0001:000100c0       ?GetSubdiv@BigConvexData@physx@@QEBAIXZ 00000001800110c0 f i BigConvexDataBuilder.obj
 0001:000100d0       ?computeValencies@BigConvexDataBuilder@physx@@QEAA_NAEBVConvexHullBuilder@2@@Z 00000001800110d0 f   BigConvexDataBuilder.obj
 0001:00010490       ?precompute@BigConvexDataBuilder@physx@@QEAA_NI@Z 0000000180011490 f   BigConvexDataBuilder.obj
 0001:000110c0       ?save@BigConvexDataBuilder@physx@@QEBA_NAEAVPxOutputStream@2@_N@Z 00000001800120c0 f   BigConvexDataBuilder.obj
 0001:000111a0       ?saveValencies@BigConvexDataBuilder@physx@@QEBA_NAEAVPxOutputStream@2@_N@Z 00000001800121a0 f   BigConvexDataBuilder.obj
 0001:00011350       ??$?_UE@@YAPEAX_KV?$ReflectionAllocator@E@shdfnd@physx@@PEBDH@Z 0000000180012350 f i ConvexHullBuilder.obj
 0001:000113f0       ??0ConvexHullBuilder@physx@@QEAA@PEAUConvexHullData@Gu@1@_N@Z 00000001800123f0 f   ConvexHullBuilder.obj
 0001:00011420       ??1ConvexHullBuilder@physx@@QEAA@XZ 0000000180012420 f   ConvexHullBuilder.obj
 0001:00011530       ?calculateVertexMapTable@ConvexHullBuilder@physx@@QEAA_NI_N@Z 0000000180012530 f   ConvexHullBuilder.obj
 0001:000116f0       ?checkHullPolygons@ConvexHullBuilder@physx@@QEBA_NXZ 00000001800126f0 f   ConvexHullBuilder.obj
 0001:00011f00       ?computeGeomCenter@ConvexHullBuilder@physx@@IEBA_NAEAVPxVec3@2@IPEAUHullTriangleData@2@@Z 0000000180012f00 f   ConvexHullBuilder.obj
 0001:000121c0       ?copy@ConvexHullBuilder@physx@@QEAA_NAEAUConvexHullData@Gu@2@AEAI@Z 00000001800131c0 f   ConvexHullBuilder.obj
 0001:00012440       ?createEdgeList@ConvexHullBuilder@physx@@QEAA_N_NI@Z 0000000180013440 f   ConvexHullBuilder.obj
 0001:00012c30       ?init@ConvexHullBuilder@physx@@QEAA_NIPEBVPxVec3@2@PEBIIIPEBUPxHullPolygon@2@_NPEAVConvexHullLib@2@@Z 0000000180013c30 f   ConvexHullBuilder.obj
 0001:000135d0       ?save@ConvexHullBuilder@physx@@QEBA_NAEAVPxOutputStream@2@_N@Z 00000001800145d0 f   ConvexHullBuilder.obj
 0001:00013910       ??1ConvexHullLib@physx@@UEAA@XZ 0000000180014910 f   ConvexHullLib.obj
 0001:00013970       ??_EConvexHullLib@physx@@UEAAPEAXI@Z 0000000180014970 f i ConvexHullLib.obj
 0001:00013970       ??_GConvexHullLib@physx@@UEAAPEAXI@Z 0000000180014970 f i ConvexHullLib.obj
 0001:00013eb0       ?cleanupVertices@ConvexHullLib@physx@@IEAA_NIPEBVPxVec3@2@IAEAIPEAV32@AEAV32@3@Z 0000000180014eb0 f   ConvexHullLib.obj
 0001:00014330       ?shiftAndcleanupVertices@ConvexHullLib@physx@@IEAA_NIPEBVPxVec3@2@IAEAIPEAV32@AEAV32@3@Z 0000000180015330 f   ConvexHullLib.obj
 0001:00014810       ?shiftConvexMeshDesc@ConvexHullLib@physx@@IEAAXAEAVPxConvexMeshDesc@2@@Z 0000000180015810 f   ConvexHullLib.obj
 0001:000148d0       ?swapLargestFace@ConvexHullLib@physx@@IEAAXAEAVPxConvexMeshDesc@2@@Z 00000001800158d0 f   ConvexHullLib.obj
 0001:00014ac0       ??0Box@Gu@physx@@QEAA@AEBV012@@Z 0000000180015ac0 f i ConvexHullUtils.obj
 0001:00014ac0       ??4Box@Gu@physx@@QEAAAEBV012@AEBV012@@Z 0000000180015ac0 f i ConvexHullUtils.obj
 0001:00014b20       ??0Box@Gu@physx@@QEAA@AEBVPxVec3@2@0AEBVPxMat33@2@@Z 0000000180015b20 f i ConvexHullUtils.obj
 0001:00014b90       ??0ConvexHull@physx@@QEAA@AEBVPxVec3@1@AEBVPxTransform@1@AEBV?$Array@VPxPlane@physx@@V?$ReflectionAllocator@VPxPlane@physx@@@shdfnd@2@@shdfnd@1@@Z 0000000180015b90 f   ConvexHullUtils.obj
 0001:00015cf0       ??0PxQuat@physx@@QEAA@AEBVPxMat33@1@@Z 0000000180016cf0 f i ConvexHullUtils.obj
 0001:00015f00       ?allocate@?$Array@VHalfEdge@ConvexHull@physx@@V?$ReflectionAllocator@VHalfEdge@ConvexHull@physx@@@shdfnd@3@@shdfnd@physx@@IEAAPEAVHalfEdge@ConvexHull@3@I@Z 0000000180016f00 f i ConvexHullUtils.obj
 0001:00015fa0       ?allocate@?$Array@VPxPlane@physx@@V?$ReflectionAllocator@VPxPlane@physx@@@shdfnd@2@@shdfnd@physx@@IEAAPEAVPxPlane@3@I@Z 0000000180016fa0 f i ConvexHullUtils.obj
 0001:00016040       ?assertIntact@ConvexHull@physx@@QEBA_NM@Z 0000000180017040 f   ConvexHullUtils.obj
 0001:00016340       ?computeAABBExtent@Box@Gu@physx@@QEBA?AVPxVec3@3@XZ 0000000180017340 f i ConvexHullUtils.obj
 0001:00016400       ?computeBoxPoints@Box@Gu@physx@@QEBAXPEIAVPxVec3@3@@Z 0000000180017400 f i ConvexHullUtils.obj
 0001:00016440       ?computeOBBFromConvex@physx@@YA_NAEBVPxConvexMeshDesc@1@AEAVPxVec3@1@AEAVPxTransform@1@@Z 0000000180017440 f   ConvexHullUtils.obj
 0001:00016b80       ?computeOBBSIMD@local@@YAXIPEBT__m128@@AEAT2@AEBT2@1@Z 0000000180017b80 f   ConvexHullUtils.obj
 0001:00016fa0       ?convexHullCrop@physx@@YAPEAVConvexHull@1@AEBV21@AEBVPxPlane@1@M@Z 0000000180017fa0 f   ConvexHullUtils.obj
 0001:00017dc0       ?copy@?$Array@VPxPlane@physx@@V?$ReflectionAllocator@VPxPlane@physx@@@shdfnd@2@@shdfnd@physx@@KAXPEAVPxPlane@3@0PEBV43@@Z 0000000180018dc0 f i ConvexHullUtils.obj
 0001:00017ec0       ?findCandidatePlane@ConvexHull@physx@@QEBAHMM@Z 0000000180018ec0 f   ConvexHullUtils.obj
 0001:000182f0       ?getInverse@PxMat33@physx@@QEBA?BV12@XZ 00000001800192f0 f i ConvexHullUtils.obj
 0001:00018540       ?getTransform@Box@Gu@physx@@QEBA?AVPxTransform@3@XZ 0000000180019540 f i ConvexHullUtils.obj
 0001:000185a0       ?growAndPushBack@?$Array@VHalfEdge@ConvexHull@physx@@V?$ReflectionAllocator@VHalfEdge@ConvexHull@physx@@@shdfnd@3@@shdfnd@physx@@IEAAAEAVHalfEdge@ConvexHull@3@AEBV453@@Z 00000001800195a0 f i ConvexHullUtils.obj
 0001:00018660       ?growAndPushBack@?$Array@VPxPlane@physx@@V?$ReflectionAllocator@VPxPlane@physx@@@shdfnd@2@@shdfnd@physx@@IEAAAEAVPxPlane@3@AEBV43@@Z 0000000180019660 f i ConvexHullUtils.obj
 0001:00018720       ?isValid@Box@Gu@physx@@QEBA_NXZ 0000000180019720 f i ConvexHullUtils.obj
 0001:00018740       ?maxNumVertsPerFace@ConvexHull@physx@@QEBAIXZ 0000000180019740 f   ConvexHullUtils.obj
 0001:000187b0       ?recreate@?$Array@VHalfEdge@ConvexHull@physx@@V?$ReflectionAllocator@VHalfEdge@ConvexHull@physx@@@shdfnd@3@@shdfnd@physx@@IEAAXI@Z 00000001800197b0 f i ConvexHullUtils.obj
 0001:00018850       ?recreate@?$Array@VPxPlane@physx@@V?$ReflectionAllocator@VPxPlane@physx@@@shdfnd@2@@shdfnd@physx@@IEAAXI@Z 0000000180019850 f i ConvexHullUtils.obj
 0001:000188d0       ?resize@?$Array@VHalfEdge@ConvexHull@physx@@V?$ReflectionAllocator@VHalfEdge@ConvexHull@physx@@@shdfnd@3@@shdfnd@physx@@QEAAXIAEBVHalfEdge@ConvexHull@3@@Z 00000001800198d0 f i ConvexHullUtils.obj
 0001:00018990       ?resize@?$Array@VPxPlane@physx@@V?$ReflectionAllocator@VPxPlane@physx@@@shdfnd@2@@shdfnd@physx@@QEAAXIAEBVPxPlane@3@@Z 0000000180019990 f i ConvexHullUtils.obj
 0001:00018ab0       ?resize@?$Array@VPxVec3@physx@@V?$ReflectionAllocator@VPxVec3@physx@@@shdfnd@2@@shdfnd@physx@@QEAAXIAEBVPxVec3@3@@Z 0000000180019ab0 f i ConvexHullUtils.obj
 0001:00018ba0       ?rotate@Box@Gu@physx@@QEBA?AVPxVec3@3@AEBV43@@Z 0000000180019ba0 f i ConvexHullUtils.obj
 0001:00018c30       ?rotateInv@Box@Gu@physx@@QEBA?AVPxVec3@3@AEBV43@@Z 0000000180019c30 f i ConvexHullUtils.obj
 0001:00018cc0       ?setAxes@Box@Gu@physx@@QEAAXAEBVPxVec3@3@00@Z 0000000180019cc0 f i ConvexHullUtils.obj
 0001:00018d00       ?setEmpty@Box@Gu@physx@@QEAAXXZ 0000000180019d00 f i ConvexHullUtils.obj
 0001:00018d40       ?transform@Box@Gu@physx@@QEBA?AVPxVec3@3@AEBV43@@Z 0000000180019d40 f i ConvexHullUtils.obj
 0001:00018de0       ??0ConvexMeshBuilder@physx@@QEAA@_N@Z 0000000180019de0 f   ConvexMeshBuilder.obj
 0001:00018e40       ??1ConvexMeshBuilder@physx@@QEAA@XZ 0000000180019e40 f   ConvexMeshBuilder.obj
 0001:00019290       ?build@ConvexMeshBuilder@physx@@QEAA_NAEBVPxConvexMeshDesc@2@I_NPEAVConvexHullLib@2@@Z 000000018001a290 f   ConvexMeshBuilder.obj
 0001:000195c0       ?computeHullPolygons@ConvexMeshBuilder@physx@@QEAA_NAEBIPEBVPxVec3@2@0PEBIAEAVPxAllocatorCallback@2@AEAIAEAPEAV32@4AEAPEAI4AEAPEAUPxHullPolygon@2@@Z 000000018001a5c0 f   ConvexMeshBuilder.obj
 0001:00019800       ?computeMassInfo@ConvexMeshBuilder@physx@@QEAAX_N@Z 000000018001a800 f   ConvexMeshBuilder.obj
 0001:00019c20       ?copy@ConvexMeshBuilder@physx@@QEAA_NAEAUConvexHullInitData@Gu@2@@Z 000000018001ac20 f   ConvexMeshBuilder.obj
 0001:00019d40       ?isFinite@PxVec3@physx@@QEBA_NXZ 000000018001ad40 f i ConvexMeshBuilder.obj
 0001:00019da0       ?loadConvexHull@ConvexMeshBuilder@physx@@QEAA_NAEBVPxConvexMeshDesc@2@PEAVConvexHullLib@2@@Z 000000018001ada0 f   ConvexMeshBuilder.obj
 0001:0001a010       ?save@ConvexMeshBuilder@physx@@QEBA_NAEAVPxOutputStream@2@_N@Z 000000018001b010 f   ConvexMeshBuilder.obj
 0001:0001a220       ??$?_UUHullTriangleData@physx@@@@YAPEAX_KV?$ReflectionAllocator@UHullTriangleData@physx@@@shdfnd@physx@@PEBDH@Z 000000018001b220 f i ConvexPolygonsBuilder.obj
 0001:0001a2c0       ??$copy@V?$ReflectionAllocator@VPair@@@shdfnd@physx@@@?$Array@VPair@@V?$ReflectionAllocator@VPair@@@shdfnd@physx@@@shdfnd@physx@@IEAAXAEBV012@@Z 000000018001b2c0 f i ConvexPolygonsBuilder.obj
 0001:0001a340       ??0ConvexPolygonsBuilder@physx@@QEAA@PEAUConvexHullData@Gu@1@_N@Z 000000018001b340 f   ConvexPolygonsBuilder.obj
 0001:0001a360       ??1ConvexPolygonsBuilder@physx@@QEAA@XZ 000000018001b360 f   ConvexPolygonsBuilder.obj
 0001:0001aba0       ?allocate@?$Array@VPair@@V?$ReflectionAllocator@VPair@@@shdfnd@physx@@@shdfnd@physx@@IEAAPEAVPair@@I@Z 000000018001bba0 f i ConvexPolygonsBuilder.obj
 0001:0001b3d0       ?computeHullPolygons@ConvexPolygonsBuilder@physx@@QEAA_NAEBIPEBVPxVec3@2@0PEBI@Z 000000018001c3d0 f   ConvexPolygonsBuilder.obj
 0001:0001c680       ?createPolygonData@ConvexPolygonsBuilder@physx@@AEAA_NXZ 000000018001d680 f   ConvexPolygonsBuilder.obj
 0001:0001d010       ?createTrianglesFromPolygons@ConvexPolygonsBuilder@physx@@AEAA_NXZ 000000018001e010 f   ConvexPolygonsBuilder.obj
 0001:0001e5e0       ?growAndPushBack@?$Array@VPair@@V?$ReflectionAllocator@VPair@@@shdfnd@physx@@@shdfnd@physx@@IEAAAEAVPair@@AEBV4@@Z 000000018001f5e0 f i ConvexPolygonsBuilder.obj
 0001:0001e6a0       ??0QuickHull@local@@QEAA@AEBUPxCookingParams@physx@@AEBVPxConvexMeshDesc@3@@Z 000000018001f6a0 f   QuickHullConvexHullLib.obj
 0001:0001e750       ??0QuickHullConvexHullLib@physx@@QEAA@AEBVPxConvexMeshDesc@1@AEBUPxCookingParams@1@@Z 000000018001f750 f   QuickHullConvexHullLib.obj
 0001:0001e840       ??1?$MemBlock@UQuickHullFace@local@@$00@local@@QEAA@XZ 000000018001f840 f i QuickHullConvexHullLib.obj
 0001:0001e840       ??1?$MemBlock@UQuickHullHalfEdge@local@@$0A@@local@@QEAA@XZ 000000018001f840 f i QuickHullConvexHullLib.obj
 0001:0001e8e0       ??1QuickHull@local@@QEAA@XZ 000000018001f8e0 f   QuickHullConvexHullLib.obj
 0001:0001ea40       ??_GConvexHull@physx@@QEAAPEAXI@Z 000000018001fa40 f i QuickHullConvexHullLib.obj
 0001:0001eb30       ??_EQuickHullConvexHullLib@physx@@UEAAPEAXI@Z 000000018001fb30 f i QuickHullConvexHullLib.obj
 0001:0001eb30       ??_GQuickHullConvexHullLib@physx@@UEAAPEAXI@Z 000000018001fb30 f i QuickHullConvexHullLib.obj
 0001:0001ec40       ?addPointToHull@QuickHull@local@@IEAA_NPEBUQuickHullVertex@2@AEAUQuickHullFace@2@AEA_N@Z 000000018001fc40 f   QuickHullConvexHullLib.obj
 0001:0001ef10       ?addSimplex@QuickHull@local@@IEAAXPEAUQuickHullVertex@2@_N@Z 000000018001ff10 f   QuickHullConvexHullLib.obj
 0001:0001f400       ?allocate@?$Array@PEAUQuickHullFace@local@@V?$ReflectionAllocator@PEAUQuickHullFace@local@@@shdfnd@physx@@@shdfnd@physx@@IEAAPEAPEAUQuickHullFace@local@@I@Z 0000000180020400 f i QuickHullConvexHullLib.obj
 0001:0001f4a0       ?allocate@?$Array@PEAUQuickHullHalfEdge@local@@V?$ReflectionAllocator@PEAUQuickHullHalfEdge@local@@@shdfnd@physx@@@shdfnd@physx@@IEAAPEAPEAUQuickHullHalfEdge@local@@I@Z 00000001800204a0 f i QuickHullConvexHullLib.obj
 0001:0001f540       ?allocate@?$Array@PEAUQuickHullVertex@local@@V?$ReflectionAllocator@PEAUQuickHullVertex@local@@@shdfnd@physx@@@shdfnd@physx@@IEAAPEAPEAUQuickHullVertex@local@@I@Z 0000000180020540 f i QuickHullConvexHullLib.obj
 0001:0001f5e0       ?allocate@?$Array@UExpandPoint@local@@V?$ReflectionAllocator@UExpandPoint@local@@@shdfnd@physx@@@shdfnd@physx@@IEAAPEAUExpandPoint@local@@I@Z 00000001800205e0 f i QuickHullConvexHullLib.obj
 0001:0001f680       ?buildHull@QuickHull@local@@QEAA?AW4Enum@QuickHullResult@2@XZ 0000000180020680 f   QuickHullConvexHullLib.obj
 0001:0001f8a0       ?calculateHorizon@QuickHull@local@@IEAAXAEBVPxVec3@physx@@PEAUQuickHullHalfEdge@2@AEAUQuickHullFace@2@AEAV?$Array@PEAUQuickHullHalfEdge@local@@V?$ReflectionAllocator@PEAUQuickHullHalfEdge@local@@@shdfnd@physx@@@shdfnd@4@AEAV?$Array@PEAUQuickHullFace@local@@V?$ReflectionAllocator@PEAUQuickHullFace@local@@@shdfnd@physx@@@84@@Z 00000001800208a0 f   QuickHullConvexHullLib.obj
 0001:0001fa50       ?canMergeFaces@QuickHull@local@@IEAA_NAEBUQuickHullHalfEdge@2@@Z 0000000180020a50 f   QuickHullConvexHullLib.obj
 0001:00020260       ?cleanupForSimplex@QuickHullConvexHullLib@physx@@IEAA_NPEAVPxVec3@2@IPEAUQuickHullVertex@local@@1AEAM2@Z 0000000180021260 f   QuickHullConvexHullLib.obj
 0001:00020e50       ?computeMinMaxVerts@QuickHull@local@@IEAAXXZ 0000000180021e50 f   QuickHullConvexHullLib.obj
 0001:00021220       ?connectHalfEdges@QuickHullFace@local@@AEAAPEAU12@PEAUQuickHullHalfEdge@2@0@Z 0000000180022220 f   QuickHullConvexHullLib.obj
 0001:00021590       ?copy@?$Array@UExpandPoint@local@@V?$ReflectionAllocator@UExpandPoint@local@@@shdfnd@physx@@@shdfnd@physx@@KAXPEAUExpandPoint@local@@0PEBU45@@Z 0000000180022590 f i QuickHullConvexHullLib.obj
 0001:000217f0       ?createConvexHull@QuickHullConvexHullLib@physx@@UEAA?AW4Enum@PxConvexMeshCookingResult@2@XZ 00000001800227f0 f   QuickHullConvexHullLib.obj
 0001:00021c10       ?createEdgeList@QuickHullConvexHullLib@physx@@UEAA_NIPEBEPEAPEAEPEAPEAG2@Z 0000000180022c10 f   QuickHullConvexHullLib.obj
 0001:00021e70       ?createTriangle@QuickHull@local@@IEAAPEAUQuickHullFace@2@AEBUQuickHullVertex@2@00@Z 0000000180022e70 f   QuickHullConvexHullLib.obj
 0001:00022230       ?doAdjacentMerge@QuickHull@local@@IEAA_NAEAUQuickHullFace@2@_NAEA_N@Z 0000000180023230 f   QuickHullConvexHullLib.obj
 0001:00022580       ?expandHull@QuickHullConvexHullLib@physx@@IEAA?AW4Enum@PxConvexMeshCookingResult@2@XZ 0000000180023580 f   QuickHullConvexHullLib.obj
 0001:00022ed0       ?expandHullOBB@QuickHullConvexHullLib@physx@@IEAA?AW4Enum@PxConvexMeshCookingResult@2@XZ 0000000180023ed0 f   QuickHullConvexHullLib.obj
 0001:00023300       ?fillConvexMeshDesc@QuickHullConvexHullLib@physx@@UEAAXAEAVPxConvexMeshDesc@2@@Z 0000000180024300 f   QuickHullConvexHullLib.obj
 0001:00023350       ?fillConvexMeshDescFromCroppedHull@QuickHullConvexHullLib@physx@@IEAAXAEAVPxConvexMeshDesc@2@@Z 0000000180024350 f   QuickHullConvexHullLib.obj
 0001:00023540       ?fillConvexMeshDescFromQuickHull@QuickHullConvexHullLib@physx@@IEAAXAEAVPxConvexMeshDesc@2@@Z 0000000180024540 f   QuickHullConvexHullLib.obj
 0001:000238c0       ?findSimplex@QuickHull@local@@IEAA_NXZ 00000001800248c0 f   QuickHullConvexHullLib.obj
 0001:00024530       ?getFreeItem@?$MemBlock@UQuickHullFace@local@@$00@local@@QEAAPEAUQuickHullFace@2@XZ 0000000180025530 f i QuickHullConvexHullLib.obj
 0001:00024660       ?getFreeItem@?$MemBlock@UQuickHullHalfEdge@local@@$0A@@local@@QEAAPEAUQuickHullHalfEdge@2@XZ 0000000180025660 f i QuickHullConvexHullLib.obj
 0001:00024730       ?growAndPushBack@?$Array@PEAUQuickHullFace@local@@V?$ReflectionAllocator@PEAUQuickHullFace@local@@@shdfnd@physx@@@shdfnd@physx@@IEAAAEAPEAUQuickHullFace@local@@AEBQEAU45@@Z 0000000180025730 f i QuickHullConvexHullLib.obj
 0001:000247f0       ?growAndPushBack@?$Array@PEAUQuickHullHalfEdge@local@@V?$ReflectionAllocator@PEAUQuickHullHalfEdge@local@@@shdfnd@physx@@@shdfnd@physx@@IEAAAEAPEAUQuickHullHalfEdge@local@@AEBQEAU45@@Z 00000001800257f0 f i QuickHullConvexHullLib.obj
 0001:000248b0       ?growAndPushBack@?$Array@PEAUQuickHullVertex@local@@V?$ReflectionAllocator@PEAUQuickHullVertex@local@@@shdfnd@physx@@@shdfnd@physx@@IEAAAEAPEAUQuickHullVertex@local@@AEBQEAU45@@Z 00000001800258b0 f i QuickHullConvexHullLib.obj
 0001:00024970       ?growAndPushBack@?$Array@UExpandPoint@local@@V?$ReflectionAllocator@UExpandPoint@local@@@shdfnd@physx@@@shdfnd@physx@@IEAAAEAUExpandPoint@local@@AEBU45@@Z 0000000180025970 f i QuickHullConvexHullLib.obj
 0001:00024a70       ?init@?$MemBlock@UQuickHullFace@local@@$00@local@@QEAAXI@Z 0000000180025a70 f i QuickHullConvexHullLib.obj
 0001:00024b60       ?init@?$MemBlock@UQuickHullHalfEdge@local@@$0A@@local@@QEAAXI@Z 0000000180025b60 f i QuickHullConvexHullLib.obj
 0001:00024c00       ?mergeAdjacentFace@QuickHullFace@local@@QEAA_NPEAUQuickHullHalfEdge@2@AEAV?$Array@PEAUQuickHullFace@local@@V?$ReflectionAllocator@PEAUQuickHullFace@local@@@shdfnd@physx@@@shdfnd@physx@@@Z 0000000180025c00 f   QuickHullConvexHullLib.obj
 0001:00025050       ?nextPointToAdd@QuickHull@local@@IEAAPEAUQuickHullVertex@2@AEAPEAUQuickHullFace@2@@Z 0000000180026050 f   QuickHullConvexHullLib.obj
 0001:000251d0       ?parseInputVertices@QuickHull@local@@QEAAXPEBVPxVec3@physx@@I@Z 00000001800261d0 f   QuickHullConvexHullLib.obj
 0001:00025350       ?postMergeHull@QuickHull@local@@IEAAXXZ 0000000180026350 f   QuickHullConvexHullLib.obj
 0001:000255b0       ?preallocate@QuickHull@local@@QEAAXI@Z 00000001800265b0 f   QuickHullConvexHullLib.obj
 0001:000256f0       ?recreate@?$Array@PEAUQuickHullFace@local@@V?$ReflectionAllocator@PEAUQuickHullFace@local@@@shdfnd@physx@@@shdfnd@physx@@IEAAXI@Z 00000001800266f0 f i QuickHullConvexHullLib.obj
 0001:00025790       ?recreate@?$Array@PEAUQuickHullHalfEdge@local@@V?$ReflectionAllocator@PEAUQuickHullHalfEdge@local@@@shdfnd@physx@@@shdfnd@physx@@IEAAXI@Z 0000000180026790 f i QuickHullConvexHullLib.obj
 0001:00025830       ?recreate@?$Array@PEAUQuickHullVertex@local@@V?$ReflectionAllocator@PEAUQuickHullVertex@local@@@shdfnd@physx@@@shdfnd@physx@@IEAAXI@Z 0000000180026830 f i QuickHullConvexHullLib.obj
 0001:000258d0       ?recreate@?$Array@UExpandPoint@local@@V?$ReflectionAllocator@UExpandPoint@local@@@shdfnd@physx@@@shdfnd@physx@@IEAAXI@Z 00000001800268d0 f i QuickHullConvexHullLib.obj
 0001:00025950       ?resolveUnclaimedPoints@QuickHull@local@@IEAAXAEBV?$Array@PEAUQuickHullFace@local@@V?$ReflectionAllocator@PEAUQuickHullFace@local@@@shdfnd@physx@@@shdfnd@physx@@@Z 0000000180026950 f   QuickHullConvexHullLib.obj
 0001:000266c0       ?computeVolumeIntegralsEberly@physx@@YA_NAEBVPxConvexMeshDesc@1@MAEAUPxIntegrals@1@AEBVPxVec3@1@@Z 00000001800276c0 f   VolumeIntegration.obj
 0001:00026700       ?computeVolumeIntegralsEberlySIMD@physx@@YA_NAEBVPxConvexMeshDesc@1@MAEAUPxIntegrals@1@AEBVPxVec3@1@@Z 0000000180027700 f   VolumeIntegration.obj
 0001:00026d60       ?cookingDelayHook@@YAP6A_JXZIPEAUDelayLoadInfo@@@Z 0000000180027d60 f   WindowsCookingDelayLoadHook.obj
 0001:00026e40       PxSetPhysXCookingDelayLoadHook 0000000180027e40 f   WindowsCookingDelayLoadHook.obj
 0001:00026e48       ??0RadixSortBuffered@Cm@physx@@QEAA@XZ 0000000180027e48 f   PhysXCommon_64:PhysXCommon_64.dll
 0001:00026e4e       __tailMerge_physxcommon_64_dll 0000000180027e4e     PhysXCommon_64:PhysXCommon_64.dll
 0001:00026ec7       __imp_load_??0RadixSortBuffered@Cm@physx@@QEAA@XZ 0000000180027ec7 f   PhysXCommon_64:PhysXCommon_64.dll
 0001:00026ed3       ??1RadixSortBuffered@Cm@physx@@UEAA@XZ 0000000180027ed3 f   PhysXCommon_64:PhysXCommon_64.dll
 0001:00026ed9       __imp_load_??1RadixSortBuffered@Cm@physx@@UEAA@XZ 0000000180027ed9 f   PhysXCommon_64:PhysXCommon_64.dll
 0001:00026ee5       ?Sort@RadixSortBuffered@Cm@physx@@QEAAAEAV123@PEBIIW4RadixHint@23@@Z 0000000180027ee5 f   PhysXCommon_64:PhysXCommon_64.dll
 0001:00026eeb       __imp_load_?Sort@RadixSortBuffered@Cm@physx@@QEAAAEAV123@PEBIIW4RadixHint@23@@Z 0000000180027eeb f   PhysXCommon_64:PhysXCommon_64.dll
 0001:00026ef7       ??0HeightField@Gu@physx@@QEAA@PEAVGuMeshFactory@2@@Z 0000000180027ef7 f   PhysXCommon_64:PhysXCommon_64.dll
 0001:00026efd       __imp_load_??0HeightField@Gu@physx@@QEAA@PEAVGuMeshFactory@2@@Z 0000000180027efd f   PhysXCommon_64:PhysXCommon_64.dll
 0001:00026f09       ?loadFromDesc@HeightField@Gu@physx@@QEAA_NAEBVPxHeightFieldDesc@3@@Z 0000000180027f09 f   PhysXCommon_64:PhysXCommon_64.dll
 0001:00026f0f       __imp_load_?loadFromDesc@HeightField@Gu@physx@@QEAA_NAEBVPxHeightFieldDesc@3@@Z 0000000180027f0f f   PhysXCommon_64:PhysXCommon_64.dll
 0001:00026f1b       ?computeCellCoordinates@HeightField@Gu@physx@@QEBAIMMAEAM0@Z 0000000180027f1b f   PhysXCommon_64:PhysXCommon_64.dll
 0001:00026f21       __imp_load_?computeCellCoordinates@HeightField@Gu@physx@@QEBAIMMAEAM0@Z 0000000180027f21 f   PhysXCommon_64:PhysXCommon_64.dll
 0001:00026f2d       ?releaseMemory@HeightField@Gu@physx@@QEAAXXZ 0000000180027f2d f   PhysXCommon_64:PhysXCommon_64.dll
 0001:00026f33       __imp_load_?releaseMemory@HeightField@Gu@physx@@QEAAXXZ 0000000180027f33 f   PhysXCommon_64:PhysXCommon_64.dll
 0001:00026f3f       ??1HeightField@Gu@physx@@UEAA@XZ 0000000180027f3f f   PhysXCommon_64:PhysXCommon_64.dll
 0001:00026f45       __imp_load_??1HeightField@Gu@physx@@UEAA@XZ 0000000180027f45 f   PhysXCommon_64:PhysXCommon_64.dll
 0001:00026f51       ??0NodeAllocator@Gu@physx@@QEAA@XZ 0000000180027f51 f   PhysXCommon_64:PhysXCommon_64.dll
 0001:00026f57       __imp_load_??0NodeAllocator@Gu@physx@@QEAA@XZ 0000000180027f57 f   PhysXCommon_64:PhysXCommon_64.dll
 0001:00026f63       ??1NodeAllocator@Gu@physx@@QEAA@XZ 0000000180027f63 f   PhysXCommon_64:PhysXCommon_64.dll
 0001:00026f69       __imp_load_??1NodeAllocator@Gu@physx@@QEAA@XZ 0000000180027f69 f   PhysXCommon_64:PhysXCommon_64.dll
 0001:00026f75       ?release@NodeAllocator@Gu@physx@@QEAAXXZ 0000000180027f75 f   PhysXCommon_64:PhysXCommon_64.dll
 0001:00026f7b       __imp_load_?release@NodeAllocator@Gu@physx@@QEAAXXZ 0000000180027f7b f   PhysXCommon_64:PhysXCommon_64.dll
 0001:00026f87       ?buildAABBTree@Gu@physx@@YA_NAEAVAABBTreeBuildParams@12@AEAVNodeAllocator@12@AEAUBuildStats@12@AEAPEAI@Z 0000000180027f87 f   PhysXCommon_64:PhysXCommon_64.dll
 0001:00026f8d       __imp_load_?buildAABBTree@Gu@physx@@YA_NAEAVAABBTreeBuildParams@12@AEAVNodeAllocator@12@AEAUBuildStats@12@AEAPEAI@Z 0000000180027f8d f   PhysXCommon_64:PhysXCommon_64.dll
 0001:00026f99       ?writeDword@physx@@YAXI_NAEAVPxOutputStream@1@@Z 0000000180027f99 f   PhysXCommon_64:PhysXCommon_64.dll
 0001:00026f9f       __imp_load_?writeDword@physx@@YAXI_NAEAVPxOutputStream@1@@Z 0000000180027f9f f   PhysXCommon_64:PhysXCommon_64.dll
 0001:00026fab       ?writeFloatBuffer@physx@@YAXPEBMI_NAEAVPxOutputStream@1@@Z 0000000180027fab f   PhysXCommon_64:PhysXCommon_64.dll
 0001:00026fb1       __imp_load_?writeFloatBuffer@physx@@YAXPEBMI_NAEAVPxOutputStream@1@@Z 0000000180027fb1 f   PhysXCommon_64:PhysXCommon_64.dll
 0001:00026fbd       ?writeHeader@physx@@YA_NCCCCI_NAEAVPxOutputStream@1@@Z 0000000180027fbd f   PhysXCommon_64:PhysXCommon_64.dll
 0001:00026fc3       __imp_load_?writeHeader@physx@@YA_NCCCCI_NAEAVPxOutputStream@1@@Z 0000000180027fc3 f   PhysXCommon_64:PhysXCommon_64.dll
 0001:00026fcf       ?writeWord@physx@@YAXG_NAEAVPxOutputStream@1@@Z 0000000180027fcf f   PhysXCommon_64:PhysXCommon_64.dll
 0001:00026fd5       __imp_load_?writeWord@physx@@YAXG_NAEAVPxOutputStream@1@@Z 0000000180027fd5 f   PhysXCommon_64:PhysXCommon_64.dll
 0001:00026fe1       ?writeFloat@physx@@YAXM_NAEAVPxOutputStream@1@@Z 0000000180027fe1 f   PhysXCommon_64:PhysXCommon_64.dll
 0001:00026fe7       __imp_load_?writeFloat@physx@@YAXM_NAEAVPxOutputStream@1@@Z 0000000180027fe7 f   PhysXCommon_64:PhysXCommon_64.dll
 0001:00026ff3       ?computeBoundsAroundVertices@Gu@physx@@YAXAEAVPxBounds3@2@IPEIBVPxVec3@2@@Z 0000000180027ff3 f   PhysXCommon_64:PhysXCommon_64.dll
 0001:00026ff9       __imp_load_?computeBoundsAroundVertices@Gu@physx@@YAXAEAVPxBounds3@2@IPEIBVPxVec3@2@@Z 0000000180027ff9 f   PhysXCommon_64:PhysXCommon_64.dll
 0001:00027005       ??0SourceMesh@Gu@physx@@QEAA@XZ 0000000180028005 f   PhysXCommon_64:PhysXCommon_64.dll
 0001:0002700b       __imp_load_??0SourceMesh@Gu@physx@@QEAA@XZ 000000018002800b f   PhysXCommon_64:PhysXCommon_64.dll
 0001:00027017       ??1SourceMesh@Gu@physx@@QEAA@XZ 0000000180028017 f   PhysXCommon_64:PhysXCommon_64.dll
 0001:0002701d       __imp_load_??1SourceMesh@Gu@physx@@QEAA@XZ 000000018002801d f   PhysXCommon_64:PhysXCommon_64.dll
 0001:00027029       ??0BV4Tree@Gu@physx@@QEAA@XZ 0000000180028029 f   PhysXCommon_64:PhysXCommon_64.dll
 0001:0002702f       __imp_load_??0BV4Tree@Gu@physx@@QEAA@XZ 000000018002802f f   PhysXCommon_64:PhysXCommon_64.dll
 0001:0002703b       ??1BV4Tree@Gu@physx@@QEAA@XZ 000000018002803b f   PhysXCommon_64:PhysXCommon_64.dll
 0001:00027041       __imp_load_??1BV4Tree@Gu@physx@@QEAA@XZ 0000000180028041 f   PhysXCommon_64:PhysXCommon_64.dll
 0001:0002704d       ??0BV32Tree@Gu@physx@@QEAA@XZ 000000018002804d f   PhysXCommon_64:PhysXCommon_64.dll
 0001:00027053       __imp_load_??0BV32Tree@Gu@physx@@QEAA@XZ 0000000180028053 f   PhysXCommon_64:PhysXCommon_64.dll
 0001:0002705f       ??1BV32Tree@Gu@physx@@QEAA@XZ 000000018002805f f   PhysXCommon_64:PhysXCommon_64.dll
 0001:00027065       __imp_load_??1BV32Tree@Gu@physx@@QEAA@XZ 0000000180028065 f   PhysXCommon_64:PhysXCommon_64.dll
 0001:00027071       ?writeWordBuffer@physx@@YAXPEBGI_NAEAVPxOutputStream@1@@Z 0000000180028071 f   PhysXCommon_64:PhysXCommon_64.dll
 0001:00027077       __imp_load_?writeWordBuffer@physx@@YAXPEBGI_NAEAVPxOutputStream@1@@Z 0000000180028077 f   PhysXCommon_64:PhysXCommon_64.dll
 0001:00027083       ?computeMaxIndex@physx@@YAIPEBII@Z 0000000180028083 f   PhysXCommon_64:PhysXCommon_64.dll
 0001:00027089       __imp_load_?computeMaxIndex@physx@@YAIPEBII@Z 0000000180028089 f   PhysXCommon_64:PhysXCommon_64.dll
 0001:00027095       ?storeIndices@physx@@YAXIIPEBIAEAVPxOutputStream@1@_N@Z 0000000180028095 f   PhysXCommon_64:PhysXCommon_64.dll
 0001:0002709b       __imp_load_?storeIndices@physx@@YAXIIPEBIAEAVPxOutputStream@1@_N@Z 000000018002809b f   PhysXCommon_64:PhysXCommon_64.dll
 0001:000270a7       ?BuildBV4Ex@Gu@physx@@YA_NAEAVBV4Tree@12@AEAVSourceMesh@12@MI@Z 00000001800280a7 f   PhysXCommon_64:PhysXCommon_64.dll
 0001:000270ad       __imp_load_?BuildBV4Ex@Gu@physx@@YA_NAEAVBV4Tree@12@AEAVSourceMesh@12@MI@Z 00000001800280ad f   PhysXCommon_64:PhysXCommon_64.dll
 0001:000270b9       ?BuildBV32Ex@Gu@physx@@YA_NAEAVBV32Tree@12@AEAVSourceMesh@12@MI@Z 00000001800280b9 f   PhysXCommon_64:PhysXCommon_64.dll
 0001:000270bf       __imp_load_?BuildBV32Ex@Gu@physx@@YA_NAEAVBV32Tree@12@AEAVSourceMesh@12@MI@Z 00000001800280bf f   PhysXCommon_64:PhysXCommon_64.dll
 0001:000270cb       ?computeMaxIndex@physx@@YAGPEBGI@Z 00000001800280cb f   PhysXCommon_64:PhysXCommon_64.dll
 0001:000270d1       __imp_load_?computeMaxIndex@physx@@YAGPEBGI@Z 00000001800280d1 f   PhysXCommon_64:PhysXCommon_64.dll
 0001:000270dd       ?WriteHeader@Gu@physx@@YA_NEEEEI_NAEAVPxOutputStream@2@@Z 00000001800280dd f   PhysXCommon_64:PhysXCommon_64.dll
 0001:000270e3       __imp_load_?WriteHeader@Gu@physx@@YA_NEEEEI_NAEAVPxOutputStream@2@@Z 00000001800280e3 f   PhysXCommon_64:PhysXCommon_64.dll
 0001:000270ef       ?StoreIndices@Gu@physx@@YAXGIPEBGAEAVPxOutputStream@2@_N@Z 00000001800280ef f   PhysXCommon_64:PhysXCommon_64.dll
 0001:000270f5       __imp_load_?StoreIndices@Gu@physx@@YAXGIPEBGAEAVPxOutputStream@2@_N@Z 00000001800280f5 f   PhysXCommon_64:PhysXCommon_64.dll
 0001:00027101       ?CreateOffsets@BigConvexData@physx@@IEAAXXZ 0000000180028101 f   PhysXCommon_64:PhysXCommon_64.dll
 0001:00027107       __imp_load_?CreateOffsets@BigConvexData@physx@@IEAAXXZ 0000000180028107 f   PhysXCommon_64:PhysXCommon_64.dll
 0001:00027113       ?computeOBBPoints@Gu@physx@@YAXPEIAVPxVec3@2@AEBV32@1111@Z 0000000180028113 f   PhysXCommon_64:PhysXCommon_64.dll
 0001:00027119       __imp_load_?computeOBBPoints@Gu@physx@@YAXPEIAVPxVec3@2@AEBV32@1111@Z 0000000180028119 f   PhysXCommon_64:PhysXCommon_64.dll
 0001:00027125       ??0BigConvexData@physx@@QEAA@XZ 0000000180028125 f   PhysXCommon_64:PhysXCommon_64.dll
 0001:0002712b       __imp_load_??0BigConvexData@physx@@QEAA@XZ 000000018002812b f   PhysXCommon_64:PhysXCommon_64.dll
 0001:00027137       ??1BigConvexData@physx@@QEAA@XZ 0000000180028137 f   PhysXCommon_64:PhysXCommon_64.dll
 0001:0002713d       __imp_load_??1BigConvexData@physx@@QEAA@XZ 000000018002813d f   PhysXCommon_64:PhysXCommon_64.dll
 0001:00027149       PxGetFoundation            0000000180028149 f   PhysXFoundation_64:PhysXFoundation_64.dll
 0001:0002714f       __tailMerge_physxfoundation_64_dll 000000018002814f     PhysXFoundation_64:PhysXFoundation_64.dll
 0001:000271c8       __imp_load_PxGetFoundation 00000001800281c8 f   PhysXFoundation_64:PhysXFoundation_64.dll
 0001:000271d4       ?getAllocator@shdfnd@physx@@YAAEAVPxAllocatorCallback@2@XZ 00000001800281d4 f   PhysXFoundation_64:PhysXFoundation_64.dll
 0001:000271da       __imp_load_?getAllocator@shdfnd@physx@@YAAEAVPxAllocatorCallback@2@XZ 00000001800281da f   PhysXFoundation_64:PhysXFoundation_64.dll
 0001:000271e6       ?getInstance@Foundation@shdfnd@physx@@SAAEAV123@XZ 00000001800281e6 f   PhysXFoundation_64:PhysXFoundation_64.dll
 0001:000271ec       __imp_load_?getInstance@Foundation@shdfnd@physx@@SAAEAV123@XZ 00000001800281ec f   PhysXFoundation_64:PhysXFoundation_64.dll
 0001:000271f8       ?error@Foundation@shdfnd@physx@@QEAAXW4Enum@PxErrorCode@3@PEBDH1ZZ 00000001800281f8 f   PhysXFoundation_64:PhysXFoundation_64.dll
 0001:000271fe       __imp_load_?error@Foundation@shdfnd@physx@@QEAAXW4Enum@PxErrorCode@3@PEBDH1ZZ 00000001800281fe f   PhysXFoundation_64:PhysXFoundation_64.dll
 0001:0002720a       ?incRefCount@Foundation@shdfnd@physx@@SAXXZ 000000018002820a f   PhysXFoundation_64:PhysXFoundation_64.dll
 0001:00027210       __imp_load_?incRefCount@Foundation@shdfnd@physx@@SAXXZ 0000000180028210 f   PhysXFoundation_64:PhysXFoundation_64.dll
 0001:0002721c       ?decRefCount@Foundation@shdfnd@physx@@SAXXZ 000000018002821c f   PhysXFoundation_64:PhysXFoundation_64.dll
 0001:00027222       __imp_load_?decRefCount@Foundation@shdfnd@physx@@SAXXZ 0000000180028222 f   PhysXFoundation_64:PhysXFoundation_64.dll
 0001:0002722e       ??0FPUGuard@shdfnd@physx@@QEAA@XZ 000000018002822e f   PhysXFoundation_64:PhysXFoundation_64.dll
 0001:00027234       __imp_load_??0FPUGuard@shdfnd@physx@@QEAA@XZ 0000000180028234 f   PhysXFoundation_64:PhysXFoundation_64.dll
 0001:00027240       ??1FPUGuard@shdfnd@physx@@QEAA@XZ 0000000180028240 f   PhysXFoundation_64:PhysXFoundation_64.dll
 0001:00027246       __imp_load_??1FPUGuard@shdfnd@physx@@QEAA@XZ 0000000180028246 f   PhysXFoundation_64:PhysXFoundation_64.dll
 0001:00027252       ?allocate@TempAllocator@shdfnd@physx@@QEAAPEAX_KPEBDH@Z 0000000180028252 f   PhysXFoundation_64:PhysXFoundation_64.dll
 0001:00027258       __imp_load_?allocate@TempAllocator@shdfnd@physx@@QEAAPEAX_KPEBDH@Z 0000000180028258 f   PhysXFoundation_64:PhysXFoundation_64.dll
 0001:00027264       ?deallocate@TempAllocator@shdfnd@physx@@QEAAXPEAX@Z 0000000180028264 f   PhysXFoundation_64:PhysXFoundation_64.dll
 0001:0002726a       __imp_load_?deallocate@TempAllocator@shdfnd@physx@@QEAAXPEAX@Z 000000018002826a f   PhysXFoundation_64:PhysXFoundation_64.dll
 0001:00027276       ?PxDiagonalize@physx@@YA?AVPxVec3@1@AEBVPxMat33@1@AEAVPxQuat@1@@Z 0000000180028276 f   PhysXFoundation_64:PhysXFoundation_64.dll
 0001:0002727c       __imp_load_?PxDiagonalize@physx@@YA?AVPxVec3@1@AEBVPxMat33@1@AEAVPxQuat@1@@Z 000000018002827c f   PhysXFoundation_64:PhysXFoundation_64.dll
 0001:00027374       ?DloadAcquireSectionWriteAccess@@YAXXZ 0000000180028374 f i Delayimp:delayhlp.obj
 0001:00027430       ?DloadGetSRWLockFunctionPointers@@YAEXZ 0000000180028430 f i Delayimp:delayhlp.obj
 0001:000274d0       ?DloadMakePermanentImageCommit@@YAXPEAX_K@Z 00000001800284d0 f i Delayimp:delayhlp.obj
 0001:00027568       ?DloadObtainSection@@YAPEAXPEAK0@Z 0000000180028568 f i Delayimp:delayhlp.obj
 0001:00027604       ?DloadProtectSection@@YAXPEAX_KKPEAK@Z 0000000180028604 f i Delayimp:delayhlp.obj
 0001:000276fc       ?DloadReleaseSectionWriteAccess@@YAXXZ 00000001800286fc f i Delayimp:delayhlp.obj
 0001:000277a8       __delayLoadHelper2         00000001800287a8 f   Delayimp:delayhlp.obj
 0001:00027aa4       ??3@YAXPEAX_K@Z            0000000180028aa4 f   LIBCMT:delete_scalar_size.obj
 0001:00027aa4       ??_V@YAXPEAX@Z             0000000180028aa4 f   LIBCMT:delete_array.obj
 0001:00027aac       ??_Etype_info@@UEAAPEAXI@Z 0000000180028aac f i LIBCMT:std_type_info_static.obj
 0001:00027aac       ??_Gtype_info@@UEAAPEAXI@Z 0000000180028aac f i LIBCMT:std_type_info_static.obj
 0001:00027ad8       ?__scrt_initialize_type_info@@YAXXZ 0000000180028ad8 f   LIBCMT:tncleanup.obj
 0001:00027ae8       ?__scrt_uninitialize_type_info@@YAXXZ 0000000180028ae8 f   LIBCMT:tncleanup.obj
 0001:00027b10       __chkstk                   0000000180028b10 f   LIBCMT:chkstk.obj
 0001:00027b10       _alloca_probe              0000000180028b10 f   LIBCMT:chkstk.obj
 0001:00027b60       ??3@YAXPEAX@Z              0000000180028b60 f   LIBCMT:delete_scalar.obj
 0001:00027b70       __vdecl_sinf4              0000000180028b70 f   LIBCMT:svml_ssinf4_dispatch.obj
 0001:00027b90       __libm_sse2_sincosf_       0000000180028b90 f   LIBCMT:svml_ssinf4_dispatch.obj
 0001:00027bd3       __libm_sse2_sincosf4_      0000000180028bd3 f   LIBCMT:svml_ssinf4_dispatch.obj
 0001:00027ef0       _DllMainCRTStartup         0000000180028ef0 f   LIBCMT:dll_dllmain.obj
 0001:00027f30       __isa_available_init       0000000180028f30 f   LIBCMT:cpu_disp.obj
 0001:00028200       __sse2_sinf4@@16           0000000180029200 f   LIBCMT:svml_ssinf4_sse2.obj
 0001:00028b40       __sse4_sinf4@@16           0000000180029b40 f   LIBCMT:svml_ssinf4_sse4.obj
 0001:000292b4       __security_init_cookie     000000018002a2b4 f   LIBCMT:gs_support.obj
 0001:00029360       __local_stdio_printf_options 000000018002a360 f i LIBCMT:default_local_stdio_options.obj
 0001:00029368       __local_stdio_scanf_options 000000018002a368 f i LIBCMT:default_local_stdio_options.obj
 0001:00029370       __scrt_initialize_default_local_stdio_options 000000018002a370 f   LIBCMT:default_local_stdio_options.obj
 0001:0002938c       __scrt_acquire_startup_lock 000000018002a38c f   LIBCMT:utility.obj
 0001:000293c8       __scrt_dllmain_after_initialize_c 000000018002a3c8 f   LIBCMT:utility.obj
 0001:000293fc       __scrt_dllmain_before_initialize_c 000000018002a3fc f   LIBCMT:utility.obj
 0001:00029414       __scrt_dllmain_crt_thread_attach 000000018002a414 f   LIBCMT:utility.obj
 0001:0002943c       __scrt_dllmain_crt_thread_detach 000000018002a43c f   LIBCMT:utility.obj
 0001:00029454       __scrt_dllmain_exception_filter 000000018002a454 f   LIBCMT:utility.obj
 0001:000294b4       __scrt_dllmain_uninitialize_c 000000018002a4b4 f   LIBCMT:utility.obj
 0001:000294e4       __scrt_dllmain_uninitialize_critical 000000018002a4e4 f   LIBCMT:utility.obj
 0001:000294f8       __scrt_initialize_crt      000000018002a4f8 f   LIBCMT:utility.obj
 0001:00029534       __scrt_initialize_onexit_tables 000000018002a534 f   LIBCMT:utility.obj
 0001:000295c0       __scrt_is_nonwritable_in_current_image 000000018002a5c0 f   LIBCMT:utility.obj
 0001:00029658       __scrt_release_startup_lock 000000018002a658 f   LIBCMT:utility.obj
 0001:0002967c       __scrt_uninitialize_crt    000000018002a67c f   LIBCMT:utility.obj
 0001:000296a8       __scrt_get_dyn_tls_init_callback 000000018002a6a8 f   LIBCMT:dyn_tls_init.obj
 0001:000296b0       __crt_debugger_hook        000000018002a6b0 f   LIBCMT:utility_desktop.obj
 0001:000296b8       __scrt_fastfail            000000018002a6b8 f   LIBCMT:utility_desktop.obj
 0001:00029800       _RTC_Initialize            000000018002a800 f   LIBCMT:initsect.obj
 0001:0002983c       _RTC_Terminate             000000018002a83c f   LIBCMT:initsect.obj
 0001:00029880       __common_ssin_cout_rare    000000018002a880 f   LIBCMT:svml_s_sin_cout.obj
 0001:000298f0       __scrt_is_ucrt_dll_in_use  000000018002a8f0 f   LIBCMT:ucrt_detection.obj
 0001:000298fc       _get_purecall_handler      000000018002a8fc f   libvcruntime:purevirt.obj
 0001:00029908       _purecall                  000000018002a908 f   libvcruntime:purevirt.obj
 0001:0002992c       __std_type_info_compare    000000018002a92c f   libvcruntime:std_type_info.obj
 0001:00029954       __std_type_info_destroy_list 000000018002a954 f   libvcruntime:std_type_info.obj
 0001:00029980       __std_type_info_name       000000018002a980 f   libvcruntime:std_type_info.obj
 0001:00029aa0       strstr                     000000018002aaa0 f   libvcruntime:strstr.obj
 0001:00029c90       __C_specific_handler       000000018002ac90 f   libvcruntime:riscchandler.obj
 0001:00029ea8       __vcrt_initialize          000000018002aea8 f   libvcruntime:initialization.obj
 0001:00029ed0       __vcrt_thread_attach       000000018002aed0 f   libvcruntime:initialization.obj
 0001:00029ee4       __vcrt_thread_detach       000000018002aee4 f   libvcruntime:initialization.obj
 0001:00029ef4       __vcrt_uninitialize        000000018002aef4 f   libvcruntime:initialization.obj
 0001:00029f10       __vcrt_uninitialize_critical 000000018002af10 f   libvcruntime:initialization.obj
 0001:00029f20       __DestructExceptionObject  000000018002af20 f   libvcruntime:ehhelpers.obj
 0001:00029f90       ?_CallMemberFunction0@@YAXQEAX0@Z 000000018002af90 f i libvcruntime:ehhelpers.obj
 0001:00029f94       _IsExceptionObjectToBeDestroyed 000000018002af94 f   libvcruntime:ehhelpers.obj
 0001:00029fc4       __AdjustPointer            000000018002afc4 f   libvcruntime:ehhelpers.obj
 0001:00029fe8       __FrameUnwindFilter        000000018002afe8 f   libvcruntime:ehhelpers.obj
 0001:0002a050       __std_terminate            000000018002b050 f   libvcruntime:ehhelpers.obj
 0001:0002a05c       ??$?0$00@DName@@QEAA@PEBDU?$StringLifeSelector@$00@@@Z 000000018002b05c f i libvcruntime:undname.obj
 0001:0002a09c       ??$?0$01@DName@@QEAA@PEBDU?$StringLifeSelector@$01@@@Z 000000018002b09c f i libvcruntime:undname.obj
 0001:0002a09c       ??$?0$0A@@DName@@QEAA@PEBDU?$StringLifeSelector@$0A@@@@Z 000000018002b09c f i libvcruntime:undname.obj
 0001:0002a0dc       ??$?0$01@pcharNode@@QEAA@PEBDHU?$StringLifeSelector@$01@@@Z 000000018002b0dc f i libvcruntime:undname.obj
 0001:0002a0dc       ??$?0$0A@@pcharNode@@QEAA@PEBDHU?$StringLifeSelector@$0A@@@@Z 000000018002b0dc f i libvcruntime:undname.obj
 0001:0002a150       ??$append@VDNameNode@@@DName@@AEAAXPEBVDNameNode@@@Z 000000018002b150 f i libvcruntime:undname.obj
 0001:0002a150       ??$append@VDNameStatusNode@@@DName@@AEAAXPEBVDNameStatusNode@@@Z 000000018002b150 f i libvcruntime:undname.obj
 0001:0002a150       ??$append@VcharNode@@@DName@@AEAAXPEBVcharNode@@@Z 000000018002b150 f i libvcruntime:undname.obj
 0001:0002a150       ??$append@VpcharNode@@@DName@@AEAAXPEBVpcharNode@@@Z 000000018002b150 f i libvcruntime:undname.obj
 0001:0002a1b4       ??$doPchar@$00@DName@@AEAAXPEBDH@Z 000000018002b1b4 f i libvcruntime:undname.obj
 0001:0002a24c       ??$doPchar@$01@DName@@AEAAXPEBDH@Z 000000018002b24c f i libvcruntime:undname.obj
 0001:0002a24c       ??$doPchar@$0A@@DName@@AEAAXPEBDH@Z 000000018002b24c f i libvcruntime:undname.obj
 0001:0002a2e4       ??0DName@@QEAA@AEAPEBDD@Z  000000018002b2e4 f   libvcruntime:undname.obj
 0001:0002a398       ??0DName@@QEAA@AEBUStringLiteral@@@Z 000000018002b398 f   libvcruntime:undname.obj
 0001:0002a3c4       ??0DName@@QEAA@PEAV0@@Z    000000018002b3c4 f   libvcruntime:undname.obj
 0001:0002a448       ??0DName@@QEAA@_J@Z        000000018002b448 f   libvcruntime:undname.obj
 0001:0002a4ec       ??0DName@@QEAA@_K@Z        000000018002b4ec f   libvcruntime:undname.obj
 0001:0002a574       ??0UnDecorator@@QEAA@PEBDP6APEADJ@ZK@Z 000000018002b574 f i libvcruntime:undname.obj
 0001:0002a628       ??2@YAPEAX_KAEAV_HeapManager@@H@Z 000000018002b628 f   libvcruntime:undname.obj
 0001:0002a654       ??AReplicator@@QEBA?AVDName@@H@Z 000000018002b654 f   libvcruntime:undname.obj
 0001:0002a694       ??HDName@@QEBA?AV0@AEBUStringLiteral@@@Z 000000018002b694 f   libvcruntime:undname.obj
 0001:0002a6c0       ??HDName@@QEBA?AV0@AEBV0@@Z 000000018002b6c0 f   libvcruntime:undname.obj
 0001:0002a6ec       ??HDName@@QEBA?AV0@D@Z     000000018002b6ec f   libvcruntime:undname.obj
 0001:0002a718       ??HDName@@QEBA?AV0@W4DNameStatus@@@Z 000000018002b718 f   libvcruntime:undname.obj
 0001:0002a744       ??YDName@@QEAAAEAV0@AEBUStringLiteral@@@Z 000000018002b744 f   libvcruntime:undname.obj
 0001:0002a7c4       ??YDName@@QEAAAEAV0@AEBV0@@Z 000000018002b7c4 f   libvcruntime:undname.obj
 0001:0002a878       ??YDName@@QEAAAEAV0@D@Z    000000018002b878 f   libvcruntime:undname.obj
 0001:0002a8e4       ??YDName@@QEAAAEAV0@W4DNameStatus@@@Z 000000018002b8e4 f   libvcruntime:undname.obj
 0001:0002a950       ??YReplicator@@QEAAAEAV0@AEBVDName@@@Z 000000018002b950 f   libvcruntime:undname.obj
 0001:0002a9a8       ?UScore@UnDecorator@@SA?AUStringLiteral@@W4Tokens@@@Z 000000018002b9a8 f   libvcruntime:undname.obj
[...]
 0002:00012349       $N00046                    000000018005c349     PhysXCooking_64.exp
 0002:0001236d       $N00047                    000000018005c36d     PhysXCooking_64.exp
 0002:0001239f       $N00048                    000000018005c39f     PhysXCooking_64.exp
 0002:000123c6       $N00049                    000000018005c3c6     PhysXCooking_64.exp
 0002:000123f4       $N00050                    000000018005c3f4     PhysXCooking_64.exp
 0002:0001241f       $N00051                    000000018005c41f     PhysXCooking_64.exp
 0002:0001244c       $N00052                    000000018005c44c     PhysXCooking_64.exp
 0002:00012475       $N00053                    000000018005c475     PhysXCooking_64.exp
 0002:000124a4       $N00054                    000000018005c4a4     PhysXCooking_64.exp
 0002:000124cd       $N00055                    000000018005c4cd     PhysXCooking_64.exp
 0002:000124f6       $N00056                    000000018005c4f6     PhysXCooking_64.exp
 0002:00012524       $N00057                    000000018005c524     PhysXCooking_64.exp
 0002:0001254c       $N00058                    000000018005c54c     PhysXCooking_64.exp
 0002:00012587       $N00059                    000000018005c587     PhysXCooking_64.exp
 0002:000125b1       $N00060                    000000018005c5b1     PhysXCooking_64.exp
 0002:000125e5       $N00061                    000000018005c5e5     PhysXCooking_64.exp
 0002:0001261b       $N00062                    000000018005c61b     PhysXCooking_64.exp
 0002:00012657       $N00063                    000000018005c657     PhysXCooking_64.exp
 0002:0001269f       $N00064                    000000018005c69f     PhysXCooking_64.exp
 0002:000126ef       $N00065                    000000018005c6ef     PhysXCooking_64.exp
 0002:00012723       $N00066                    000000018005c723     PhysXCooking_64.exp
 0002:00012758       $N00067                    000000018005c758     PhysXCooking_64.exp
 0002:0001278e       $N00068                    000000018005c78e     PhysXCooking_64.exp
 0002:000127b5       $N00069                    000000018005c7b5     PhysXCooking_64.exp
 0002:000127fd       $N00070                    000000018005c7fd     PhysXCooking_64.exp
 0002:00012843       $N00071                    000000018005c843     PhysXCooking_64.exp
 0002:0001289b       $N00072                    000000018005c89b     PhysXCooking_64.exp
 0002:000128e2       $N00073                    000000018005c8e2     PhysXCooking_64.exp
 0002:0001290d       $N00074                    000000018005c90d     PhysXCooking_64.exp
 0002:0001293d       $N00075                    000000018005c93d     PhysXCooking_64.exp
 0002:0001298d       $N00076                    000000018005c98d     PhysXCooking_64.exp
 0002:00012a3c       $N00077                    000000018005ca3c     PhysXCooking_64.exp
 0002:00012a9a       $N00078                    000000018005ca9a     PhysXCooking_64.exp
 0002:00012ac6       $N00079                    000000018005cac6     PhysXCooking_64.exp
 0002:00012af2       $N00080                    000000018005caf2     PhysXCooking_64.exp
 0002:00012b27       $N00081                    000000018005cb27     PhysXCooking_64.exp
 0002:00012b50       $N00082                    000000018005cb50     PhysXCooking_64.exp
 0002:00012b8c       $N00083                    000000018005cb8c     PhysXCooking_64.exp
 0002:00012bb8       $N00084                    000000018005cbb8     PhysXCooking_64.exp
 0002:00012beb       $N00085                    000000018005cbeb     PhysXCooking_64.exp
 0002:00012c38       $N00086                    000000018005cc38     PhysXCooking_64.exp
 0002:00012c6b       $N00087                    000000018005cc6b     PhysXCooking_64.exp
 0002:00012ca5       $N00088                    000000018005cca5     PhysXCooking_64.exp
 0002:00012cdf       $N00089                    000000018005ccdf     PhysXCooking_64.exp
 0002:00012d1b       $N00090                    000000018005cd1b     PhysXCooking_64.exp
 0002:00012d5f       $N00091                    000000018005cd5f     PhysXCooking_64.exp
 0002:00012d8e       $N00092                    000000018005cd8e     PhysXCooking_64.exp
 0002:00012e08       $N00093                    000000018005ce08     PhysXCooking_64.exp
 0002:00012e65       $N00094                    000000018005ce65     PhysXCooking_64.exp
 0002:00012e91       $N00095                    000000018005ce91     PhysXCooking_64.exp
 0002:00012ec5       $N00096                    000000018005cec5     PhysXCooking_64.exp
 0002:00012efe       $N00097                    000000018005cefe     PhysXCooking_64.exp
 0002:00012f3b       $N00098                    000000018005cf3b     PhysXCooking_64.exp
 0002:00012f71       $N00099                    000000018005cf71     PhysXCooking_64.exp
 0002:00012f9e       $N00100                    000000018005cf9e     PhysXCooking_64.exp
 0002:00012fcb       $N00101                    000000018005cfcb     PhysXCooking_64.exp
 0002:00012ff6       $N00102                    000000018005cff6     PhysXCooking_64.exp
 0002:00013022       $N00103                    000000018005d022     PhysXCooking_64.exp
 0002:0001304f       $N00104                    000000018005d04f     PhysXCooking_64.exp
 0002:0001306f       $N00105                    000000018005d06f     PhysXCooking_64.exp
 0002:000130ab       $N00106                    000000018005d0ab     PhysXCooking_64.exp
 0002:000130dc       $N00107                    000000018005d0dc     PhysXCooking_64.exp
 0002:0001310e       $N00108                    000000018005d10e     PhysXCooking_64.exp
 0002:00013150       $N00109                    000000018005d150     PhysXCooking_64.exp
 0002:0001317d       $N00110                    000000018005d17d     PhysXCooking_64.exp
 0002:000131a1       $N00111                    000000018005d1a1     PhysXCooking_64.exp
 0002:000131d1       $N00112                    000000018005d1d1     PhysXCooking_64.exp
 0002:00013204       $N00113                    000000018005d204     PhysXCooking_64.exp
 0002:00013229       $N00114                    000000018005d229     PhysXCooking_64.exp
 0002:00013257       $N00115                    000000018005d257     PhysXCooking_64.exp
 0002:0001327f       $N00116                    000000018005d27f     PhysXCooking_64.exp
 0002:0001329f       $N00117                    000000018005d29f     PhysXCooking_64.exp
 0002:000132e4       $N00118                    000000018005d2e4     PhysXCooking_64.exp
 0002:00013321       $N00119                    000000018005d321     PhysXCooking_64.exp
 0002:0001335e       $N00120                    000000018005d35e     PhysXCooking_64.exp
 0002:00013391       $N00121                    000000018005d391     PhysXCooking_64.exp
 0002:000133a1       $N00122                    000000018005d3a1     PhysXCooking_64.exp
 0002:00013670       .idata$6                   000000018005d670     kernel32:KERNEL32.dll
 0003:00000000       ?MAXDOT_MINANG@local@@3MB  000000018005e000     ConvexHullUtils.obj
 0003:00000004       ?MAXDOT_MINANG@local@@3MB  000000018005e004     QuickHullConvexHullLib.obj
 0003:000000d0       ?prefix@?1??getDimension@UnDecorator@@CA?AVDName@@_N@Z@4UStringLiteral@@A 000000018005e0d0     libvcruntime:undname.obj
 0003:000000e0       ?__vcrt_flsindex@@3KA      000000018005e0e0     libvcruntime:per_thread_data.obj
 0003:00000100       ?dazSupported@?1??_ctrlfp@@9@9 000000018005e100     libucrt:fpctrl.obj
 0003:00000110       ?__acrt_flsindex@@3KA      000000018005e110     libucrt:per_thread_data.obj
 0003:00000114       ?errno_no_memory@@3HA      000000018005e114     libucrt:errno.obj
 0003:00000118       ?doserrno_no_memory@@3KA   000000018005e118     libucrt:errno.obj
 0003:00000350       _mbctypes                  000000018005e350     libucrt:mbctype.obj
 0003:00000460       _mbcasemaps                000000018005e460     libucrt:mbctype.obj
 0003:00000560       ?__rgctypeflag@@3PADA      000000018005e560     libucrt:mbctype.obj
 0003:00000570       ?__rgcode_page_info@@3PAUcode_page_info@@A 000000018005e570     libucrt:mbctype.obj
 0003:00000a90       ?__dcrt_lowio_console_output_handle@@3PEAXEA 000000018005ea90     libucrt:initcon.obj
 0003:00000a98       ?dazSupported@?1??common_control87@@9@9 000000018005ea98     libucrt:ieee.obj
 0003:00001300       ?maxV3Error@_VecMathTests@aos@shdfnd@physx@@3T__m128@@B 000000018005f300     Cooking.obj
 0003:00001310       ?minFError@_VecMathTests@aos@shdfnd@physx@@3T__m128@@B 000000018005f310     Cooking.obj
 0003:00001320       ?maxV4Error@_VecMathTests@aos@shdfnd@physx@@3T__m128@@B 000000018005f320     Cooking.obj
 0003:00001330       ?minV4Error@_VecMathTests@aos@shdfnd@physx@@3T__m128@@B 000000018005f330     Cooking.obj
 0003:00001340       ?minV3Error@_VecMathTests@aos@shdfnd@physx@@3T__m128@@B 000000018005f340     Cooking.obj
 0003:00001350       ?maxFError@_VecMathTests@aos@shdfnd@physx@@3T__m128@@B 000000018005f350     Cooking.obj
 0003:00001360       ?maxV3Error@_VecMathTests@aos@shdfnd@physx@@3T__m128@@B 000000018005f360     BVHStructureBuilder.obj
 0003:00001370       ?minFError@_VecMathTests@aos@shdfnd@physx@@3T__m128@@B 000000018005f370     BVHStructureBuilder.obj
 0003:00001380       ?maxV4Error@_VecMathTests@aos@shdfnd@physx@@3T__m128@@B 000000018005f380     BVHStructureBuilder.obj
 0003:00001390       ?minV4Error@_VecMathTests@aos@shdfnd@physx@@3T__m128@@B 000000018005f390     BVHStructureBuilder.obj
 0003:000013a0       ?minV3Error@_VecMathTests@aos@shdfnd@physx@@3T__m128@@B 000000018005f3a0     BVHStructureBuilder.obj
 0003:000013b0       ?maxFError@_VecMathTests@aos@shdfnd@physx@@3T__m128@@B 000000018005f3b0     BVHStructureBuilder.obj
 0003:000013c0       ?maxV3Error@_VecMathTests@aos@shdfnd@physx@@3T__m128@@B 000000018005f3c0     RTreeCooking.obj
 0003:000013d0       ?minFError@_VecMathTests@aos@shdfnd@physx@@3T__m128@@B 000000018005f3d0     RTreeCooking.obj
 0003:000013e0       ?maxV4Error@_VecMathTests@aos@shdfnd@physx@@3T__m128@@B 000000018005f3e0     RTreeCooking.obj
 0003:000013f0       ?minV4Error@_VecMathTests@aos@shdfnd@physx@@3T__m128@@B 000000018005f3f0     RTreeCooking.obj
 0003:00001400       ?minV3Error@_VecMathTests@aos@shdfnd@physx@@3T__m128@@B 000000018005f400     RTreeCooking.obj
 0003:00001410       ?maxFError@_VecMathTests@aos@shdfnd@physx@@3T__m128@@B 000000018005f410     RTreeCooking.obj
 0003:00001420       ?maxV3Error@_VecMathTests@aos@shdfnd@physx@@3T__m128@@B 000000018005f420     MeshBuilder.obj
 0003:00001430       ?minFError@_VecMathTests@aos@shdfnd@physx@@3T__m128@@B 000000018005f430     MeshBuilder.obj
 0003:00001440       ?maxV4Error@_VecMathTests@aos@shdfnd@physx@@3T__m128@@B 000000018005f440     MeshBuilder.obj
 0003:00001450       ?minV4Error@_VecMathTests@aos@shdfnd@physx@@3T__m128@@B 000000018005f450     MeshBuilder.obj
 0003:00001460       ?minV3Error@_VecMathTests@aos@shdfnd@physx@@3T__m128@@B 000000018005f460     MeshBuilder.obj
 0003:00001470       ?maxFError@_VecMathTests@aos@shdfnd@physx@@3T__m128@@B 000000018005f470     MeshBuilder.obj
 0003:00001480       ?maxV3Error@_VecMathTests@aos@shdfnd@physx@@3T__m128@@B 000000018005f480     TriangleMeshBuilder.obj
 0003:00001490       ?minFError@_VecMathTests@aos@shdfnd@physx@@3T__m128@@B 000000018005f490     TriangleMeshBuilder.obj
 0003:000014a0       ?maxV4Error@_VecMathTests@aos@shdfnd@physx@@3T__m128@@B 000000018005f4a0     TriangleMeshBuilder.obj
 0003:000014b0       ?minV4Error@_VecMathTests@aos@shdfnd@physx@@3T__m128@@B 000000018005f4b0     TriangleMeshBuilder.obj
 0003:000014c0       ?minV3Error@_VecMathTests@aos@shdfnd@physx@@3T__m128@@B 000000018005f4c0     TriangleMeshBuilder.obj
 0003:000014d0       ?maxFError@_VecMathTests@aos@shdfnd@physx@@3T__m128@@B 000000018005f4d0     TriangleMeshBuilder.obj
 0003:000014e0       ?maxV3Error@_VecMathTests@aos@shdfnd@physx@@3T__m128@@B 000000018005f4e0     BigConvexDataBuilder.obj
 0003:000014f0       ?minFError@_VecMathTests@aos@shdfnd@physx@@3T__m128@@B 000000018005f4f0     BigConvexDataBuilder.obj
 0003:00001500       ?maxV4Error@_VecMathTests@aos@shdfnd@physx@@3T__m128@@B 000000018005f500     BigConvexDataBuilder.obj
 0003:00001510       ?minV4Error@_VecMathTests@aos@shdfnd@physx@@3T__m128@@B 000000018005f510     BigConvexDataBuilder.obj
 0003:00001520       ?minV3Error@_VecMathTests@aos@shdfnd@physx@@3T__m128@@B 000000018005f520     BigConvexDataBuilder.obj
 0003:00001530       ?maxFError@_VecMathTests@aos@shdfnd@physx@@3T__m128@@B 000000018005f530     BigConvexDataBuilder.obj
 0003:00001540       ?maxV3Error@_VecMathTests@aos@shdfnd@physx@@3T__m128@@B 000000018005f540     ConvexHullBuilder.obj
 0003:00001550       ?minFError@_VecMathTests@aos@shdfnd@physx@@3T__m128@@B 000000018005f550     ConvexHullBuilder.obj
 0003:00001560       ?maxV4Error@_VecMathTests@aos@shdfnd@physx@@3T__m128@@B 000000018005f560     ConvexHullBuilder.obj
 0003:00001570       ?minV4Error@_VecMathTests@aos@shdfnd@physx@@3T__m128@@B 000000018005f570     ConvexHullBuilder.obj
 0003:00001580       ?minV3Error@_VecMathTests@aos@shdfnd@physx@@3T__m128@@B 000000018005f580     ConvexHullBuilder.obj
 0003:00001590       ?maxFError@_VecMathTests@aos@shdfnd@physx@@3T__m128@@B 000000018005f590     ConvexHullBuilder.obj
 0003:000015a0       ?maxV3Error@_VecMathTests@aos@shdfnd@physx@@3T__m128@@B 000000018005f5a0     ConvexHullUtils.obj
 0003:000015b0       ?minFError@_VecMathTests@aos@shdfnd@physx@@3T__m128@@B 000000018005f5b0     ConvexHullUtils.obj
 0003:000015c0       ?maxV4Error@_VecMathTests@aos@shdfnd@physx@@3T__m128@@B 000000018005f5c0     ConvexHullUtils.obj
 0003:000015d0       ?minV4Error@_VecMathTests@aos@shdfnd@physx@@3T__m128@@B 000000018005f5d0     ConvexHullUtils.obj
 0003:000015e0       ?minV3Error@_VecMathTests@aos@shdfnd@physx@@3T__m128@@B 000000018005f5e0     ConvexHullUtils.obj
 0003:000015f0       ?maxFError@_VecMathTests@aos@shdfnd@physx@@3T__m128@@B 000000018005f5f0     ConvexHullUtils.obj
 0003:00001600       ?maxV3Error@_VecMathTests@aos@shdfnd@physx@@3T__m128@@B 000000018005f600     ConvexMeshBuilder.obj
 0003:00001610       ?minFError@_VecMathTests@aos@shdfnd@physx@@3T__m128@@B 000000018005f610     ConvexMeshBuilder.obj
 0003:00001620       ?maxV4Error@_VecMathTests@aos@shdfnd@physx@@3T__m128@@B 000000018005f620     ConvexMeshBuilder.obj
 0003:00001630       ?minV4Error@_VecMathTests@aos@shdfnd@physx@@3T__m128@@B 000000018005f630     ConvexMeshBuilder.obj
 0003:00001640       ?minV3Error@_VecMathTests@aos@shdfnd@physx@@3T__m128@@B 000000018005f640     ConvexMeshBuilder.obj
 0003:00001650       ?maxFError@_VecMathTests@aos@shdfnd@physx@@3T__m128@@B 000000018005f650     ConvexMeshBuilder.obj
 0003:00001660       ?maxV3Error@_VecMathTests@aos@shdfnd@physx@@3T__m128@@B 000000018005f660     VolumeIntegration.obj
 0003:00001670       ?minFError@_VecMathTests@aos@shdfnd@physx@@3T__m128@@B 000000018005f670     VolumeIntegration.obj
 0003:00001680       ?maxV4Error@_VecMathTests@aos@shdfnd@physx@@3T__m128@@B 000000018005f680     VolumeIntegration.obj
 0003:00001690       ?minV4Error@_VecMathTests@aos@shdfnd@physx@@3T__m128@@B 000000018005f690     VolumeIntegration.obj
 0003:000016a0       ?minV3Error@_VecMathTests@aos@shdfnd@physx@@3T__m128@@B 000000018005f6a0     VolumeIntegration.obj
 0003:000016b0       ?maxFError@_VecMathTests@aos@shdfnd@physx@@3T__m128@@B 000000018005f6b0     VolumeIntegration.obj
 0003:000016c0       ?gCookingDelayLoadHook@@3PEBVPxDelayLoadHook@physx@@EB 000000018005f6c0     WindowsCookingDelayLoadHook.obj
 0003:00001720       ?__proc_attached@@3HA      000000018005f720     LIBCMT:dll_dllmain.obj
 0003:00001750       ?is_initialized_as_dll@@3_NA 000000018005f750     LIBCMT:utility.obj
 0003:00001751       ?module_local_atexit_table_initialized@@3_NA 000000018005f751     LIBCMT:utility.obj
 0003:00001758       ?module_local_atexit_table@@3U_onexit_table_t@@A 000000018005f758     LIBCMT:utility.obj
 0003:00001770       ?module_local_at_quick_exit_table@@3U_onexit_table_t@@A 000000018005f770     LIBCMT:utility.obj
 0003:000017e0       ?heap@@3V_HeapManager@@A   000000018005f7e0     libvcruntime:undname.obj
 0003:00001810       ?__vcrt_startup_thread_ptd@@3U__vcrt_ptd@@A 000000018005f810     libvcruntime:per_thread_data.obj
 0003:00001890       __vcrt_lock_table          000000018005f890     libvcruntime:locks.obj
 0003:000018b8       __vcrt_locks_initialized   000000018005f8b8     libvcruntime:locks.obj
 0003:000018c0       ?module_handles@@3PAPEAUHINSTANCE__@@A 000000018005f8c0     libvcruntime:winapi_downlevel.obj
 0003:000018d8       ?function_pointers@@3PAPEAXA 000000018005f8d8     libvcruntime:winapi_downlevel.obj
 0003:00001900       ?c_termination_complete@@3JA 000000018005f900     libucrt:exit.obj
 0003:00001908       ?thread_local_exit_callback_func@@3P6AXPEAXK0@ZEA 000000018005f908     libucrt:exit.obj
 0003:00001910       ?c_exit_complete@?1???R<lambda_6e4b09c48022b2350581041d5f6b0c4c>@@QEBA@XZ@4_NA 000000018005f910     libucrt:exit.obj
 0003:00001920       ?program_name@?1???$common_configure_argv@D@@YAHW4_crt_argv_mode@@@Z@4PADA 000000018005f920     libucrt:argv_parsing.obj
 0003:00001a80       ?__acrt_lock_table@@3PAU_RTL_CRITICAL_SECTION@@A 000000018005fa80     libucrt:locks.obj
 0003:00001cb0       ?__acrt_locks_initialized@@3IA 000000018005fcb0     libucrt:locks.obj
 0003:00001cb8       ?__acrt_invalid_parameter_handler@@3V?$dual_state_global@P6AXPEB_W00I_K@Z@__crt_state_management@@A 000000018005fcb8     libucrt:invalid_parameter.obj
 0003:00001cd8       ?fSystemSet@@3HA           000000018005fcd8     libucrt:mbctype.obj
 0003:00001cdc       ?initialized@?1??__acrt_initialize_multibyte@@9@4_NA 000000018005fcdc     libucrt:mbctype.obj
 0003:00001d10       ?module_handles@@3PAPEAUHINSTANCE__@@A 000000018005fd10     libucrt:winapi_thunks.obj
 0003:00001dc0       ?encoded_function_pointers@@3PAPEAXA 000000018005fdc0     libucrt:winapi_thunks.obj
 0003:000022c8       ?__acrt_new_handler@@3V?$dual_state_global@P6AH_K@Z@__crt_state_management@@A 00000001800602c8     libucrt:new_handler.obj
 0003:000022d0       ?ctrlc_action@@3V?$dual_state_global@P6AXH@Z@__crt_state_management@@A 00000001800602d0     libucrt:signal.obj
 0003:000022d8       ?ctrlbreak_action@@3V?$dual_state_global@P6AXH@Z@__crt_state_management@@A 00000001800602d8     libucrt:signal.obj
 0003:000022e0       ?abort_action@@3V?$dual_state_global@P6AXH@Z@__crt_state_management@@A 00000001800602e0     libucrt:signal.obj
 0003:000022e8       ?term_action@@3V?$dual_state_global@P6AXH@Z@__crt_state_management@@A 00000001800602e8     libucrt:signal.obj
 0003:000022f0       ?user_matherr@@3V?$dual_state_global@P6AHPEAU_exception@@@Z@__crt_state_management@@A 00000001800602f0     libucrt:matherr.obj
 0003:00002320       ?internal_state@?1??_mbtowc_internal@@9@4U_Mbstatet@@A 0000000180060320     libucrt:mbtowc.obj
 0003:00002328       ?enable_percent_n@@3_KA    0000000180060328     libucrt:printf_count_output.obj
 0003:00002334       ?__acrt_global_new_mode@@3V?$dual_state_global@J@__crt_state_management@@A 0000000180060334     libucrt:new_mode.obj
 0003:00002340       ?__acrt_app_type@@3W4_crt_app_type@@A 0000000180060340     libucrt:report_runtime_error.obj
 0003:00002348       ?internal_pst@?1??__mbrtoc32_utf8@__crt_mbstring@@YA_KPEA_UPEBD_KPEAU_Mbstatet@@AEAV__crt_cached_ptd_host@@@Z@4U3@A 0000000180060348     libucrt:mbrtoc32.obj
 0003:00002350       GS_ExceptionRecord         0000000180060350     LIBCMT:gs_report.obj
 0003:000023f0       GS_ContextRecord           00000001800603f0     LIBCMT:gs_report.obj
 0005:00000000       _2il0floatpacket$19        0000000180065000     LIBCMT:svml_ssinf4_sse2.obj
 0005:00002200       _vmlsSinHATab              0000000180067200     LIBCMT:svml_s_sin_cout.obj
 0006:000000a0       $R000000                   00000001800680a0     PhysXCooking.res
 0006:000003d0       $R000330                   00000001800683d0     PhysXCooking.res
